###############################################################################
#
# IAR ELF Linker V8.40.2.214/W32 for ARM                  09/Jul/2025  09:23:55
# Copyright 2007-2019 IAR Systems AB.
#
#    Output file  =
#        D:\Project_STM32\Saoviet_Datalogger_DCU_Calib_Kalman_Filter\wm_gsm_ethernet_v3\EWARM\wm_gsm_ethernet_v3\Exe\wm_gsm_ethernet_v3.out
#    Map file     =
#        D:\Project_STM32\Saoviet_Datalogger_DCU_Calib_Kalman_Filter\wm_gsm_ethernet_v3\EWARM\wm_gsm_ethernet_v3\List\wm_gsm_ethernet_v3.map
#    Command line =
#        -f C:\Users\PC\AppData\Local\Temp\EW4B38.tmp
#        (D:\Project_STM32\Saoviet_Datalogger_DCU_Calib_Kalman_Filter\wm_gsm_ethernet_v3\EWARM\wm_gsm_ethernet_v3\Obj\adc.o
#        D:\Project_STM32\Saoviet_Datalogger_DCU_Calib_Kalman_Filter\wm_gsm_ethernet_v3\EWARM\wm_gsm_ethernet_v3\Obj\button.o
#        D:\Project_STM32\Saoviet_Datalogger_DCU_Calib_Kalman_Filter\wm_gsm_ethernet_v3\EWARM\wm_gsm_ethernet_v3\Obj\cat24mxx.o
#        D:\Project_STM32\Saoviet_Datalogger_DCU_Calib_Kalman_Filter\wm_gsm_ethernet_v3\EWARM\wm_gsm_ethernet_v3\Obj\dhcp.o
#        D:\Project_STM32\Saoviet_Datalogger_DCU_Calib_Kalman_Filter\wm_gsm_ethernet_v3\EWARM\wm_gsm_ethernet_v3\Obj\dma.o
#        D:\Project_STM32\Saoviet_Datalogger_DCU_Calib_Kalman_Filter\wm_gsm_ethernet_v3\EWARM\wm_gsm_ethernet_v3\Obj\dns.o
#        D:\Project_STM32\Saoviet_Datalogger_DCU_Calib_Kalman_Filter\wm_gsm_ethernet_v3\EWARM\wm_gsm_ethernet_v3\Obj\event_driven.o
#        D:\Project_STM32\Saoviet_Datalogger_DCU_Calib_Kalman_Filter\wm_gsm_ethernet_v3\EWARM\wm_gsm_ethernet_v3\Obj\glcd.o
#        D:\Project_STM32\Saoviet_Datalogger_DCU_Calib_Kalman_Filter\wm_gsm_ethernet_v3\EWARM\wm_gsm_ethernet_v3\Obj\gpio.o
#        D:\Project_STM32\Saoviet_Datalogger_DCU_Calib_Kalman_Filter\wm_gsm_ethernet_v3\EWARM\wm_gsm_ethernet_v3\Obj\graphics.o
#        D:\Project_STM32\Saoviet_Datalogger_DCU_Calib_Kalman_Filter\wm_gsm_ethernet_v3\EWARM\wm_gsm_ethernet_v3\Obj\graphs.o
#        D:\Project_STM32\Saoviet_Datalogger_DCU_Calib_Kalman_Filter\wm_gsm_ethernet_v3\EWARM\wm_gsm_ethernet_v3\Obj\i2c.o
#        D:\Project_STM32\Saoviet_Datalogger_DCU_Calib_Kalman_Filter\wm_gsm_ethernet_v3\EWARM\wm_gsm_ethernet_v3\Obj\lcd_display.o
#        D:\Project_STM32\Saoviet_Datalogger_DCU_Calib_Kalman_Filter\wm_gsm_ethernet_v3\EWARM\wm_gsm_ethernet_v3\Obj\level_S_YW_01B.o
#        D:\Project_STM32\Saoviet_Datalogger_DCU_Calib_Kalman_Filter\wm_gsm_ethernet_v3\EWARM\wm_gsm_ethernet_v3\Obj\level_SUP_PX261_B.o
#        D:\Project_STM32\Saoviet_Datalogger_DCU_Calib_Kalman_Filter\wm_gsm_ethernet_v3\EWARM\wm_gsm_ethernet_v3\Obj\level_ultrasonic.o
#        D:\Project_STM32\Saoviet_Datalogger_DCU_Calib_Kalman_Filter\wm_gsm_ethernet_v3\EWARM\wm_gsm_ethernet_v3\Obj\lptim.o
#        D:\Project_STM32\Saoviet_Datalogger_DCU_Calib_Kalman_Filter\wm_gsm_ethernet_v3\EWARM\wm_gsm_ethernet_v3\Obj\main.o
#        D:\Project_STM32\Saoviet_Datalogger_DCU_Calib_Kalman_Filter\wm_gsm_ethernet_v3\EWARM\wm_gsm_ethernet_v3\Obj\MQTTConnectClient.o
#        D:\Project_STM32\Saoviet_Datalogger_DCU_Calib_Kalman_Filter\wm_gsm_ethernet_v3\EWARM\wm_gsm_ethernet_v3\Obj\MQTTConnectServer.o
#        D:\Project_STM32\Saoviet_Datalogger_DCU_Calib_Kalman_Filter\wm_gsm_ethernet_v3\EWARM\wm_gsm_ethernet_v3\Obj\MQTTDeserializePublish.o
#        D:\Project_STM32\Saoviet_Datalogger_DCU_Calib_Kalman_Filter\wm_gsm_ethernet_v3\EWARM\wm_gsm_ethernet_v3\Obj\MQTTFormat.o
#        D:\Project_STM32\Saoviet_Datalogger_DCU_Calib_Kalman_Filter\wm_gsm_ethernet_v3\EWARM\wm_gsm_ethernet_v3\Obj\MQTTPacket.o
#        D:\Project_STM32\Saoviet_Datalogger_DCU_Calib_Kalman_Filter\wm_gsm_ethernet_v3\EWARM\wm_gsm_ethernet_v3\Obj\MQTTSerializePublish.o
#        D:\Project_STM32\Saoviet_Datalogger_DCU_Calib_Kalman_Filter\wm_gsm_ethernet_v3\EWARM\wm_gsm_ethernet_v3\Obj\MQTTSubscribeClient.o
#        D:\Project_STM32\Saoviet_Datalogger_DCU_Calib_Kalman_Filter\wm_gsm_ethernet_v3\EWARM\wm_gsm_ethernet_v3\Obj\MQTTSubscribeServer.o
#        D:\Project_STM32\Saoviet_Datalogger_DCU_Calib_Kalman_Filter\wm_gsm_ethernet_v3\EWARM\wm_gsm_ethernet_v3\Obj\MQTTUnsubscribeClient.o
#        D:\Project_STM32\Saoviet_Datalogger_DCU_Calib_Kalman_Filter\wm_gsm_ethernet_v3\EWARM\wm_gsm_ethernet_v3\Obj\MQTTUnsubscribeServer.o
#        D:\Project_STM32\Saoviet_Datalogger_DCU_Calib_Kalman_Filter\wm_gsm_ethernet_v3\EWARM\wm_gsm_ethernet_v3\Obj\NT75451.o
#        D:\Project_STM32\Saoviet_Datalogger_DCU_Calib_Kalman_Filter\wm_gsm_ethernet_v3\EWARM\wm_gsm_ethernet_v3\Obj\onchipflash.o
#        D:\Project_STM32\Saoviet_Datalogger_DCU_Calib_Kalman_Filter\wm_gsm_ethernet_v3\EWARM\wm_gsm_ethernet_v3\Obj\PCD8544.o
#        D:\Project_STM32\Saoviet_Datalogger_DCU_Calib_Kalman_Filter\wm_gsm_ethernet_v3\EWARM\wm_gsm_ethernet_v3\Obj\queue_p.o
#        D:\Project_STM32\Saoviet_Datalogger_DCU_Calib_Kalman_Filter\wm_gsm_ethernet_v3\EWARM\wm_gsm_ethernet_v3\Obj\rtc.o
#        D:\Project_STM32\Saoviet_Datalogger_DCU_Calib_Kalman_Filter\wm_gsm_ethernet_v3\EWARM\wm_gsm_ethernet_v3\Obj\S25FL216K.o
#        D:\Project_STM32\Saoviet_Datalogger_DCU_Calib_Kalman_Filter\wm_gsm_ethernet_v3\EWARM\wm_gsm_ethernet_v3\Obj\socket.o
#        D:\Project_STM32\Saoviet_Datalogger_DCU_Calib_Kalman_Filter\wm_gsm_ethernet_v3\EWARM\wm_gsm_ethernet_v3\Obj\spi.o
#        D:\Project_STM32\Saoviet_Datalogger_DCU_Calib_Kalman_Filter\wm_gsm_ethernet_v3\EWARM\wm_gsm_ethernet_v3\Obj\ST7565R.o
#        D:\Project_STM32\Saoviet_Datalogger_DCU_Calib_Kalman_Filter\wm_gsm_ethernet_v3\EWARM\wm_gsm_ethernet_v3\Obj\startup_stm32l496xx.o
#        D:\Project_STM32\Saoviet_Datalogger_DCU_Calib_Kalman_Filter\wm_gsm_ethernet_v3\EWARM\wm_gsm_ethernet_v3\Obj\STM32F0xx.o
#        D:\Project_STM32\Saoviet_Datalogger_DCU_Calib_Kalman_Filter\wm_gsm_ethernet_v3\EWARM\wm_gsm_ethernet_v3\Obj\STM32F10x.o
#        D:\Project_STM32\Saoviet_Datalogger_DCU_Calib_Kalman_Filter\wm_gsm_ethernet_v3\EWARM\wm_gsm_ethernet_v3\Obj\STM32F4.o
#        D:\Project_STM32\Saoviet_Datalogger_DCU_Calib_Kalman_Filter\wm_gsm_ethernet_v3\EWARM\wm_gsm_ethernet_v3\Obj\STM32L4.o
#        D:\Project_STM32\Saoviet_Datalogger_DCU_Calib_Kalman_Filter\wm_gsm_ethernet_v3\EWARM\wm_gsm_ethernet_v3\Obj\stm32l4xx_hal.o
#        D:\Project_STM32\Saoviet_Datalogger_DCU_Calib_Kalman_Filter\wm_gsm_ethernet_v3\EWARM\wm_gsm_ethernet_v3\Obj\stm32l4xx_hal_adc.o
#        D:\Project_STM32\Saoviet_Datalogger_DCU_Calib_Kalman_Filter\wm_gsm_ethernet_v3\EWARM\wm_gsm_ethernet_v3\Obj\stm32l4xx_hal_adc_ex.o
#        D:\Project_STM32\Saoviet_Datalogger_DCU_Calib_Kalman_Filter\wm_gsm_ethernet_v3\EWARM\wm_gsm_ethernet_v3\Obj\stm32l4xx_hal_cortex.o
#        D:\Project_STM32\Saoviet_Datalogger_DCU_Calib_Kalman_Filter\wm_gsm_ethernet_v3\EWARM\wm_gsm_ethernet_v3\Obj\stm32l4xx_hal_dma.o
#        D:\Project_STM32\Saoviet_Datalogger_DCU_Calib_Kalman_Filter\wm_gsm_ethernet_v3\EWARM\wm_gsm_ethernet_v3\Obj\stm32l4xx_hal_dma_ex.o
#        D:\Project_STM32\Saoviet_Datalogger_DCU_Calib_Kalman_Filter\wm_gsm_ethernet_v3\EWARM\wm_gsm_ethernet_v3\Obj\stm32l4xx_hal_exti.o
#        D:\Project_STM32\Saoviet_Datalogger_DCU_Calib_Kalman_Filter\wm_gsm_ethernet_v3\EWARM\wm_gsm_ethernet_v3\Obj\stm32l4xx_hal_flash.o
#        D:\Project_STM32\Saoviet_Datalogger_DCU_Calib_Kalman_Filter\wm_gsm_ethernet_v3\EWARM\wm_gsm_ethernet_v3\Obj\stm32l4xx_hal_flash_ex.o
#        D:\Project_STM32\Saoviet_Datalogger_DCU_Calib_Kalman_Filter\wm_gsm_ethernet_v3\EWARM\wm_gsm_ethernet_v3\Obj\stm32l4xx_hal_flash_ramfunc.o
#        D:\Project_STM32\Saoviet_Datalogger_DCU_Calib_Kalman_Filter\wm_gsm_ethernet_v3\EWARM\wm_gsm_ethernet_v3\Obj\stm32l4xx_hal_gpio.o
#        D:\Project_STM32\Saoviet_Datalogger_DCU_Calib_Kalman_Filter\wm_gsm_ethernet_v3\EWARM\wm_gsm_ethernet_v3\Obj\stm32l4xx_hal_i2c.o
#        D:\Project_STM32\Saoviet_Datalogger_DCU_Calib_Kalman_Filter\wm_gsm_ethernet_v3\EWARM\wm_gsm_ethernet_v3\Obj\stm32l4xx_hal_i2c_ex.o
#        D:\Project_STM32\Saoviet_Datalogger_DCU_Calib_Kalman_Filter\wm_gsm_ethernet_v3\EWARM\wm_gsm_ethernet_v3\Obj\stm32l4xx_hal_lptim.o
#        D:\Project_STM32\Saoviet_Datalogger_DCU_Calib_Kalman_Filter\wm_gsm_ethernet_v3\EWARM\wm_gsm_ethernet_v3\Obj\stm32l4xx_hal_msp.o
#        D:\Project_STM32\Saoviet_Datalogger_DCU_Calib_Kalman_Filter\wm_gsm_ethernet_v3\EWARM\wm_gsm_ethernet_v3\Obj\stm32l4xx_hal_pwr.o
#        D:\Project_STM32\Saoviet_Datalogger_DCU_Calib_Kalman_Filter\wm_gsm_ethernet_v3\EWARM\wm_gsm_ethernet_v3\Obj\stm32l4xx_hal_pwr_ex.o
#        D:\Project_STM32\Saoviet_Datalogger_DCU_Calib_Kalman_Filter\wm_gsm_ethernet_v3\EWARM\wm_gsm_ethernet_v3\Obj\stm32l4xx_hal_rcc.o
#        D:\Project_STM32\Saoviet_Datalogger_DCU_Calib_Kalman_Filter\wm_gsm_ethernet_v3\EWARM\wm_gsm_ethernet_v3\Obj\stm32l4xx_hal_rcc_ex.o
#        D:\Project_STM32\Saoviet_Datalogger_DCU_Calib_Kalman_Filter\wm_gsm_ethernet_v3\EWARM\wm_gsm_ethernet_v3\Obj\stm32l4xx_hal_rtc.o
#        D:\Project_STM32\Saoviet_Datalogger_DCU_Calib_Kalman_Filter\wm_gsm_ethernet_v3\EWARM\wm_gsm_ethernet_v3\Obj\stm32l4xx_hal_rtc_ex.o
#        D:\Project_STM32\Saoviet_Datalogger_DCU_Calib_Kalman_Filter\wm_gsm_ethernet_v3\EWARM\wm_gsm_ethernet_v3\Obj\stm32l4xx_hal_spi.o
#        D:\Project_STM32\Saoviet_Datalogger_DCU_Calib_Kalman_Filter\wm_gsm_ethernet_v3\EWARM\wm_gsm_ethernet_v3\Obj\stm32l4xx_hal_spi_ex.o
#        D:\Project_STM32\Saoviet_Datalogger_DCU_Calib_Kalman_Filter\wm_gsm_ethernet_v3\EWARM\wm_gsm_ethernet_v3\Obj\stm32l4xx_hal_tim.o
#        D:\Project_STM32\Saoviet_Datalogger_DCU_Calib_Kalman_Filter\wm_gsm_ethernet_v3\EWARM\wm_gsm_ethernet_v3\Obj\stm32l4xx_hal_tim_ex.o
#        D:\Project_STM32\Saoviet_Datalogger_DCU_Calib_Kalman_Filter\wm_gsm_ethernet_v3\EWARM\wm_gsm_ethernet_v3\Obj\stm32l4xx_hal_uart.o
#        D:\Project_STM32\Saoviet_Datalogger_DCU_Calib_Kalman_Filter\wm_gsm_ethernet_v3\EWARM\wm_gsm_ethernet_v3\Obj\stm32l4xx_hal_uart_ex.o
#        D:\Project_STM32\Saoviet_Datalogger_DCU_Calib_Kalman_Filter\wm_gsm_ethernet_v3\EWARM\wm_gsm_ethernet_v3\Obj\stm32l4xx_it.o
#        D:\Project_STM32\Saoviet_Datalogger_DCU_Calib_Kalman_Filter\wm_gsm_ethernet_v3\EWARM\wm_gsm_ethernet_v3\Obj\system_stm32l4xx.o
#        D:\Project_STM32\Saoviet_Datalogger_DCU_Calib_Kalman_Filter\wm_gsm_ethernet_v3\EWARM\wm_gsm_ethernet_v3\Obj\text.o
#        D:\Project_STM32\Saoviet_Datalogger_DCU_Calib_Kalman_Filter\wm_gsm_ethernet_v3\EWARM\wm_gsm_ethernet_v3\Obj\text_tiny.o
#        D:\Project_STM32\Saoviet_Datalogger_DCU_Calib_Kalman_Filter\wm_gsm_ethernet_v3\EWARM\wm_gsm_ethernet_v3\Obj\tim.o
#        D:\Project_STM32\Saoviet_Datalogger_DCU_Calib_Kalman_Filter\wm_gsm_ethernet_v3\EWARM\wm_gsm_ethernet_v3\Obj\unit_tests.o
#        D:\Project_STM32\Saoviet_Datalogger_DCU_Calib_Kalman_Filter\wm_gsm_ethernet_v3\EWARM\wm_gsm_ethernet_v3\Obj\usart.o
#        D:\Project_STM32\Saoviet_Datalogger_DCU_Calib_Kalman_Filter\wm_gsm_ethernet_v3\EWARM\wm_gsm_ethernet_v3\Obj\user_adc.o
#        D:\Project_STM32\Saoviet_Datalogger_DCU_Calib_Kalman_Filter\wm_gsm_ethernet_v3\EWARM\wm_gsm_ethernet_v3\Obj\user_adv_trace.o
#        D:\Project_STM32\Saoviet_Datalogger_DCU_Calib_Kalman_Filter\wm_gsm_ethernet_v3\EWARM\wm_gsm_ethernet_v3\Obj\user_app_comm.o
#        D:\Project_STM32\Saoviet_Datalogger_DCU_Calib_Kalman_Filter\wm_gsm_ethernet_v3\EWARM\wm_gsm_ethernet_v3\Obj\user_app_ethernet.o
#        D:\Project_STM32\Saoviet_Datalogger_DCU_Calib_Kalman_Filter\wm_gsm_ethernet_v3\EWARM\wm_gsm_ethernet_v3\Obj\user_app_mem.o
#        D:\Project_STM32\Saoviet_Datalogger_DCU_Calib_Kalman_Filter\wm_gsm_ethernet_v3\EWARM\wm_gsm_ethernet_v3\Obj\user_app_rs485.o
#        D:\Project_STM32\Saoviet_Datalogger_DCU_Calib_Kalman_Filter\wm_gsm_ethernet_v3\EWARM\wm_gsm_ethernet_v3\Obj\user_app_sensor.o
#        D:\Project_STM32\Saoviet_Datalogger_DCU_Calib_Kalman_Filter\wm_gsm_ethernet_v3\EWARM\wm_gsm_ethernet_v3\Obj\user_app_sim.o
#        D:\Project_STM32\Saoviet_Datalogger_DCU_Calib_Kalman_Filter\wm_gsm_ethernet_v3\EWARM\wm_gsm_ethernet_v3\Obj\user_app_sms_call.o
#        D:\Project_STM32\Saoviet_Datalogger_DCU_Calib_Kalman_Filter\wm_gsm_ethernet_v3\EWARM\wm_gsm_ethernet_v3\Obj\user_app_wm.o
#        D:\Project_STM32\Saoviet_Datalogger_DCU_Calib_Kalman_Filter\wm_gsm_ethernet_v3\EWARM\wm_gsm_ethernet_v3\Obj\user_at_serial.o
#        D:\Project_STM32\Saoviet_Datalogger_DCU_Calib_Kalman_Filter\wm_gsm_ethernet_v3\EWARM\wm_gsm_ethernet_v3\Obj\user_convert_variable.o
#        D:\Project_STM32\Saoviet_Datalogger_DCU_Calib_Kalman_Filter\wm_gsm_ethernet_v3\EWARM\wm_gsm_ethernet_v3\Obj\user_ec200u.o
#        D:\Project_STM32\Saoviet_Datalogger_DCU_Calib_Kalman_Filter\wm_gsm_ethernet_v3\EWARM\wm_gsm_ethernet_v3\Obj\user_internal_mem.o
#        D:\Project_STM32\Saoviet_Datalogger_DCU_Calib_Kalman_Filter\wm_gsm_ethernet_v3\EWARM\wm_gsm_ethernet_v3\Obj\user_json.o
#        D:\Project_STM32\Saoviet_Datalogger_DCU_Calib_Kalman_Filter\wm_gsm_ethernet_v3\EWARM\wm_gsm_ethernet_v3\Obj\user_l506.o
#        D:\Project_STM32\Saoviet_Datalogger_DCU_Calib_Kalman_Filter\wm_gsm_ethernet_v3\EWARM\wm_gsm_ethernet_v3\Obj\user_l511.o
#        D:\Project_STM32\Saoviet_Datalogger_DCU_Calib_Kalman_Filter\wm_gsm_ethernet_v3\EWARM\wm_gsm_ethernet_v3\Obj\user_log.o
#        D:\Project_STM32\Saoviet_Datalogger_DCU_Calib_Kalman_Filter\wm_gsm_ethernet_v3\EWARM\wm_gsm_ethernet_v3\Obj\user_lpm.o
#        D:\Project_STM32\Saoviet_Datalogger_DCU_Calib_Kalman_Filter\wm_gsm_ethernet_v3\EWARM\wm_gsm_ethernet_v3\Obj\user_lptim.o
#        D:\Project_STM32\Saoviet_Datalogger_DCU_Calib_Kalman_Filter\wm_gsm_ethernet_v3\EWARM\wm_gsm_ethernet_v3\Obj\user_mem_comm.o
#        D:\Project_STM32\Saoviet_Datalogger_DCU_Calib_Kalman_Filter\wm_gsm_ethernet_v3\EWARM\wm_gsm_ethernet_v3\Obj\user_modbus_rtu.o
#        D:\Project_STM32\Saoviet_Datalogger_DCU_Calib_Kalman_Filter\wm_gsm_ethernet_v3\EWARM\wm_gsm_ethernet_v3\Obj\user_modem.o
#        D:\Project_STM32\Saoviet_Datalogger_DCU_Calib_Kalman_Filter\wm_gsm_ethernet_v3\EWARM\wm_gsm_ethernet_v3\Obj\user_mqtt.o
#        D:\Project_STM32\Saoviet_Datalogger_DCU_Calib_Kalman_Filter\wm_gsm_ethernet_v3\EWARM\wm_gsm_ethernet_v3\Obj\user_obis_sv.o
#        D:\Project_STM32\Saoviet_Datalogger_DCU_Calib_Kalman_Filter\wm_gsm_ethernet_v3\EWARM\wm_gsm_ethernet_v3\Obj\user_rs485.o
#        D:\Project_STM32\Saoviet_Datalogger_DCU_Calib_Kalman_Filter\wm_gsm_ethernet_v3\EWARM\wm_gsm_ethernet_v3\Obj\user_rtc.o
#        D:\Project_STM32\Saoviet_Datalogger_DCU_Calib_Kalman_Filter\wm_gsm_ethernet_v3\EWARM\wm_gsm_ethernet_v3\Obj\user_sim.o
#        D:\Project_STM32\Saoviet_Datalogger_DCU_Calib_Kalman_Filter\wm_gsm_ethernet_v3\EWARM\wm_gsm_ethernet_v3\Obj\user_sim_common.o
#        D:\Project_STM32\Saoviet_Datalogger_DCU_Calib_Kalman_Filter\wm_gsm_ethernet_v3\EWARM\wm_gsm_ethernet_v3\Obj\user_string.o
#        D:\Project_STM32\Saoviet_Datalogger_DCU_Calib_Kalman_Filter\wm_gsm_ethernet_v3\EWARM\wm_gsm_ethernet_v3\Obj\user_time.o
#        D:\Project_STM32\Saoviet_Datalogger_DCU_Calib_Kalman_Filter\wm_gsm_ethernet_v3\EWARM\wm_gsm_ethernet_v3\Obj\user_timer.o
#        D:\Project_STM32\Saoviet_Datalogger_DCU_Calib_Kalman_Filter\wm_gsm_ethernet_v3\EWARM\wm_gsm_ethernet_v3\Obj\user_tiny_vsnprintf.o
#        D:\Project_STM32\Saoviet_Datalogger_DCU_Calib_Kalman_Filter\wm_gsm_ethernet_v3\EWARM\wm_gsm_ethernet_v3\Obj\user_uart.o
#        D:\Project_STM32\Saoviet_Datalogger_DCU_Calib_Kalman_Filter\wm_gsm_ethernet_v3\EWARM\wm_gsm_ethernet_v3\Obj\user_util.o
#        D:\Project_STM32\Saoviet_Datalogger_DCU_Calib_Kalman_Filter\wm_gsm_ethernet_v3\EWARM\wm_gsm_ethernet_v3\Obj\user_wm_digital.o
#        D:\Project_STM32\Saoviet_Datalogger_DCU_Calib_Kalman_Filter\wm_gsm_ethernet_v3\EWARM\wm_gsm_ethernet_v3\Obj\w5500.o
#        D:\Project_STM32\Saoviet_Datalogger_DCU_Calib_Kalman_Filter\wm_gsm_ethernet_v3\EWARM\wm_gsm_ethernet_v3\Obj\wizchip_conf.o
#        D:\Project_STM32\Saoviet_Datalogger_DCU_Calib_Kalman_Filter\wm_gsm_ethernet_v3\EWARM\wm_gsm_ethernet_v3\Obj\wm_mt100.o
#        D:\Project_STM32\Saoviet_Datalogger_DCU_Calib_Kalman_Filter\wm_gsm_ethernet_v3\EWARM\wm_gsm_ethernet_v3\Obj\woteck_wm.o
#        --no_out_extension -o
#        D:\Project_STM32\Saoviet_Datalogger_DCU_Calib_Kalman_Filter\wm_gsm_ethernet_v3\EWARM\wm_gsm_ethernet_v3\Exe\wm_gsm_ethernet_v3.out
#        --redirect _Printf=_PrintfFullNoMb --redirect _Scanf=_ScanfFullNoMb
#        --map
#        D:\Project_STM32\Saoviet_Datalogger_DCU_Calib_Kalman_Filter\wm_gsm_ethernet_v3\EWARM\wm_gsm_ethernet_v3\List\wm_gsm_ethernet_v3.map
#        --config
#        D:\Project_STM32\Saoviet_Datalogger_DCU_Calib_Kalman_Filter\wm_gsm_ethernet_v3\EWARM/stm32l496xx_flash.icf
#        --semihosting --entry __iar_program_start --vfe --text_out locale)
#
###############################################################################

*******************************************************************************
*** RUNTIME MODEL ATTRIBUTES
***

CppFlavor       = *
__Heap_Handler  = DLMalloc
__SystemLibrary = DLib
__dlib_version  = 6


*******************************************************************************
*** HEAP SELECTION
***

The advanced heap was selected because the application calls memory
allocation functions outside of system library functions, and there
are calls to deallocation functions in the application.


*******************************************************************************
*** PLACEMENT SUMMARY
***

"A0":  place at address 0x800'4000 { ro section .intvec };
"P1":  place in [from 0x800'0000 to 0x80f'ffff] { ro };
define block CSTACK with size = 2K, alignment = 8 { };
define block HEAP with size = 512, alignment = 8 { };
"P2":  place in [from 0x2000'0000 to 0x2004'ffff] {
          rw, block CSTACK, block HEAP };
initialize by copy { rw };

  Section            Kind         Address      Size  Object
  -------            ----         -------      ----  ------
"A0":                                         0x1ac
  .intvec            ro code   0x800'4000     0x1ac  startup_stm32l496xx.o [1]
                             - 0x800'41ac     0x1ac

"P1":                                      0x2'e172
  .text              ro code   0x800'41ac    0x38bc  user_app_wm.o [1]
  .text              ro code   0x800'7a68     0x32c  user_timer.o [1]
  .text              ro code   0x800'7d94       0xc  stm32l4xx_hal.o [1]
  .text              ro code   0x800'7da0      0x4a  event_driven.o [1]
  .text              ro code   0x800'7dea      0x3a  zero_init3.o [4]
  .text              ro code   0x800'7e24     0x64a  user_util.o [1]
  .text              ro code   0x800'846e       0xa  xsprout.o [2]
  .text              ro code   0x800'8478     0x29c  user_time.o [1]
  .text              ro code   0x800'8714     0x2da  user_adv_trace.o [1]
  .rodata            const     0x800'89ee       0x2  user_app_wm.o [1]
  .text              ro code   0x800'89f0     0x158  user_lptim.o [1]
  .text              ro code   0x800'8b48    0x2034  user_app_ethernet.o [1]
  .text              ro code   0x800'ab7c     0xf80  user_app_sim.o [1]
  .text              ro code   0x800'bafc      0x66  ABImemset.o [4]
  .rodata            const     0x800'bb62       0x2  user_ec200u.o [1]
  .text              ro code   0x800'bb64      0x40  sprintf.o [2]
  .text              ro code   0x800'bba4      0x48  FltToDbl.o [3]
  .text              ro code   0x800'bbec      0x3a  DblToS32.o [3]
  .rodata            const     0x800'bc26       0x2  user_ec200u.o [1]
  .text              ro code   0x800'bc28     0x3c8  stm32l4xx_hal_gpio.o [1]
  .text              ro code   0x800'bff0     0x564  user_rs485.o [1]
  .text              ro code   0x800'c554     0x380  user_wm_digital.o [1]
  .text              ro code   0x800'c8d4     0x14c  user_adc.o [1]
  .text              ro code   0x800'ca20     0x998  user_app_comm.o [1]
  .text              ro code   0x800'd3b8      0x2e  DblCmpLe.o [3]
  .rodata            const     0x800'd3e6       0x2  xlocale_c.o [2]
  .text              ro code   0x800'd3e8      0xe2  DblSub.o [3]
  .rodata            const     0x800'd4ca       0x2  xlocale_c.o [2]
  .text              ro code   0x800'd4cc     0x1a2  DblMul.o [3]
  .rodata            const     0x800'd66e       0x1  xlocale_c.o [2]
  .text              ro code   0x800'd670     0x246  DblDiv.o [3]
  .text              ro code   0x800'd8b8     0x17a  DblAdd.o [3]
  .text              ro code   0x800'da34     0x1f8  onchipflash.o [1]
  .text              ro code   0x800'dc2c    0x1284  user_app_mem.o [1]
  .text              ro code   0x800'eeb0      0x36  strlen.o [4]
  .text              ro code   0x800'eee8      0xa6  ABImemcpy.o [4]
  .text              ro code   0x800'ef90      0x22  S32ToDbl.o [3]
  .text              ro code   0x800'efb2     0x28a  user_obis_sv.o [1]
  .text              ro code   0x800'f23c     0x3c4  user_convert_variable.o [1]
  .text              ro code   0x800'f600      0x68  DblToFlt.o [3]
  .text              ro code   0x800'f668      0x1e  math_wrappers64.o [3]
  .text              ro code   0x800'f688      0x1a  U32ToDbl.o [3]
  .text              ro code   0x800'f6a4     0x14c  iar_Stoulx.o [2]
  .text              ro code   0x800'f7f0    0x14dc  dlmalloc.o [2]
  .text              ro code   0x801'0ccc       0x4  heaptramp0.o [2]
  .text              ro code   0x801'0cd0     0x230  I64DivMod.o [4]
  .text              ro code   0x801'0f00     0x736  stm32l4xx_hal_rtc.o [1]
  .text              ro code   0x801'1638     0x2d8  user_tiny_vsnprintf.o [1]
  .text              ro code   0x801'1910       0x2  user_adv_trace.o [1]
  .text              ro code   0x801'1914     0x18c  stm32l4xx_hal_lptim.o [1]
  .text              ro code   0x801'1aa0     0x37c  stm32l4xx_hal_tim.o [1]
  .text              ro code   0x801'1e1c       0x8  abs.o [2]
  .text              ro code   0x801'1e24     0x424  w5500.o [1]
  .text              ro code   0x801'2248    0x2d20  user_modem.o [1]
  .text              ro code   0x801'4f68    0x10f4  dhcp.o [1]
  .text              ro code   0x801'605c     0x4d0  dns.o [1]
  .text              ro code   0x801'652c     0x16a  queue_p.o [1]
  .text              ro code   0x801'6698     0xc8c  socket.o [1]
  .text              ro code   0x801'7324     0xc92  user_mqtt.o [1]
  .text              ro code   0x801'7fb6     0x2a6  user_string.o [1]
  .text              ro code   0x801'825c     0x7e2  stm32l4xx_hal_spi.o [1]
  .text              ro code   0x801'8a40     0x6be  wizchip_conf.o [1]
  .text              ro code   0x801'9100      0x4c  strtok.o [2]
  .text              ro code   0x801'914c     0x1b0  stm32l4xx_hal_flash.o [1]
  .text              ro code   0x801'92fc      0x28  stm32l4xx_hal.o [1]
  .text              ro code   0x801'9324     0x96e  user_sim_common.o [1]
  .text              ro code   0x801'9c94     0x828  user_sim.o [1]
  .text              ro code   0x801'a4bc     0x982  user_ec200u.o [1]
  .text              ro code   0x801'ae40     0xd64  stm32l4xx_hal_uart.o [1]
  .text              ro code   0x801'bba4     0xfc6  xprintffull_nomb.o [2]
  .text              ro code   0x801'cb6a      0x66  stm32l4xx_hal_uart_ex.o [1]
  .text              ro code   0x801'cbd0     0x15c  stm32l4xx_hal_cortex.o [1]
  .text              ro code   0x801'cd2c     0x180  user_modbus_rtu.o [1]
  .text              ro code   0x801'ceac      0xf0  main.o [1]
  .text              ro code   0x801'cf9c     0x20c  wm_mt100.o [1]
  .text              ro code   0x801'd1a8     0xe6a  stm32l4xx_hal_adc.o [1]
  .text              ro code   0x801'e014     0x1ec  stm32l4xx_hal_adc_ex.o [1]
  .text              ro code   0x801'e200     0x168  user_uart.o [1]
  .text              ro code   0x801'e368     0x154  user_lpm.o [1]
  .text              ro code   0x801'e4bc    0x1c50  user_app_rs485.o [1]
  .text              ro code   0x802'010c    0x2320  user_app_sensor.o [1]
  .text              ro code   0x802'242c    0x130c  lcd_display.o [1]
  .text              ro code   0x802'3738     0x978  stm32l4xx_hal_rcc.o [1]
  .text              ro code   0x802'40b0     0x520  usart.o [1]
  .text              ro code   0x802'45d0      0xb4  stm32l4xx_hal_flash_ex.o [1]
  .text              ro code   0x802'4684     0x110  user_internal_mem.o [1]
  .text              ro code   0x802'4794     0x328  cat24mxx.o [1]
  .text              ro code   0x802'4abc     0x4f8  strto64.o [3]
  .text              ro code   0x802'4fb4     0x6ec  pow64.o [3]
  .text              ro code   0x802'56a0      0x14  isspace.o [2]
  .text              ro code   0x802'56b4      0x14  tolower.o [2]
  .text              ro code   0x802'56c8      0x58  memchr.o [4]
  .text              ro code   0x802'5720       0x6  abort.o [2]
  .text              ro code   0x802'5728      0x2c  xgetmemchunk.o [2]
  .text              ro code   0x802'5754       0x6  ABImemclr.o [4]
  .text              ro code   0x802'575c       0x2  I64DivZer.o [4]
  .text              ro code   0x802'5760      0x58  rtc.o [1]
  .text              ro code   0x802'57b8     0x358  user_rtc.o [1]
  .text              ro code   0x802'5b10       0x2  stm32l4xx_hal_rtc_ex.o [1]
  .text              ro code   0x802'5b14     0x194  lptim.o [1]
  .text              ro code   0x802'5ca8     0x1dc  tim.o [1]
  .text              ro code   0x802'5e84      0x14  memset.o [4]
  .text              ro code   0x802'5e98      0x18  strcpy.o [4]
  .text              ro code   0x802'5eb0      0x70  strncpy.o [4]
  .text              ro code   0x802'5f20      0x16  strchr.o [4]
  .text              ro code   0x802'5f38      0xc8  MQTTSerializePublish.o [1]
  .text              ro code   0x802'6000       0x6  ABImemclr4.o [4]
  .text              ro code   0x802'6008      0xe0  MQTTSubscribeClient.o [1]
  .text              ro code   0x802'60e8     0x1f0  MQTTConnectClient.o [1]
  .text              ro code   0x802'62d8     0x16c  spi.o [1]
  .text              ro code   0x802'6444      0x22  strspn.o [2]
  .text              ro code   0x802'6466      0x22  strcspn.o [2]
  .text              ro code   0x802'6488      0x2c  strstr.o [2]
  .text              ro code   0x802'64b4     0x3fe  stm32l4xx_hal_dma.o [1]
  .text              ro code   0x802'68b2       0x2  stm32l4xx_hal_uart.o [1]
  .text              ro code   0x802'68b4       0x2  stm32l4xx_hal_uart.o [1]
  .text              ro code   0x802'68b8      0x40  xfail_s.o [2]
  .text              ro code   0x802'68f8      0x70  frexp.o [3]
  .text              ro code   0x802'6968      0x2e  DblCmpGe.o [3]
  .text              ro code   0x802'6998     0x13a  ldexp.o [3]
  .text              ro code   0x802'6ad4      0x28  DblToU32.o [3]
  .text              ro code   0x802'6afc      0x4c  xlocale_c.o [2]
  .text              ro code   0x802'6b48      0x4c  stm32l4xx_hal.o [1]
  .text              ro code   0x802'6b94     0x370  gpio.o [1]
  .text              ro code   0x802'6f04      0x70  dma.o [1]
  .text              ro code   0x802'6f74     0x1d8  adc.o [1]
  .text              ro code   0x802'714c      0xf4  i2c.o [1]
  .text              ro code   0x802'7240     0x108  stm32l4xx_hal_pwr_ex.o [1]
  .text              ro code   0x802'7348      0x78  stm32l4xx_hal_pwr.o [1]
  .text              ro code   0x802'73c0      0x10  stm32l4xx_hal.o [1]
  .text              ro code   0x802'73d0      0x10  stm32l4xx_hal.o [1]
  .text              ro code   0x802'73e0      0xac  STM32L4.o [1]
  .text              ro code   0x802'748c     0x270  text_tiny.o [1]
  .text              ro code   0x802'76fc      0x14  unit_tests.o [1]
  .text              ro code   0x802'7710      0xdc  glcd.o [1]
  .text              ro code   0x802'77ec     0x378  text.o [1]
  .text              ro code   0x802'7b64     0x28c  graphics.o [1]
  .text              ro code   0x802'7df0     0x150  ST7565R.o [1]
  .text              ro code   0x802'7f40    0x2774  button.o [1]
  .text              ro code   0x802'a6b4      0x5c  stm32l4xx_hal.o [1]
  .text              ro code   0x802'a710     0x704  stm32l4xx_hal_rcc_ex.o [1]
  .text              ro code   0x802'ae14     0x820  stm32l4xx_hal_i2c.o [1]
  .text              ro code   0x802'b634     0x122  iar_Stopfx.o [2]
  .text              ro code   0x802'b758     0x1b8  iar_Stoflt.o [2]
  .text              ro code   0x802'b910     0x208  iar_Stoxflt.o [2]
  .text              ro code   0x802'bb18      0x20  DblCmpEq.o [3]
  .text              ro code   0x802'bb38     0x3e8  iar_Exp64.o [3]
  .text              ro code   0x802'bf20      0x14  exit.o [5]
  .text              ro code   0x802'bf34      0x46  stm32l4xx_hal_rtc_ex.o [1]
  .text              ro code   0x802'bf7c      0xb4  stm32l4xx_hal_tim_ex.o [1]
  .text              ro code   0x802'c030     0x108  MQTTPacket.o [1]
  .text              ro code   0x802'c138      0x32  ABImemset48.o [4]
  .text              ro code   0x802'c16c      0x38  stm32l4xx_hal_msp.o [1]
  .text              ro code   0x802'c1a4      0xbe  stm32l4xx_hal_i2c_ex.o [1]
  .text              ro code   0x802'c262      0x14  isalpha.o [2]
  .rodata            const     0x802'c278     0x760  user_ec200u.o [1]
  .rodata            const     0x802'c9d8     0x548  lcd_display.o [1]
  .rodata            const     0x802'cf20      0x64  user_app_sensor.o [1]
  .rodata            const     0x802'cf88     0x420  pow64.o [3]
  .rodata            const     0x802'd3a8     0x400  unit_tests.o [1]
  .rodata            const     0x802'd7a8     0x214  lcd_display.o [1]
  .rodata            const     0x802'd9bc     0x1d0  user_mqtt.o [1]
  .text              ro code   0x802'db8c     0x1b4  woteck_wm.o [1]
  .text              ro code   0x802'dd40      0xe0  stm32l4xx_it.o [1]
  .text              ro code   0x802'de20      0x18  stm32l4xx_hal.o [1]
  .rodata            const     0x802'de38      0xd0  user_ec200u.o [1]
  .text              ro code   0x802'df08      0xcc  user_log.o [1]
  .rodata            const     0x802'dfd4      0xc8  user_modem.o [1]
  .rodata            const     0x802'e09c      0xc8  user_modem.o [1]
  .rodata            const     0x802'e164      0xb0  user_mqtt.o [1]
  .rodata            const     0x802'e214      0x78  user_modem.o [1]
  .text              ro code   0x802'e28c      0x78  lz77_init_single.o [4]
  .rodata            const     0x802'e304      0x64  user_app_sensor.o [1]
  .rodata            const     0x802'e368      0x64  user_app_sensor.o [1]
  .text              ro code   0x802'e3cc      0x58  level_S_YW_01B.o [1]
  .rodata            const     0x802'e424      0x50  user_app_rs485.o [1]
  .rodata            const     0x802'e474      0x50  user_app_rs485.o [1]
  .rodata            const     0x802'e4c4      0x50  iar_Stoulx.o [2]
  .rodata            const     0x802'e514      0x3c  user_app_ethernet.o [1]
  .rodata            const     0x802'e550      0x48  strto64.o [3]
  .text              ro code   0x802'e598      0x48  level_SUP_PX261_B.o [1]
  .rodata            const     0x802'e5e0      0x3c  user_app_rs485.o [1]
  .rodata            const     0x802'e61c      0x38  user_app_wm.o [1]
  .rodata            const     0x802'e654      0x34  user_app_ethernet.o [1]
  .rodata            const     0x802'e688      0x34  user_app_sensor.o [1]
  .rodata            const     0x802'e6bc      0x34  user_app_sensor.o [1]
  .rodata            const     0x802'e6f0      0x34  user_app_sensor.o [1]
  .rodata            const     0x802'e724      0x34  user_app_sensor.o [1]
  .rodata            const     0x802'e758      0x30  system_stm32l4xx.o [1]
  .rodata            const     0x802'e788      0x30  user_ec200u.o [1]
  .rodata            const     0x802'e7b8      0x30  user_ec200u.o [1]
  .rodata            const     0x802'e7e8      0x2c  user_app_comm.o [1]
  .rodata            const     0x802'e814      0x2c  user_rtc.o [1]
  .rodata            const     0x802'e840      0x28  user_app_ethernet.o [1]
  .rodata            const     0x802'e868      0x28  user_app_mem.o [1]
  .rodata            const     0x802'e890      0x28  user_app_mem.o [1]
  .rodata            const     0x802'e8b8      0x28  user_app_sim.o [1]
  .rodata            const     0x802'e8e0      0x28  user_app_wm.o [1]
  .rodata            const     0x802'e908      0x28  user_ec200u.o [1]
  .rodata            const     0x802'e930      0x28  user_ec200u.o [1]
  .rodata            const     0x802'e958      0x28  user_ec200u.o [1]
  .rodata            const     0x802'e980      0x28  user_modem.o [1]
  .rodata            const     0x802'e9a8      0x28  user_tiny_vsnprintf.o [1]
  .rodata            const     0x802'e9d0      0x28  user_tiny_vsnprintf.o [1]
  .text              ro code   0x802'e9f8      0x28  level_ultrasonic.o [1]
  .text              ro code   0x802'ea20      0x28  data_init.o [4]
  .rodata            const     0x802'ea48      0x24  cat24mxx.o [1]
  .rodata            const     0x802'ea6c      0x24  cat24mxx.o [1]
  .rodata            const     0x802'ea90      0x24  user_app_comm.o [1]
  .rodata            const     0x802'eab4      0x24  user_app_comm.o [1]
  .rodata            const     0x802'ead8      0x24  user_app_comm.o [1]
  .rodata            const     0x802'eafc      0x24  user_app_comm.o [1]
  .rodata            const     0x802'eb20      0x24  user_app_ethernet.o [1]
  .rodata            const     0x802'eb44      0x24  user_app_ethernet.o [1]
  .rodata            const     0x802'eb68      0x24  user_app_ethernet.o [1]
  .rodata            const     0x802'eb8c      0x24  user_app_ethernet.o [1]
  .rodata            const     0x802'ebb0      0x24  user_app_ethernet.o [1]
  .rodata            const     0x802'ebd4      0x24  user_app_ethernet.o [1]
  .rodata            const     0x802'ebf8      0x24  user_app_ethernet.o [1]
  .rodata            const     0x802'ec1c      0x24  user_app_mem.o [1]
  .rodata            const     0x802'ec40      0x24  user_app_mem.o [1]
  .rodata            const     0x802'ec64      0x24  user_app_mem.o [1]
  .rodata            const     0x802'ec88      0x24  user_app_mem.o [1]
  .rodata            const     0x802'ecac      0x24  user_app_mem.o [1]
  .rodata            const     0x802'ecd0      0x24  user_app_mem.o [1]
  .rodata            const     0x802'ecf4      0x24  user_app_mem.o [1]
  .rodata            const     0x802'ed18      0x24  user_app_mem.o [1]
  .rodata            const     0x802'ed3c      0x24  user_app_mem.o [1]
  .rodata            const     0x802'ed60      0x24  user_app_mem.o [1]
  .rodata            const     0x802'ed84      0x24  user_app_mem.o [1]
  .rodata            const     0x802'eda8      0x24  user_app_mem.o [1]
  .rodata            const     0x802'edcc      0x24  user_app_mem.o [1]
  .rodata            const     0x802'edf0      0x24  user_app_sim.o [1]
  .rodata            const     0x802'ee14      0x24  user_app_wm.o [1]
  .rodata            const     0x802'ee38      0x24  user_app_wm.o [1]
  .rodata            const     0x802'ee5c      0x24  user_ec200u.o [1]
  .text              ro code   0x802'ee80      0x22  fpinit_M.o [3]
  .iar.init_table    const     0x802'eea4      0x20  - Linker created -
  .rodata            const     0x802'eec4      0x20  user_app_comm.o [1]
  .rodata            const     0x802'eee4      0x20  user_app_comm.o [1]
  .rodata            const     0x802'ef04      0x20  user_app_comm.o [1]
  .rodata            const     0x802'ef24      0x20  user_app_comm.o [1]
  .rodata            const     0x802'ef44      0x20  user_app_comm.o [1]
  .rodata            const     0x802'ef64      0x20  user_app_comm.o [1]
  .rodata            const     0x802'ef84      0x20  user_app_comm.o [1]
  .rodata            const     0x802'efa4      0x20  user_app_ethernet.o [1]
  .rodata            const     0x802'efc4      0x20  user_app_ethernet.o [1]
  .rodata            const     0x802'efe4      0x20  user_app_ethernet.o [1]
  .rodata            const     0x802'f004      0x20  user_app_ethernet.o [1]
  .rodata            const     0x802'f024      0x20  user_app_ethernet.o [1]
  .rodata            const     0x802'f044      0x20  user_app_ethernet.o [1]
  .rodata            const     0x802'f064      0x20  user_app_ethernet.o [1]
  .rodata            const     0x802'f084      0x20  user_app_mem.o [1]
  .rodata            const     0x802'f0a4      0x20  user_app_mem.o [1]
  .rodata            const     0x802'f0c4      0x20  user_app_sim.o [1]
  .rodata            const     0x802'f0e4      0x20  user_app_sim.o [1]
  .rodata            const     0x802'f104      0x20  user_app_wm.o [1]
  .rodata            const     0x802'f124      0x20  user_app_wm.o [1]
  .rodata            const     0x802'f144      0x20  user_app_wm.o [1]
  .rodata            const     0x802'f164      0x20  user_app_wm.o [1]
  .rodata            const     0x802'f184      0x20  user_app_wm.o [1]
  .rodata            const     0x802'f1a4      0x20  user_app_wm.o [1]
  .rodata            const     0x802'f1c4      0x20  user_app_wm.o [1]
  .rodata            const     0x802'f1e4      0x20  user_ec200u.o [1]
  .rodata            const     0x802'f204      0x20  user_ec200u.o [1]
  .rodata            const     0x802'f224      0x20  user_ec200u.o [1]
  .rodata            const     0x802'f244      0x20  user_ec200u.o [1]
  .rodata            const     0x802'f264      0x20  user_ec200u.o [1]
  .rodata            const     0x802'f284      0x20  user_ec200u.o [1]
  .rodata            const     0x802'f2a4      0x20  user_modem.o [1]
  .rodata            const     0x802'f2c4      0x20  user_modem.o [1]
  .rodata            const     0x802'f2e4      0x20  user_mqtt.o [1]
  .rodata            const     0x802'f304      0x20  user_rtc.o [1]
  .rodata            const     0x802'f324      0x20  user_sim.o [1]
  .rodata            const     0x802'f344      0x20  user_sim.o [1]
  .text              ro code   0x802'f364      0x20  system_stm32l4xx.o [1]
  .text              ro code   0x802'f384      0x1e  cmain.o [4]
  .text              ro code   0x802'f3a2       0x4  low_level_init.o [2]
  .text              ro code   0x802'f3a6       0x4  exit.o [2]
  .text              ro code   0x802'f3ac       0xa  cexit.o [4]
  .rodata            const     0x802'f3b8      0x1c  user_app_comm.o [1]
  .rodata            const     0x802'f3d4      0x1c  user_app_comm.o [1]
  .rodata            const     0x802'f3f0      0x1c  user_app_comm.o [1]
  .rodata            const     0x802'f40c      0x1c  user_app_comm.o [1]
  .rodata            const     0x802'f428      0x1c  user_app_comm.o [1]
  .rodata            const     0x802'f444      0x1c  user_app_ethernet.o [1]
  .rodata            const     0x802'f460      0x1c  user_app_ethernet.o [1]
  .rodata            const     0x802'f47c      0x1c  user_app_ethernet.o [1]
  .rodata            const     0x802'f498      0x1c  user_app_ethernet.o [1]
  .rodata            const     0x802'f4b4      0x1c  user_app_ethernet.o [1]
  .rodata            const     0x802'f4d0      0x1c  user_app_ethernet.o [1]
  .rodata            const     0x802'f4ec      0x1c  user_app_ethernet.o [1]
  .rodata            const     0x802'f508      0x1c  user_app_ethernet.o [1]
  .rodata            const     0x802'f524      0x1c  user_app_ethernet.o [1]
  .rodata            const     0x802'f540      0x1c  user_app_ethernet.o [1]
  .rodata            const     0x802'f55c      0x1c  user_app_ethernet.o [1]
  .rodata            const     0x802'f578      0x1c  user_app_ethernet.o [1]
  .rodata            const     0x802'f594      0x1c  user_app_ethernet.o [1]
  .rodata            const     0x802'f5b0      0x1c  user_app_ethernet.o [1]
  .rodata            const     0x802'f5cc      0x1c  user_app_mem.o [1]
  .rodata            const     0x802'f5e8      0x1c  user_app_sim.o [1]
  .rodata            const     0x802'f604      0x1c  user_app_sim.o [1]
  .rodata            const     0x802'f620      0x1c  user_app_sim.o [1]
  .rodata            const     0x802'f63c      0x1c  user_app_sim.o [1]
  .rodata            const     0x802'f658      0x1c  user_app_sim.o [1]
  .rodata            const     0x802'f674      0x1c  user_app_wm.o [1]
  .rodata            const     0x802'f690      0x1c  user_app_wm.o [1]
  .rodata            const     0x802'f6ac      0x1c  user_app_wm.o [1]
  .rodata            const     0x802'f6c8      0x1c  user_app_wm.o [1]
  .rodata            const     0x802'f6e4      0x1c  user_app_wm.o [1]
  .rodata            const     0x802'f700      0x1c  user_app_wm.o [1]
  .rodata            const     0x802'f71c      0x1c  user_app_wm.o [1]
  .rodata            const     0x802'f738      0x1c  user_app_wm.o [1]
  .rodata            const     0x802'f754      0x1c  user_app_wm.o [1]
  .rodata            const     0x802'f770      0x1c  user_app_wm.o [1]
  .rodata            const     0x802'f78c      0x1c  user_app_wm.o [1]
  .rodata            const     0x802'f7a8      0x1c  user_ec200u.o [1]
  .rodata            const     0x802'f7c4      0x1c  user_ec200u.o [1]
  .rodata            const     0x802'f7e0      0x1c  user_ec200u.o [1]
  .rodata            const     0x802'f7fc      0x1c  user_ec200u.o [1]
  .rodata            const     0x802'f818      0x1c  user_ec200u.o [1]
  .rodata            const     0x802'f834      0x1c  user_ec200u.o [1]
  .rodata            const     0x802'f850      0x1c  user_ec200u.o [1]
  .rodata            const     0x802'f86c      0x1c  user_ec200u.o [1]
  .rodata            const     0x802'f888      0x1c  user_modem.o [1]
  .rodata            const     0x802'f8a4      0x1c  user_modem.o [1]
  .rodata            const     0x802'f8c0      0x1c  user_mqtt.o [1]
  .rodata            const     0x802'f8dc      0x1c  user_sim.o [1]
  .rodata            const     0x802'f8f8      0x1c  user_uart.o [1]
  .rodata            const     0x802'f914      0x18  socket.o [1]
  .rodata            const     0x802'f92c      0x18  socket.o [1]
  .rodata            const     0x802'f944      0x18  user_app_comm.o [1]
  .rodata            const     0x802'f95c      0x18  user_app_comm.o [1]
  .rodata            const     0x802'f974      0x18  user_app_comm.o [1]
  .rodata            const     0x802'f98c      0x18  user_app_ethernet.o [1]
  .rodata            const     0x802'f9a4      0x18  user_app_ethernet.o [1]
  .rodata            const     0x802'f9bc      0x18  user_app_ethernet.o [1]
  .rodata            const     0x802'f9d4      0x18  user_app_ethernet.o [1]
  .rodata            const     0x802'f9ec      0x18  user_app_ethernet.o [1]
  .rodata            const     0x802'fa04      0x18  user_app_sim.o [1]
  .rodata            const     0x802'fa1c      0x18  user_app_wm.o [1]
  .rodata            const     0x802'fa34      0x18  user_app_wm.o [1]
  .rodata            const     0x802'fa4c      0x18  user_app_wm.o [1]
  .rodata            const     0x802'fa64      0x18  user_app_wm.o [1]
  .rodata            const     0x802'fa7c      0x18  user_app_wm.o [1]
  .rodata            const     0x802'fa94      0x18  user_app_wm.o [1]
  .rodata            const     0x802'faac      0x18  user_at_serial.o [1]
  .rodata            const     0x802'fac4      0x18  user_at_serial.o [1]
  .rodata            const     0x802'fadc      0x18  user_ec200u.o [1]
  .rodata            const     0x802'faf4      0x18  user_ec200u.o [1]
  .rodata            const     0x802'fb0c      0x18  user_ec200u.o [1]
  .rodata            const     0x802'fb24      0x18  user_ec200u.o [1]
  .rodata            const     0x802'fb3c      0x18  user_lpm.o [1]
  .rodata            const     0x802'fb54      0x18  user_modem.o [1]
  .rodata            const     0x802'fb6c      0x18  user_mqtt.o [1]
  .rodata            const     0x802'fb84      0x18  user_mqtt.o [1]
  .rodata            const     0x802'fb9c      0x18  wm_mt100.o [1]
  .rodata            const     0x802'fbb4      0x18  woteck_wm.o [1]
  .rodata            const     0x802'fbcc      0x14  dhcp.o [1]
  .rodata            const     0x802'fbe0      0x14  lcd_display.o [1]
  .rodata            const     0x802'fbf4      0x14  lcd_display.o [1]
  .rodata            const     0x802'fc08      0x14  lcd_display.o [1]
  .rodata            const     0x802'fc1c      0x14  lcd_display.o [1]
  .rodata            const     0x802'fc30      0x14  user_app_comm.o [1]
  .rodata            const     0x802'fc44      0x14  user_app_ethernet.o [1]
  .rodata            const     0x802'fc58      0x14  user_app_ethernet.o [1]
  .rodata            const     0x802'fc6c      0x14  user_app_ethernet.o [1]
  .rodata            const     0x802'fc80      0x14  user_app_ethernet.o [1]
  .rodata            const     0x802'fc94      0x14  user_app_ethernet.o [1]
  .rodata            const     0x802'fca8      0x14  user_app_ethernet.o [1]
  .rodata            const     0x802'fcbc      0x14  user_app_ethernet.o [1]
  .rodata            const     0x802'fcd0      0x14  user_app_mem.o [1]
  .rodata            const     0x802'fce4      0x14  user_app_mem.o [1]
  .rodata            const     0x802'fcf8      0x14  user_app_mem.o [1]
  .rodata            const     0x802'fd0c      0x14  user_app_mem.o [1]
  .rodata            const     0x802'fd20      0x14  user_app_wm.o [1]
  .rodata            const     0x802'fd34      0x14  user_app_wm.o [1]
  .rodata            const     0x802'fd48      0x14  user_app_wm.o [1]
  .rodata            const     0x802'fd5c      0x14  user_app_wm.o [1]
  .rodata            const     0x802'fd70      0x14  user_app_wm.o [1]
  .rodata            const     0x802'fd84      0x14  user_at_serial.o [1]
  .rodata            const     0x802'fd98      0x14  user_at_serial.o [1]
  .rodata            const     0x802'fdac      0x14  user_at_serial.o [1]
  .rodata            const     0x802'fdc0      0x14  user_at_serial.o [1]
  .rodata            const     0x802'fdd4      0x14  user_at_serial.o [1]
  .rodata            const     0x802'fde8      0x14  user_at_serial.o [1]
  .rodata            const     0x802'fdfc      0x14  user_at_serial.o [1]
  .rodata            const     0x802'fe10      0x14  user_at_serial.o [1]
  .rodata            const     0x802'fe24      0x14  user_at_serial.o [1]
  .rodata            const     0x802'fe38      0x14  user_at_serial.o [1]
  .rodata            const     0x802'fe4c      0x14  user_at_serial.o [1]
  .rodata            const     0x802'fe60      0x14  user_at_serial.o [1]
  .rodata            const     0x802'fe74      0x14  user_ec200u.o [1]
  .rodata            const     0x802'fe88      0x14  user_ec200u.o [1]
  .rodata            const     0x802'fe9c      0x14  user_ec200u.o [1]
  .rodata            const     0x802'feb0      0x14  user_ec200u.o [1]
  .rodata            const     0x802'fec4      0x14  user_ec200u.o [1]
  .rodata            const     0x802'fed8      0x14  user_ec200u.o [1]
  .rodata            const     0x802'feec      0x14  user_log.o [1]
  .rodata            const     0x802'ff00      0x14  user_modem.o [1]
  .rodata            const     0x802'ff14      0x14  user_modem.o [1]
  .rodata            const     0x802'ff28      0x14  user_modem.o [1]
  .rodata            const     0x802'ff3c      0x14  user_mqtt.o [1]
  .rodata            const     0x802'ff50      0x14  user_mqtt.o [1]
  .rodata            const     0x802'ff64      0x14  user_mqtt.o [1]
  .rodata            const     0x802'ff78      0x10  lcd_display.o [1]
  .rodata            const     0x802'ff88      0x10  lcd_display.o [1]
  .rodata            const     0x802'ff98      0x10  lcd_display.o [1]
  .rodata            const     0x802'ffa8      0x10  lcd_display.o [1]
  .rodata            const     0x802'ffb8      0x10  lcd_display.o [1]
  .rodata            const     0x802'ffc8      0x10  lcd_display.o [1]
  .rodata            const     0x802'ffd8      0x10  lcd_display.o [1]
  .rodata            const     0x802'ffe8      0x10  lcd_display.o [1]
  .rodata            const     0x802'fff8      0x10  lcd_display.o [1]
  .rodata            const     0x803'0008      0x10  lcd_display.o [1]
  .rodata            const     0x803'0018      0x10  lcd_display.o [1]
  .rodata            const     0x803'0028      0x10  lcd_display.o [1]
  .rodata            const     0x803'0038      0x10  lcd_display.o [1]
  .rodata            const     0x803'0048      0x10  lcd_display.o [1]
  .rodata            const     0x803'0058      0x10  lcd_display.o [1]
  .rodata            const     0x803'0068      0x10  lcd_display.o [1]
  .rodata            const     0x803'0078      0x10  lcd_display.o [1]
  .rodata            const     0x803'0088      0x10  lcd_display.o [1]
  .rodata            const     0x803'0098      0x10  lcd_display.o [1]
  .rodata            const     0x803'00a8      0x10  lcd_display.o [1]
  .rodata            const     0x803'00b8      0x10  lcd_display.o [1]
  .rodata            const     0x803'00c8      0x10  lcd_display.o [1]
  .rodata            const     0x803'00d8      0x10  lcd_display.o [1]
  .rodata            const     0x803'00e8      0x10  lcd_display.o [1]
  .rodata            const     0x803'00f8      0x10  lcd_display.o [1]
  .rodata            const     0x803'0108      0x10  lcd_display.o [1]
  .rodata            const     0x803'0118      0x10  lcd_display.o [1]
  .rodata            const     0x803'0128      0x10  lcd_display.o [1]
  .rodata            const     0x803'0138      0x10  lcd_display.o [1]
  .rodata            const     0x803'0148      0x10  lcd_display.o [1]
  .rodata            const     0x803'0158      0x10  lcd_display.o [1]
  .rodata            const     0x803'0168      0x10  lcd_display.o [1]
  .rodata            const     0x803'0178      0x10  lcd_display.o [1]
  .rodata            const     0x803'0188      0x10  lcd_display.o [1]
  .rodata            const     0x803'0198      0x10  lcd_display.o [1]
  .rodata            const     0x803'01a8      0x10  system_stm32l4xx.o [1]
  .rodata            const     0x803'01b8      0x10  user_app_ethernet.o [1]
  .rodata            const     0x803'01c8      0x10  user_app_ethernet.o [1]
  .rodata            const     0x803'01d8      0x10  user_app_ethernet.o [1]
  .rodata            const     0x803'01e8      0x10  user_app_ethernet.o [1]
  .rodata            const     0x803'01f8      0x10  user_app_mem.o [1]
  .rodata            const     0x803'0208      0x10  user_app_sim.o [1]
  .rodata            const     0x803'0218      0x10  user_at_serial.o [1]
  .rodata            const     0x803'0228      0x10  user_at_serial.o [1]
  .rodata            const     0x803'0238      0x10  user_at_serial.o [1]
  .rodata            const     0x803'0248      0x10  user_at_serial.o [1]
  .rodata            const     0x803'0258      0x10  user_at_serial.o [1]
  .rodata            const     0x803'0268      0x10  user_at_serial.o [1]
  .rodata            const     0x803'0278      0x10  user_at_serial.o [1]
  .rodata            const     0x803'0288      0x10  user_at_serial.o [1]
  .rodata            const     0x803'0298      0x10  user_at_serial.o [1]
  .rodata            const     0x803'02a8      0x10  user_at_serial.o [1]
  .rodata            const     0x803'02b8      0x10  user_at_serial.o [1]
  .rodata            const     0x803'02c8      0x10  user_at_serial.o [1]
  .rodata            const     0x803'02d8      0x10  user_at_serial.o [1]
  .rodata            const     0x803'02e8      0x10  user_at_serial.o [1]
  .rodata            const     0x803'02f8      0x10  user_at_serial.o [1]
  .rodata            const     0x803'0308      0x10  user_at_serial.o [1]
  .rodata            const     0x803'0318      0x10  user_at_serial.o [1]
  .rodata            const     0x803'0328      0x10  user_at_serial.o [1]
  .rodata            const     0x803'0338      0x10  user_at_serial.o [1]
  .rodata            const     0x803'0348      0x10  user_at_serial.o [1]
  .rodata            const     0x803'0358      0x10  user_at_serial.o [1]
  .rodata            const     0x803'0368      0x10  user_at_serial.o [1]
  .rodata            const     0x803'0378      0x10  user_at_serial.o [1]
  .rodata            const     0x803'0388      0x10  user_at_serial.o [1]
  .rodata            const     0x803'0398      0x10  user_at_serial.o [1]
  .rodata            const     0x803'03a8      0x10  user_at_serial.o [1]
  .rodata            const     0x803'03b8      0x10  user_at_serial.o [1]
  .rodata            const     0x803'03c8      0x10  user_at_serial.o [1]
  .rodata            const     0x803'03d8      0x10  user_at_serial.o [1]
  .rodata            const     0x803'03e8      0x10  user_at_serial.o [1]
  .rodata            const     0x803'03f8      0x10  user_at_serial.o [1]
  .rodata            const     0x803'0408      0x10  user_at_serial.o [1]
  .rodata            const     0x803'0418      0x10  user_at_serial.o [1]
  .rodata            const     0x803'0428      0x10  user_at_serial.o [1]
  .rodata            const     0x803'0438      0x10  user_ec200u.o [1]
  .rodata            const     0x803'0448      0x10  user_ec200u.o [1]
  .rodata            const     0x803'0458      0x10  user_ec200u.o [1]
  .rodata            const     0x803'0468      0x10  user_ec200u.o [1]
  .rodata            const     0x803'0478      0x10  user_ec200u.o [1]
  .rodata            const     0x803'0488      0x10  user_ec200u.o [1]
  .rodata            const     0x803'0498      0x10  user_ec200u.o [1]
  .rodata            const     0x803'04a8      0x10  user_ec200u.o [1]
  .rodata            const     0x803'04b8      0x10  user_ec200u.o [1]
  .rodata            const     0x803'04c8      0x10  user_ec200u.o [1]
  .rodata            const     0x803'04d8      0x10  user_ec200u.o [1]
  .rodata            const     0x803'04e8      0x10  user_ec200u.o [1]
  .rodata            const     0x803'04f8      0x10  user_ec200u.o [1]
  .rodata            const     0x803'0508      0x10  user_ec200u.o [1]
  .rodata            const     0x803'0518      0x10  user_ec200u.o [1]
  .rodata            const     0x803'0528      0x10  user_ec200u.o [1]
  .rodata            const     0x803'0538      0x10  user_ec200u.o [1]
  .rodata            const     0x803'0548      0x10  user_ec200u.o [1]
  .rodata            const     0x803'0558      0x10  user_ec200u.o [1]
  .rodata            const     0x803'0568      0x10  user_ec200u.o [1]
  .rodata            const     0x803'0578      0x10  user_ec200u.o [1]
  .rodata            const     0x803'0588      0x10  user_ec200u.o [1]
  .rodata            const     0x803'0598      0x10  user_ec200u.o [1]
  .rodata            const     0x803'05a8      0x10  user_ec200u.o [1]
  .rodata            const     0x803'05b8      0x10  user_ec200u.o [1]
  .rodata            const     0x803'05c8      0x10  user_modem.o [1]
  .rodata            const     0x803'05d8      0x10  user_modem.o [1]
  .rodata            const     0x803'05e8      0x10  user_modem.o [1]
  .rodata            const     0x803'05f8      0x10  user_modem.o [1]
  .rodata            const     0x803'0608      0x10  user_modem.o [1]
  .rodata            const     0x803'0618      0x10  user_modem.o [1]
  .rodata            const     0x803'0628      0x10  user_modem.o [1]
  .rodata            const     0x803'0638      0x10  user_modem.o [1]
  .rodata            const     0x803'0648      0x10  user_modem.o [1]
  .rodata            const     0x803'0658      0x10  user_modem.o [1]
  .rodata            const     0x803'0668      0x10  user_modem.o [1]
  .rodata            const     0x803'0678      0x10  user_modem.o [1]
  .rodata            const     0x803'0688      0x10  user_mqtt.o [1]
  .rodata            const     0x803'0698      0x10  user_mqtt.o [1]
  .rodata            const     0x803'06a8      0x10  user_mqtt.o [1]
  .text              ro code   0x803'06b8      0x10  startup_stm32l496xx.o [1]
  .rodata            const     0x803'06c8       0xc  lcd_display.o [1]
  .rodata            const     0x803'06d4       0xc  lcd_display.o [1]
  .rodata            const     0x803'06e0       0xc  lcd_display.o [1]
  .rodata            const     0x803'06ec       0xc  lcd_display.o [1]
  .rodata            const     0x803'06f8       0xc  lcd_display.o [1]
  .rodata            const     0x803'0704       0xc  lcd_display.o [1]
  .rodata            const     0x803'0710       0xc  lcd_display.o [1]
  .rodata            const     0x803'071c       0xc  lcd_display.o [1]
  .rodata            const     0x803'0728       0xc  lcd_display.o [1]
  .rodata            const     0x803'0734       0xc  lcd_display.o [1]
  .rodata            const     0x803'0740       0xc  lcd_display.o [1]
  .rodata            const     0x803'074c       0xc  lcd_display.o [1]
  .rodata            const     0x803'0758       0xc  lcd_display.o [1]
  .rodata            const     0x803'0764       0xc  lcd_display.o [1]
  .rodata            const     0x803'0770       0xc  lcd_display.o [1]
  .rodata            const     0x803'077c       0xc  lcd_display.o [1]
  .rodata            const     0x803'0788       0xc  lcd_display.o [1]
  .rodata            const     0x803'0794       0xc  lcd_display.o [1]
  .rodata            const     0x803'07a0       0xc  lcd_display.o [1]
  .rodata            const     0x803'07ac       0xc  lcd_display.o [1]
  .rodata            const     0x803'07b8       0xc  lcd_display.o [1]
  .rodata            const     0x803'07c4       0xc  lcd_display.o [1]
  .rodata            const     0x803'07d0       0xc  lcd_display.o [1]
  .rodata            const     0x803'07dc       0xc  user_app_comm.o [1]
  .rodata            const     0x803'07e8       0xc  user_app_ethernet.o [1]
  .rodata            const     0x803'07f4       0xc  user_app_ethernet.o [1]
  .rodata            const     0x803'0800       0xc  user_app_ethernet.o [1]
  .rodata            const     0x803'080c       0xc  user_app_ethernet.o [1]
  .rodata            const     0x803'0818       0xc  user_app_ethernet.o [1]
  .rodata            const     0x803'0824       0xc  user_app_ethernet.o [1]
  .rodata            const     0x803'0830       0xc  user_app_ethernet.o [1]
  .rodata            const     0x803'083c       0xc  user_app_mem.o [1]
  .rodata            const     0x803'0848       0xc  user_app_mem.o [1]
  .rodata            const     0x803'0854       0xc  user_app_rs485.o [1]
  .rodata            const     0x803'0860       0xc  user_app_rs485.o [1]
  .rodata            const     0x803'086c       0xc  user_app_rs485.o [1]
  .rodata            const     0x803'0878       0xc  user_app_sensor.o [1]
  .rodata            const     0x803'0884       0xc  user_app_sim.o [1]
  .rodata            const     0x803'0890       0xc  user_app_sim.o [1]
  .rodata            const     0x803'089c       0xc  user_app_sim.o [1]
  .rodata            const     0x803'08a8       0xc  user_at_serial.o [1]
  .rodata            const     0x803'08b4       0xc  user_at_serial.o [1]
  .rodata            const     0x803'08c0       0xc  user_at_serial.o [1]
  .rodata            const     0x803'08cc       0xc  user_at_serial.o [1]
  .rodata            const     0x803'08d8       0xc  user_at_serial.o [1]
  .rodata            const     0x803'08e4       0xc  user_at_serial.o [1]
  .rodata            const     0x803'08f0       0xc  user_at_serial.o [1]
  .rodata            const     0x803'08fc       0xc  user_at_serial.o [1]
  .rodata            const     0x803'0908       0xc  user_at_serial.o [1]
  .rodata            const     0x803'0914       0xc  user_at_serial.o [1]
  .rodata            const     0x803'0920       0xc  user_at_serial.o [1]
  .rodata            const     0x803'092c       0xc  user_at_serial.o [1]
  .rodata            const     0x803'0938       0xc  user_at_serial.o [1]
  .rodata            const     0x803'0944       0xc  user_at_serial.o [1]
  .rodata            const     0x803'0950       0xc  user_at_serial.o [1]
  .rodata            const     0x803'095c       0xc  user_at_serial.o [1]
  .rodata            const     0x803'0968       0xc  user_at_serial.o [1]
  .rodata            const     0x803'0974       0xc  user_at_serial.o [1]
  .rodata            const     0x803'0980       0xc  user_at_serial.o [1]
  .rodata            const     0x803'098c       0xc  user_at_serial.o [1]
  .rodata            const     0x803'0998       0xc  user_at_serial.o [1]
  .rodata            const     0x803'09a4       0xc  user_at_serial.o [1]
  .rodata            const     0x803'09b0       0xc  user_at_serial.o [1]
  .rodata            const     0x803'09bc       0xc  user_at_serial.o [1]
  .rodata            const     0x803'09c8       0xc  user_ec200u.o [1]
  .rodata            const     0x803'09d4       0xc  user_ec200u.o [1]
  .rodata            const     0x803'09e0       0xc  user_ec200u.o [1]
  .rodata            const     0x803'09ec       0xc  user_ec200u.o [1]
  .rodata            const     0x803'09f8       0xc  user_ec200u.o [1]
  .rodata            const     0x803'0a04       0xc  user_ec200u.o [1]
  .rodata            const     0x803'0a10       0xc  user_ec200u.o [1]
  .rodata            const     0x803'0a1c       0xc  user_ec200u.o [1]
  .rodata            const     0x803'0a28       0xc  user_ec200u.o [1]
  .rodata            const     0x803'0a34       0xc  user_ec200u.o [1]
  .rodata            const     0x803'0a40       0xc  user_ec200u.o [1]
  .rodata            const     0x803'0a4c       0xc  user_ec200u.o [1]
  .rodata            const     0x803'0a58       0xc  user_ec200u.o [1]
  .rodata            const     0x803'0a64       0xc  user_ec200u.o [1]
  .rodata            const     0x803'0a70       0xc  user_ec200u.o [1]
  .rodata            const     0x803'0a7c       0xc  user_ec200u.o [1]
  .rodata            const     0x803'0a88       0xc  user_ec200u.o [1]
  .rodata            const     0x803'0a94       0xc  user_ec200u.o [1]
  .rodata            const     0x803'0aa0       0xc  user_ec200u.o [1]
  .rodata            const     0x803'0aac       0xc  user_ec200u.o [1]
  .rodata            const     0x803'0ab8       0xc  user_ec200u.o [1]
  .rodata            const     0x803'0ac4       0xc  user_ec200u.o [1]
  .rodata            const     0x803'0ad0       0xc  user_ec200u.o [1]
  .rodata            const     0x803'0adc       0xc  user_ec200u.o [1]
  .rodata            const     0x803'0ae8       0xc  user_ec200u.o [1]
  .rodata            const     0x803'0af4       0xc  user_ec200u.o [1]
  .rodata            const     0x803'0b00       0xc  user_ec200u.o [1]
  .rodata            const     0x803'0b0c       0xc  user_ec200u.o [1]
  .rodata            const     0x803'0b18       0xc  user_ec200u.o [1]
  .rodata            const     0x803'0b24       0xc  user_ec200u.o [1]
  .rodata            const     0x803'0b30       0xc  user_ec200u.o [1]
  .rodata            const     0x803'0b3c       0xc  user_ec200u.o [1]
  .rodata            const     0x803'0b48       0xc  user_ec200u.o [1]
  .rodata            const     0x803'0b54       0xc  user_ec200u.o [1]
  .rodata            const     0x803'0b60       0xc  user_ec200u.o [1]
  .rodata            const     0x803'0b6c       0xc  user_ec200u.o [1]
  .rodata            const     0x803'0b78       0xc  user_ec200u.o [1]
  .rodata            const     0x803'0b84       0xc  user_ec200u.o [1]
  .rodata            const     0x803'0b90       0xc  user_mqtt.o [1]
  .rodata            const     0x803'0b9c       0xc  user_rtc.o [1]
  .rodata            const     0x803'0ba8       0xc  user_rtc.o [1]
  .rodata            const     0x803'0bb4       0xc  user_sim_common.o [1]
  .rodata            const     0x803'0bc0       0xc  user_sim_common.o [1]
  .rodata            const     0x803'0bcc       0xc  user_sim_common.o [1]
  .text              ro code   0x803'0bd8       0xc  cstartup_M.o [4]
  .rodata            const     0x803'0be4       0x8  lcd_display.o [1]
  .rodata            const     0x803'0bec       0x8  lcd_display.o [1]
  .rodata            const     0x803'0bf4       0x8  lcd_display.o [1]
  .rodata            const     0x803'0bfc       0x8  lcd_display.o [1]
  .rodata            const     0x803'0c04       0x8  lcd_display.o [1]
  .rodata            const     0x803'0c0c       0x8  lcd_display.o [1]
  .rodata            const     0x803'0c14       0x8  lcd_display.o [1]
  .rodata            const     0x803'0c1c       0x8  lcd_display.o [1]
  .rodata            const     0x803'0c24       0x8  lcd_display.o [1]
  .rodata            const     0x803'0c2c       0x8  lcd_display.o [1]
  .rodata            const     0x803'0c34       0x8  lcd_display.o [1]
  .rodata            const     0x803'0c3c       0x8  lcd_display.o [1]
  .rodata            const     0x803'0c44       0x8  lcd_display.o [1]
  .rodata            const     0x803'0c4c       0x8  lcd_display.o [1]
  .rodata            const     0x803'0c54       0x8  lcd_display.o [1]
  .rodata            const     0x803'0c5c       0x8  lcd_display.o [1]
  .rodata            const     0x803'0c64       0x8  lcd_display.o [1]
  .rodata            const     0x803'0c6c       0x8  lcd_display.o [1]
  .rodata            const     0x803'0c74       0x8  lcd_display.o [1]
  .rodata            const     0x803'0c7c       0x8  lcd_display.o [1]
  .rodata            const     0x803'0c84       0x8  lcd_display.o [1]
  .rodata            const     0x803'0c8c       0x8  lcd_display.o [1]
  .rodata            const     0x803'0c94       0x8  lcd_display.o [1]
  .rodata            const     0x803'0c9c       0x8  lcd_display.o [1]
  .rodata            const     0x803'0ca4       0x8  lcd_display.o [1]
  .rodata            const     0x803'0cac       0x8  lcd_display.o [1]
  .rodata            const     0x803'0cb4       0x8  lcd_display.o [1]
  .rodata            const     0x803'0cbc       0x8  lcd_display.o [1]
  .rodata            const     0x803'0cc4       0x8  lcd_display.o [1]
  .rodata            const     0x803'0ccc       0x8  lcd_display.o [1]
  .rodata            const     0x803'0cd4       0x8  lcd_display.o [1]
  .rodata            const     0x803'0cdc       0x8  lcd_display.o [1]
  .rodata            const     0x803'0ce4       0x8  lcd_display.o [1]
  .rodata            const     0x803'0cec       0x8  lcd_display.o [1]
  .rodata            const     0x803'0cf4       0x8  lcd_display.o [1]
  .rodata            const     0x803'0cfc       0x8  lcd_display.o [1]
  .rodata            const     0x803'0d04       0x8  lcd_display.o [1]
  .rodata            const     0x803'0d0c       0x8  lcd_display.o [1]
  .rodata            const     0x803'0d14       0x8  lcd_display.o [1]
  .rodata            const     0x803'0d1c       0x8  lcd_display.o [1]
  .rodata            const     0x803'0d24       0x8  lcd_display.o [1]
  .rodata            const     0x803'0d2c       0x8  lcd_display.o [1]
  .rodata            const     0x803'0d34       0x8  lcd_display.o [1]
  .rodata            const     0x803'0d3c       0x8  lcd_display.o [1]
  .rodata            const     0x803'0d44       0x8  MQTTConnectClient.o [1]
  .rodata            const     0x803'0d4c       0x8  system_stm32l4xx.o [1]
  .rodata            const     0x803'0d54       0x8  user_app_ethernet.o [1]
  .rodata            const     0x803'0d5c       0x8  user_app_ethernet.o [1]
  .rodata            const     0x803'0d64       0x8  user_app_ethernet.o [1]
  .rodata            const     0x803'0d6c       0x8  user_app_ethernet.o [1]
  .rodata            const     0x803'0d74       0x8  user_app_ethernet.o [1]
  .rodata            const     0x803'0d7c       0x8  user_app_ethernet.o [1]
  .rodata            const     0x803'0d84       0x8  user_app_ethernet.o [1]
  .rodata            const     0x803'0d8c       0x8  user_app_ethernet.o [1]
  .rodata            const     0x803'0d94       0x8  user_app_mem.o [1]
  .rodata            const     0x803'0d9c       0x8  user_app_mem.o [1]
  .rodata            const     0x803'0da4       0x8  user_app_rs485.o [1]
  .rodata            const     0x803'0dac       0x8  user_app_rs485.o [1]
  .rodata            const     0x803'0db4       0x8  user_app_rs485.o [1]
  .rodata            const     0x803'0dbc       0x8  user_app_rs485.o [1]
  .rodata            const     0x803'0dc4       0x8  user_app_rs485.o [1]
  .rodata            const     0x803'0dcc       0x8  user_app_rs485.o [1]
  .rodata            const     0x803'0dd4       0x8  user_app_sensor.o [1]
  .rodata            const     0x803'0ddc       0x8  user_app_sensor.o [1]
  .rodata            const     0x803'0de4       0x8  user_app_sensor.o [1]
  .rodata            const     0x803'0dec       0x8  user_app_sensor.o [1]
  .rodata            const     0x803'0df4       0x8  user_app_sensor.o [1]
  .rodata            const     0x803'0dfc       0x8  user_app_sensor.o [1]
  .rodata            const     0x803'0e04       0x8  user_app_sensor.o [1]
  .rodata            const     0x803'0e0c       0x8  user_app_sensor.o [1]
  .rodata            const     0x803'0e14       0x8  user_app_sensor.o [1]
  .rodata            const     0x803'0e1c       0x8  user_app_sensor.o [1]
  .rodata            const     0x803'0e24       0x8  user_app_sensor.o [1]
  .rodata            const     0x803'0e2c       0x8  user_app_sensor.o [1]
  .rodata            const     0x803'0e34       0x8  user_app_sensor.o [1]
  .rodata            const     0x803'0e3c       0x8  user_app_sensor.o [1]
  .rodata            const     0x803'0e44       0x8  user_app_sensor.o [1]
  .rodata            const     0x803'0e4c       0x8  user_app_sensor.o [1]
  .rodata            const     0x803'0e54       0x8  user_app_sensor.o [1]
  .rodata            const     0x803'0e5c       0x8  user_app_sensor.o [1]
  .rodata            const     0x803'0e64       0x8  user_app_sensor.o [1]
  .rodata            const     0x803'0e6c       0x8  user_app_sensor.o [1]
  .rodata            const     0x803'0e74       0x8  user_app_sensor.o [1]
  .rodata            const     0x803'0e7c       0x8  user_app_sensor.o [1]
  .rodata            const     0x803'0e84       0x8  user_app_sensor.o [1]
  .rodata            const     0x803'0e8c       0x8  user_app_wm.o [1]
  .rodata            const     0x803'0e94       0x8  user_app_wm.o [1]
  .rodata            const     0x803'0e9c       0x8  user_app_wm.o [1]
  .rodata            const     0x803'0ea4       0x8  user_app_wm.o [1]
  .rodata            const     0x803'0eac       0x8  user_app_wm.o [1]
  .rodata            const     0x803'0eb4       0x8  user_at_serial.o [1]
  .rodata            const     0x803'0ebc       0x8  user_at_serial.o [1]
  .rodata            const     0x803'0ec4       0x8  user_at_serial.o [1]
  .rodata            const     0x803'0ecc       0x8  user_at_serial.o [1]
  .rodata            const     0x803'0ed4       0x8  user_ec200u.o [1]
  .rodata            const     0x803'0edc       0x8  user_ec200u.o [1]
  .rodata            const     0x803'0ee4       0x8  user_ec200u.o [1]
  .rodata            const     0x803'0eec       0x8  user_ec200u.o [1]
  .rodata            const     0x803'0ef4       0x8  user_ec200u.o [1]
  .rodata            const     0x803'0efc       0x8  user_ec200u.o [1]
  .rodata            const     0x803'0f04       0x8  user_ec200u.o [1]
  .rodata            const     0x803'0f0c       0x8  user_ec200u.o [1]
  .rodata            const     0x803'0f14       0x8  user_ec200u.o [1]
  .rodata            const     0x803'0f1c       0x8  user_ec200u.o [1]
  .rodata            const     0x803'0f24       0x8  user_ec200u.o [1]
  .rodata            const     0x803'0f2c       0x8  user_ec200u.o [1]
  .rodata            const     0x803'0f34       0x8  user_ec200u.o [1]
  .rodata            const     0x803'0f3c       0x8  user_ec200u.o [1]
  .rodata            const     0x803'0f44       0x8  user_ec200u.o [1]
  .rodata            const     0x803'0f4c       0x8  user_ec200u.o [1]
  .rodata            const     0x803'0f54       0x8  user_ec200u.o [1]
  .rodata            const     0x803'0f5c       0x8  user_ec200u.o [1]
  .rodata            const     0x803'0f64       0x8  user_ec200u.o [1]
  .rodata            const     0x803'0f6c       0x8  user_ec200u.o [1]
  .rodata            const     0x803'0f74       0x8  user_ec200u.o [1]
  .rodata            const     0x803'0f7c       0x8  user_ec200u.o [1]
  .rodata            const     0x803'0f84       0x8  user_ec200u.o [1]
  .rodata            const     0x803'0f8c       0x8  user_ec200u.o [1]
  .rodata            const     0x803'0f94       0x8  user_ec200u.o [1]
  .rodata            const     0x803'0f9c       0x8  user_ec200u.o [1]
  .rodata            const     0x803'0fa4       0x8  user_ec200u.o [1]
  .rodata            const     0x803'0fac       0x8  user_ec200u.o [1]
  .rodata            const     0x803'0fb4       0x8  user_ec200u.o [1]
  .rodata            const     0x803'0fbc       0x8  user_ec200u.o [1]
  .rodata            const     0x803'0fc4       0x8  user_modem.o [1]
  .rodata            const     0x803'0fcc       0x8  user_modem.o [1]
  .rodata            const     0x803'0fd4       0x8  user_modem.o [1]
  .rodata            const     0x803'0fdc       0x8  user_modem.o [1]
  .rodata            const     0x803'0fe4       0x8  user_modem.o [1]
  .rodata            const     0x803'0fec       0x8  user_modem.o [1]
  .rodata            const     0x803'0ff4       0x8  user_modem.o [1]
  .rodata            const     0x803'0ffc       0x8  user_modem.o [1]
  .rodata            const     0x803'1004       0x8  user_modem.o [1]
  .rodata            const     0x803'100c       0x8  user_modem.o [1]
  .rodata            const     0x803'1014       0x8  user_modem.o [1]
  .rodata            const     0x803'101c       0x8  user_modem.o [1]
  .rodata            const     0x803'1024       0x8  user_modem.o [1]
  .rodata            const     0x803'102c       0x8  user_modem.o [1]
  .rodata            const     0x803'1034       0x8  user_modem.o [1]
  .rodata            const     0x803'103c       0x8  user_modem.o [1]
  .rodata            const     0x803'1044       0x8  user_modem.o [1]
  .rodata            const     0x803'104c       0x8  user_modem.o [1]
  .rodata            const     0x803'1054       0x8  user_modem.o [1]
  .rodata            const     0x803'105c       0x8  user_modem.o [1]
  .rodata            const     0x803'1064       0x8  user_modem.o [1]
  .rodata            const     0x803'106c       0x8  user_modem.o [1]
  .rodata            const     0x803'1074       0x8  user_modem.o [1]
  .rodata            const     0x803'107c       0x8  user_modem.o [1]
  .rodata            const     0x803'1084       0x8  user_modem.o [1]
  .rodata            const     0x803'108c       0x8  user_modem.o [1]
  .rodata            const     0x803'1094       0x8  user_modem.o [1]
  .rodata            const     0x803'109c       0x8  user_modem.o [1]
  .rodata            const     0x803'10a4       0x8  user_modem.o [1]
  .rodata            const     0x803'10ac       0x8  user_modem.o [1]
  .rodata            const     0x803'10b4       0x8  user_modem.o [1]
  .rodata            const     0x803'10bc       0x8  user_mqtt.o [1]
  .rodata            const     0x803'10c4       0x8  user_mqtt.o [1]
  .rodata            const     0x803'10cc       0x8  user_mqtt.o [1]
  .rodata            const     0x803'10d4       0x8  user_mqtt.o [1]
  .rodata            const     0x803'10dc       0x8  user_mqtt.o [1]
  .rodata            const     0x803'10e4       0x8  user_mqtt.o [1]
  .rodata            const     0x803'10ec       0x8  user_mqtt.o [1]
  .rodata            const     0x803'10f4       0x8  user_mqtt.o [1]
  .rodata            const     0x803'10fc       0x8  user_mqtt.o [1]
  .rodata            const     0x803'1104       0x8  user_mqtt.o [1]
  .rodata            const     0x803'110c       0x8  user_mqtt.o [1]
  .rodata            const     0x803'1114       0x8  user_mqtt.o [1]
  .rodata            const     0x803'111c       0x8  user_mqtt.o [1]
  .rodata            const     0x803'1124       0x8  user_mqtt.o [1]
  .rodata            const     0x803'112c       0x8  user_mqtt.o [1]
  .rodata            const     0x803'1134       0x8  user_mqtt.o [1]
  .rodata            const     0x803'113c       0x8  user_mqtt.o [1]
  .rodata            const     0x803'1144       0x8  user_mqtt.o [1]
  .rodata            const     0x803'114c       0x8  user_mqtt.o [1]
  .rodata            const     0x803'1154       0x8  user_mqtt.o [1]
  .rodata            const     0x803'115c       0x8  user_mqtt.o [1]
  .rodata            const     0x803'1164       0x8  user_mqtt.o [1]
  .rodata            const     0x803'116c       0x8  user_mqtt.o [1]
  .rodata            const     0x803'1174       0x8  user_mqtt.o [1]
  .rodata            const     0x803'117c       0x8  user_mqtt.o [1]
  .rodata            const     0x803'1184       0x8  user_mqtt.o [1]
  .rodata            const     0x803'118c       0x8  user_mqtt.o [1]
  .rodata            const     0x803'1194       0x8  user_mqtt.o [1]
  .rodata            const     0x803'119c       0x8  user_mqtt.o [1]
  .rodata            const     0x803'11a4       0x8  user_mqtt.o [1]
  .rodata            const     0x803'11ac       0x8  user_mqtt.o [1]
  .rodata            const     0x803'11b4       0x8  user_mqtt.o [1]
  .rodata            const     0x803'11bc       0x8  user_mqtt.o [1]
  .rodata            const     0x803'11c4       0x8  user_mqtt.o [1]
  .rodata            const     0x803'11cc       0x8  user_mqtt.o [1]
  .rodata            const     0x803'11d4       0x8  user_mqtt.o [1]
  .rodata            const     0x803'11dc       0x8  user_mqtt.o [1]
  .rodata            const     0x803'11e4       0x8  user_mqtt.o [1]
  .rodata            const     0x803'11ec       0x8  user_mqtt.o [1]
  .rodata            const     0x803'11f4       0x8  user_mqtt.o [1]
  .rodata            const     0x803'11fc       0x8  user_mqtt.o [1]
  .rodata            const     0x803'1204       0x8  user_mqtt.o [1]
  .rodata            const     0x803'120c       0x8  user_mqtt.o [1]
  .rodata            const     0x803'1214       0x8  user_mqtt.o [1]
  .rodata            const     0x803'121c       0x8  user_mqtt.o [1]
  .rodata            const     0x803'1224       0x8  user_mqtt.o [1]
  .rodata            const     0x803'122c       0x8  user_mqtt.o [1]
  .rodata            const     0x803'1234       0x8  user_mqtt.o [1]
  .rodata            const     0x803'123c       0x8  user_mqtt.o [1]
  .rodata            const     0x803'1244       0x8  user_mqtt.o [1]
  .rodata            const     0x803'124c       0x8  user_mqtt.o [1]
  .rodata            const     0x803'1254       0x8  user_mqtt.o [1]
  .rodata            const     0x803'125c       0x8  user_mqtt.o [1]
  .rodata            const     0x803'1264       0x8  user_mqtt.o [1]
  .rodata            const     0x803'126c       0x8  user_mqtt.o [1]
  .rodata            const     0x803'1274       0x8  user_rs485.o [1]
  .rodata            const     0x803'127c       0x8  user_rs485.o [1]
  .rodata            const     0x803'1284       0x8  user_sim_common.o [1]
  .rodata            const     0x803'128c       0x8  user_sim_common.o [1]
  .rodata            const     0x803'1294       0x8  user_sim_common.o [1]
  .rodata            const     0x803'129c       0x8  user_tiny_vsnprintf.o [1]
  .rodata            const     0x803'12a4       0x8  user_util.o [1]
  .rodata            const     0x803'12ac       0x8  user_util.o [1]
  .rodata            const     0x803'12b4       0x8  user_util.o [1]
  .rodata            const     0x803'12bc       0x8  user_wm_digital.o [1]
  .rodata            const     0x803'12c4       0x8  user_wm_digital.o [1]
  .rodata            const     0x803'12cc       0x8  user_wm_digital.o [1]
  .rodata            const     0x803'12d4       0x8  wm_mt100.o [1]
  .rodata            const     0x803'12dc       0x8  wm_mt100.o [1]
  .rodata            const     0x803'12e4       0x8  wm_mt100.o [1]
  .rodata            const     0x803'12ec       0x8  wm_mt100.o [1]
  .rodata            const     0x803'12f4       0x8  wm_mt100.o [1]
  .rodata            const     0x803'12fc       0x8  wm_mt100.o [1]
  .rodata            const     0x803'1304       0x8  wm_mt100.o [1]
  .rodata            const     0x803'130c       0x8  wm_mt100.o [1]
  .rodata            const     0x803'1314       0x8  xprintffull_nomb.o [2]
  .rodata            const     0x803'131c       0x4  lcd_display.o [1]
  .rodata            const     0x803'1320       0x4  lcd_display.o [1]
  .rodata            const     0x803'1324       0x4  MQTTConnectClient.o [1]
[...]
glcd_bbox_selected      0x2000'9430     0x4  Data  Gb  glcd.o [1]
glcd_buffer             0x2000'6120   0x400  Data  Gb  glcd.o [1]
glcd_buffer_selected    0x2000'942c     0x4  Data  Gb  glcd.o [1]
glcd_clear_buffer        0x802'77b9    0x20  Code  Gb  glcd.o [1]
glcd_command             0x802'7df1    0x1a  Code  Gb  ST7565R.o [1]
glcd_data                0x802'7e0b    0x1a  Code  Gb  ST7565R.o [1]
glcd_draw_bitmap         0x802'7dcf    0x18  Code  Gb  graphics.o [1]
glcd_draw_char_xy        0x802'7807   0x322  Code  Gb  text.o [1]
glcd_draw_line           0x802'7c19   0x106  Code  Gb  graphics.o [1]
glcd_draw_rect           0x802'7d1f    0xb0  Code  Gb  graphics.o [1]
glcd_draw_string_xy      0x802'7b29    0x36  Code  Gb  text.o [1]
glcd_enable_backlight    0x802'7407     0x2  Code  Gb  STM32L4.o [1]
glcd_init                0x802'73e1    0x26  Code  Gb  STM32L4.o [1]
glcd_reset               0x802'7437    0x3c  Code  Gb  STM32L4.o [1]
glcd_reset_bbox          0x802'7781    0x1c  Code  Gb  glcd.o [1]
glcd_select_screen       0x802'77d9     0xa  Code  Gb  glcd.o [1]
glcd_set_column_lower    0x802'7e83     0xc  Code  Gb  ST7565R.o [1]
glcd_set_column_upper    0x802'7e71    0x12  Code  Gb  ST7565R.o [1]
glcd_set_contrast        0x802'7e25    0x24  Code  Gb  ST7565R.o [1]
glcd_set_font            0x802'77ed    0x1a  Code  Gb  text.o [1]
glcd_set_pixel           0x802'7b65    0xb4  Code  Gb  graphics.o [1]
glcd_set_x_address       0x802'7e5b    0x16  Code  Gb  ST7565R.o [1]
glcd_set_y_address       0x802'7e49    0x12  Code  Gb  ST7565R.o [1]
glcd_spi_write           0x802'7409    0x2e  Code  Gb  STM32L4.o [1]
glcd_test_bitmap_128x64
                         0x802'76fd     0xe  Code  Gb  unit_tests.o [1]
glcd_tiny_draw_char      0x802'74a7   0x1fa  Code  Gb  text_tiny.o [1]
glcd_tiny_draw_string    0x802'76a1    0x52  Code  Gb  text_tiny.o [1]
glcd_tiny_set_font       0x802'748d    0x1a  Code  Gb  text_tiny.o [1]
glcd_update_bbox         0x802'7711    0x70  Code  Gb  glcd.o [1]
glcd_write               0x802'7e8f    0x70  Code  Gb  ST7565R.o [1]
hadc1                   0x2000'87b4    0x68  Data  Gb  adc.o [1]
hdma_lpuart_rx          0x2000'8b60    0x48  Data  Gb  usart.o [1]
hdma_uart5_rx           0x2000'8ba8    0x48  Data  Gb  usart.o [1]
hdma_usart1_rx          0x2000'8bf0    0x48  Data  Gb  usart.o [1]
hdma_usart3_rx          0x2000'8c38    0x48  Data  Gb  usart.o [1]
hi2c1                   0x2000'8a74    0x54  Data  Gb  i2c.o [1]
hlptim1                 0x2000'8d04    0x38  Data  Gb  lptim.o [1]
hlptim2                 0x2000'8d3c    0x38  Data  Gb  lptim.o [1]
hlpuart1                0x2000'8494    0x88  Data  Gb  usart.o [1]
hrtc                    0x2000'8f50    0x24  Data  Gb  rtc.o [1]
hspi2                   0x2000'881c    0x64  Data  Gb  spi.o [1]
hspi3                   0x2000'8880    0x64  Data  Gb  spi.o [1]
htim1                   0x2000'8ac8    0x4c  Data  Gb  tim.o [1]
htim2                   0x2000'8b14    0x4c  Data  Gb  tim.o [1]
huart1                  0x2000'85a4    0x88  Data  Gb  usart.o [1]
huart3                  0x2000'862c    0x88  Data  Gb  usart.o [1]
huart5                  0x2000'851c    0x88  Data  Gb  usart.o [1]
init_mparams             0x800'f80b    0x2c  Code  Lc  dlmalloc.o [2]
init_top                 0x800'f837    0x34  Code  Lc  dlmalloc.o [2]
isalpha                  0x802'c263    0x14  Code  Gb  isalpha.o [2]
isspace                  0x802'56a1    0x14  Code  Gb  isspace.o [2]
ldexp                    0x802'6999          Code  Gb  ldexp.o [3]
ldexpl                   0x802'6999          Code  Gb  ldexp.o [3]
lnbias                   0x802'cf88   0x420  Data  Lc  pow64.o [3]
localeconv               0x802'6b3d     0x4  Code  Gb  xlocale_c.o [2]
lower_digits            0x2000'2514     0x4  Data  Lc  user_tiny_vsnprintf.o [1]
mConnect_MQTT            0x801'7e1b    0x3e  Code  Gb  user_mqtt.o [1]
mData_MQTT               0x801'73bf    0x76  Code  Gb  user_mqtt.o [1]
mGet_Data_From_Mem       0x801'7e75    0x58  Code  Gb  user_mqtt.o [1]
mInit_Header_Subcribe    0x801'7d41    0xda  Code  Gb  user_mqtt.o [1]
mPayload_Load_MesErr     0x801'7a8f    0x2c  Code  Gb  user_mqtt.o [1]
mSet_default_MQTT        0x801'7325    0x18  Code  Gb  user_mqtt.o [1]
mSubcribe_MQTT           0x801'7e59    0x1c  Code  Gb  user_mqtt.o [1]
mUnmark_Mess             0x801'7ecd    0x16  Code  Gb  user_mqtt.o [1]
mUnmark_Mess_Share_Buff
                         0x801'7f95    0x22  Code  Gb  user_mqtt.o [1]
main                     0x801'cead    0x48  Code  Gb  main.o [1]
makeDHCPMSG              0x801'5017   0x15a  Code  Gb  dhcp.o [1]
memchr                   0x802'56c9          Code  Gb  memchr.o [4]
memset                   0x802'5e85    0x14  Code  Gb  memset.o [4]
mparams                 0x2000'921c    0x18  Data  Lc  dlmalloc.o [2]
ndigs                    0x802'e4c4    0x28  Data  Lc  iar_Stoulx.o [2]
pDHCPMSG                0x2000'941c     0x4  Data  Gb  dhcp.o [1]
pDNSMSG                 0x2000'9420     0x4  Data  Gb  dns.o [1]
pFlash                  0x2000'1094    0x20  Data  Gb  stm32l4xx_hal_flash.o [1]
pFunc_UTIL_Debug_Send   0x2000'94dc     0x4  Data  Gb  user_util.o [1]
pFunc_UTIL_Log_To_Mem   0x2000'94d8     0x4  Data  Gb  user_util.o [1]
pH_Water                0x2000'94ac     0x4  Data  Gb  user_app_wm.o [1]
pModemProcessIRQTimer   0x2000'94cc     0x4  Data  Gb  user_rtc.o [1]
parseDHCPMSG             0x801'59c7   0x22e  Code  Gb  dhcp.o [1]
parseDNSMSG              0x801'624b    0xf8  Code  Gb  dns.o [1]
parse_name               0x801'607d    0xa4  Code  Gb  dns.o [1]
pow                      0x802'4fb5   0x6ec  Code  Gb  pow64.o [3]
powl                     0x802'4fb5   0x6ec  Code  Gb  pow64.o [3]
pows                     0x802'e550    0x48  Data  Lc  strto64.o [3]
pportc                   0x800'a6b9    0xcc  Code  Gb  user_app_ethernet.o [1]
put16                    0x801'606d    0x10  Code  Gb  dns.o [1]
qCopy_Data_From_Queue    0x801'65fb    0x48  Code  Lc  queue_p.o [1]
qCopy_Data_To_Queue      0x801'659d    0x5e  Code  Lc  queue_p.o [1]
qEthStep                0x2000'903c    0x18  Data  Gb  user_app_ethernet.o [1]
qGet_Number_Items        0x801'6643     0x4  Code  Gb  queue_p.o [1]
qMemRead                0x2000'906c    0x18  Data  Gb  user_app_mem.o [1]
qMemWrite               0x2000'9084    0x18  Data  Gb  user_app_mem.o [1]
qQueue_Back_Item         0x801'6647    0x50  Code  Gb  queue_p.o [1]
qQueue_Clear             0x801'655b     0xe  Code  Gb  queue_p.o [1]
qQueue_Create            0x801'652d    0x2e  Code  Gb  queue_p.o [1]
qQueue_Receive           0x801'6587    0x16  Code  Gb  queue_p.o [1]
qQueue_Send              0x801'6569    0x1e  Code  Gb  queue_p.o [1]
qSimStep                0x2000'91bc    0x18  Data  Gb  user_sim.o [1]
quickSort_Sampling       0x802'1249    0x84  Code  Gb  user_app_sensor.o [1]
quickSort_Sampling_Clo   0x802'13c5    0xe6  Code  Gb  user_app_sensor.o [1]
quickSort_Sampling_Clo::Handle_Once
                        0x2000'953c     0x1  Data  Lc  user_app_sensor.o [1]
quickSort_Sampling_EC    0x802'14c9    0xe6  Code  Gb  user_app_sensor.o [1]
quickSort_Sampling_EC::Handle_Once
                        0x2000'953d     0x1  Data  Lc  user_app_sensor.o [1]
quickSort_Sampling_Turbidity
                         0x802'15af    0xe6  Code  Gb  user_app_sensor.o [1]
quickSort_Sampling_Turbidity::Handle_Once
                        0x2000'953e     0x1  Data  Lc  user_app_sensor.o [1]
quickSort_Sampling_pH    0x802'12cd    0xe6  Code  Gb  user_app_sensor.o [1]
quickSort_Sampling_pH::Handle_Once
                        0x2000'953b     0x1  Data  Lc  user_app_sensor.o [1]
recv                     0x801'6b55   0x156  Code  Gb  socket.o [1]
recvfrom                 0x801'6ecd   0x34e  Code  Gb  socket.o [1]
reg_dhcp_cbfunc          0x801'4fdb    0x3c  Code  Gb  dhcp.o [1]
reg_wizchip_cs_cbfunc    0x801'8a57    0x28  Code  Gb  wizchip_conf.o [1]
reg_wizchip_spi_cbfunc   0x801'8a7f    0x2a  Code  Gb  wizchip_conf.o [1]
reset_DHCP_timeout       0x801'5f79    0x14  Code  Gb  dhcp.o [1]
retry_count             0x2000'9521     0x1  Data  Lc  dns.o [1]
sAppEthVar              0x2000'1240    0x90  Data  Gb  user_app_ethernet.o [1]
sAppMem                 0x2000'8e10    0x30  Data  Gb  user_app_mem.o [1]
sAppSimCallback         0x2000'16e4    0x20  Data  Gb  user_app_sim.o [1]
sAppSimInfor            0x2000'1784    0x20  Data  Gb  user_app_sim.o [1]
sAppSimVar              0x2000'0000   0x2c8  Data  Gb  user_app_sim.o [1]
sBattery                0x2000'93cc     0x8  Data  Gb  user_app_wm.o [1]
sButton                 0x2000'8ff4    0x18  Data  Gb  button.o [1]
sCAT24Var               0x2000'6d20   0x238  Data  Gb  cat24mxx.o [1]
sCbSimComm              0x2000'8fb8    0x20  Data  Gb  user_sim_common.o [1]
sConfirm                0x2000'02d4    0x14  Data  Lc  button.o [1]
sConvertChlorine        0x2000'8f74    0x24  Data  Gb  user_app_sensor.o [1]
sDataSensorMeasure      0x2000'8e70    0x30  Data  Gb  user_app_rs485.o [1]
sData_Calib             0x2000'15c0     0x8  Data  Gb  user_app_rs485.o [1]
sEthCmd                 0x2000'12ec    0xe0  Data  Gb  user_app_ethernet.o [1]
sEthResCode             0x2000'13cc    0x30  Data  Gb  user_app_ethernet.o [1]
sEventAppComm           0x2000'10b8    0x70  Data  Gb  user_app_comm.o [1]
sEventAppEth            0x2000'1150    0xf0  Data  Gb  user_app_ethernet.o [1]
sEventAppMem            0x2000'14ac    0x90  Data  Gb  user_app_mem.o [1]
sEventAppRs485          0x2000'1560    0x60  Data  Gb  user_app_rs485.o [1]
sEventAppSensor         0x2000'15d8    0x50  Data  Gb  user_app_sensor.o [1]
sEventAppSim            0x2000'1634    0xb0  Data  Gb  user_app_sim.o [1]
sEventAppWM             0x2000'17a4    0xd0  Data  Gb  user_app_wm.o [1]
sEventCAT24             0x2000'02e8    0x20  Data  Gb  cat24mxx.o [1]
sEventDisplay           0x2000'0324    0x60  Data  Gb  lcd_display.o [1]
sEventOnChipFlash       0x2000'1ec4    0x20  Data  Gb  user_internal_mem.o [1]
sEventSim               0x2000'23fc    0x40  Data  Gb  user_sim.o [1]
sFROM_Manager           0x2000'93f0     0x4  Data  Gb  cat24mxx.o [1]
sFTPvar                 0x2000'9054    0x18  Data  Gb  user_app_ethernet.o [1]
sFileSys                0x2000'24b8    0x44  Data  Gb  user_sim_common.o [1]
sFirmVersion            0x2000'1128     0x8  Data  Gb  user_app_comm.o [1]
sHandleRs485            0x2000'936c     0xc  Data  Gb  user_app_rs485.o [1]
sKindMode485            0x2000'9508     0x2  Data  Gb  user_app_rs485.o [1]
sLCD                    0x2000'9320    0x10  Data  Gb  lcd_display.o [1]
sLCDObject              0x2000'0424   0xc18  Data  Gb  lcd_display.o [1]
sLPMFeatureHandler      0x2000'94c0     0x4  Data  Gb  user_lpm.o [1]
sLastPackInfor          0x2000'9340    0x10  Data  Gb  user_app_wm.o [1]
sLevelInfor             0x2000'93a4     0x8  Data  Gb  level_S_YW_01B.o [1]
sLevelSupInfor          0x2000'93ac     0x8  Data  Gb  level_SUP_PX261_B.o [1]
sLevelUltra             0x2000'93b4     0x8  Data  Gb  level_ultrasonic.o [1]
sListWmDigital          0x2000'251c    0xc0  Data  Gb  user_wm_digital.o [1]
sMQTT                   0x2000'2290   0x104  Data  Gb  user_mqtt.o [1]
sMT100                  0x2000'9204    0x18  Data  Gb  wm_mt100.o [1]
sMT100_REGISTER         0x2000'27d8    0x2c  Data  Gb  wm_mt100.o [1]
sMark_MessageRecei_Type
                         0x802'e164    0xb0  Data  Gb  user_mqtt.o [1]
sMark_MessageSend_Type   0x802'd9bc   0x1d0  Data  Gb  user_mqtt.o [1]
sMeterThreshold         0x2000'1874    0x10  Data  Gb  user_app_wm.o [1]
sModemInfor             0x2000'21b4    0xc4  Data  Gb  user_modem.o [1]
sModemLPMHandle         0x2000'2278    0x10  Data  Gb  user_modem.o [1]
sModemVar               0x2000'218c    0x28  Data  Gb  user_modem.o [1]
sOffsetMeasure          0x2000'8ea0    0x30  Data  Gb  user_app_sensor.o [1]
sOnFlash                0x2000'6f58   0x238  Data  Gb  user_internal_mem.o [1]
sPressConfig            0x2000'9310    0x10  Data  Lc  button.o [1]
sPulse                  0x2000'80ec   0x108  Data  Gb  user_app_wm.o [1]
sPulseConfig            0x2000'8ed0    0x2c  Data  Lc  button.o [1]
sQMemRead               0x2000'83f4    0xa0  Data  Lc  user_app_mem.o [1]
sQMemWrite              0x2000'28b4  0x1450  Data  Lc  user_app_mem.o [1]
sRTC                    0x2000'9390     0xc  Data  Gb  user_util.o [1]
sRecEvent               0x2000'1428    0x2c  Data  Gb  user_app_mem.o [1]
sRecGPS                 0x2000'1480    0x2c  Data  Gb  user_app_mem.o [1]
sRecLog                 0x2000'1454    0x2c  Data  Gb  user_app_mem.o [1]
sRecTSVH                0x2000'13fc    0x2c  Data  Gb  user_app_mem.o [1]
sSV_Modem                0x802'e214    0x78  Data  Gb  user_modem.o [1]
sSensor_Clo             0x2000'90b4    0x18  Data  Gb  user_app_rs485.o [1]
sSensor_EC              0x2000'8f98    0x20  Data  Gb  user_app_rs485.o [1]
sSensor_Turbidity       0x2000'8e40    0x30  Data  Gb  user_app_rs485.o [1]
sSensor_pH              0x2000'909c    0x18  Data  Gb  user_app_rs485.o [1]
sSimCommInfor           0x2000'245c    0x5c  Data  Gb  user_sim_common.o [1]
sSimCommVar             0x2000'91ec    0x18  Data  Gb  user_sim_common.o [1]
sSimFwUpdate            0x2000'8cc8    0x3c  Data  Gb  user_sim_common.o [1]
sSimVar                 0x2000'92fc    0x14  Data  Gb  user_sim.o [1]
sUart485                0x2000'23ec     0x8  Data  Gb  user_rs485.o [1]
sUart485_2              0x2000'23f4     0x8  Data  Gb  user_rs485.o [1]
sUartDebug              0x2000'1130     0x8  Data  Gb  user_app_comm.o [1]
sUartSim                0x2000'243c     0x8  Data  Gb  user_sim.o [1]
sVout                   0x2000'93d4     0x8  Data  Gb  user_app_wm.o [1]
sWOTECK_REGISTER        0x2000'2804    0x18  Data  Gb  woteck_wm.o [1]
sWmDigVar               0x2000'25dc   0x1d0  Data  Gb  user_wm_digital.o [1]
sWmVar                  0x2000'1884   0x110  Data  Gb  user_app_wm.o [1]
sWoteck                 0x2000'9350    0x10  Data  Gb  woteck_wm.o [1]
scalbln                  0x802'6999          Code  Gb  ldexp.o [3]
scalblnl                 0x802'6999          Code  Gb  ldexp.o [3]
scalbn                   0x802'6999          Code  Gb  ldexp.o [3]
scalbnl                  0x802'6999          Code  Gb  ldexp.o [3]
scale                    0x801'ca6f    0x46  Code  Lc  xprintffull_nomb.o [2]
sec_hand                0x2000'94e8     0x4  Data  Lc  xfail_s.o [2]
segment_holding          0x800'f7f1    0x1a  Code  Lc  dlmalloc.o [2]
send                     0x801'6a0d   0x148  Code  Gb  socket.o [1]
send_DHCP_DECLINE        0x801'57d9   0x1ee  Code  Gb  dhcp.o [1]
send_DHCP_DISCOVER       0x801'5171   0x2ac  Code  Gb  dhcp.o [1]
send_DHCP_REQUEST        0x801'541d   0x3bc  Code  Gb  dhcp.o [1]
sendto                   0x801'6cab   0x222  Code  Gb  socket.o [1]
sock_any_port           0x2000'289c     0x2  Data  Lc  socket.o [1]
sock_io_mode            0x2000'94f8     0x2  Data  Lc  socket.o [1]
sock_is_sending         0x2000'94fa     0x2  Data  Lc  socket.o [1]
sock_pack_info          0x2000'93bc     0x8  Data  Gb  socket.o [1]
sock_remained_size      0x2000'9330    0x10  Data  Lc  socket.o [1]
socket                   0x801'6699   0x184  Code  Gb  socket.o [1]
sprintf                  0x800'bb65    0x40  Code  Gb  sprintf.o [2]
strATcmd                0x2000'2288     0x8  Data  Gb  user_modem.o [1]
strchr                   0x802'5f21          Code  Gb  strchr.o [4]
strcpy                   0x802'5e99          Code  Gb  strcpy.o [4]
strcspn                  0x802'6467    0x22  Code  Gb  strcspn.o [2]
strlen                   0x800'eeb1          Code  Gb  strlen.o [4]
strncpy                  0x802'5eb1          Code  Gb  strncpy.o [4]
strspn                   0x802'6445    0x22  Code  Gb  strspn.o [2]
strstr                   0x802'6489    0x2c  Code  Gb  strstr.o [2]
strtok                   0x801'9101    0x4c  Code  Gb  strtok.o [2]
sztmp                   0x2000'7390   0x200  Data  Lc  user_adv_trace.o [1]
tiny_vsnprintf_like      0x801'1787   0x17e  Code  Gb  user_tiny_vsnprintf.o [1]
tolower                  0x802'56b5    0x14  Code  Gb  tolower.o [2]
topicString             0x2000'9384     0xc  Data  Gb  user_mqtt.o [1]
uartSimBuffReceive      0x2000'5c70   0x4b0  Data  Gb  user_sim.o [1]
upper_digits            0x2000'2518     0x4  Data  Lc  user_tiny_vsnprintf.o [1]
uwTick                  0x2000'9448     0x4  Data  Gb  stm32l4xx_hal.o [1]
uwTickFreq              0x2000'28ac     0x1  Data  Gb  stm32l4xx_hal.o [1]
uwTickPrio              0x2000'1090     0x4  Data  Gb  stm32l4xx_hal.o [1]
vcom_DeInit              0x800'd27f    0x1e  Code  Gb  user_app_comm.o [1]
vcom_Init                0x800'd277     0x8  Code  Gb  user_app_comm.o [1]
vcom_Trace_DMA           0x800'd29d    0x1c  Code  Gb  user_app_comm.o [1]
wiz_recv_data            0x801'2147    0x96  Code  Gb  w5500.o [1]
wiz_recv_ignore          0x801'21dd    0x6c  Code  Gb  w5500.o [1]
wiz_send_data            0x801'20b1    0x96  Code  Gb  w5500.o [1]
wizchip_bus_readdata     0x801'8a49     0x4  Code  Gb  wizchip_conf.o [1]
wizchip_bus_writedata    0x801'8a4d     0x4  Code  Gb  wizchip_conf.o [1]
wizchip_clrinterrupt     0x801'8d5f    0x44  Code  Gb  wizchip_conf.o [1]
wizchip_cris_enter       0x801'8a41     0x2  Code  Gb  wizchip_conf.o [1]
wizchip_cris_exit        0x801'8a43     0x2  Code  Gb  wizchip_conf.o [1]
wizchip_cs_deselect      0x801'8a47     0x2  Code  Gb  wizchip_conf.o [1]
wizchip_cs_select        0x801'8a45     0x2  Code  Gb  wizchip_conf.o [1]
wizchip_deselect         0x800'98e1    0x12  Code  Lc  user_app_ethernet.o [1]
wizchip_getinterrupt     0x801'8da3    0x2c  Code  Gb  wizchip_conf.o [1]
wizchip_getinterruptmask
                         0x801'8df1    0x28  Code  Gb  wizchip_conf.o [1]
wizchip_getnetinfo       0x801'9005    0x52  Code  Gb  wizchip_conf.o [1]
wizchip_getnetmode       0x801'909d     0xa  Code  Gb  wizchip_conf.o [1]
wizchip_gettimeout       0x801'90d3    0x2c  Code  Gb  wizchip_conf.o [1]
wizchip_init             0x801'8caf    0xb0  Code  Gb  wizchip_conf.o [1]
wizchip_read             0x800'98f3    0x2a  Code  Lc  user_app_ethernet.o [1]
wizchip_select           0x800'98cb    0x12  Code  Lc  user_app_ethernet.o [1]
wizchip_setinterruptmask
                         0x801'8dcf    0x22  Code  Gb  wizchip_conf.o [1]
wizchip_setnetinfo       0x801'8fb3    0x52  Code  Gb  wizchip_conf.o [1]
wizchip_setnetmode       0x801'9075    0x28  Code  Gb  wizchip_conf.o [1]
wizchip_settimeout       0x801'90a7    0x2c  Code  Gb  wizchip_conf.o [1]
wizchip_spi_readbyte     0x801'8a51     0x4  Code  Gb  wizchip_conf.o [1]
wizchip_spi_writebyte    0x801'8a55     0x2  Code  Gb  wizchip_conf.o [1]
wizchip_sw_reset         0x801'8c39    0x76  Code  Gb  wizchip_conf.o [1]
wizchip_write            0x800'9921    0x20  Code  Lc  user_app_ethernet.o [1]
wizphy_getphyconf        0x801'8ed7    0x76  Code  Gb  wizchip_conf.o [1]
wizphy_getphylink        0x801'8e19    0x18  Code  Gb  wizchip_conf.o [1]
wizphy_getphypmode       0x801'8e31    0x1e  Code  Gb  wizchip_conf.o [1]
wizphy_reset             0x801'8e4f    0x34  Code  Gb  wizchip_conf.o [1]
wizphy_setphyconf        0x801'8e83    0x54  Code  Gb  wizchip_conf.o [1]
wizphy_setphypmode       0x801'8f4d    0x66  Code  Gb  wizchip_conf.o [1]
writeCString             0x802'c0b3    0x2a  Code  Gb  MQTTPacket.o [1]
writeChar                0x802'c07d     0xc  Code  Gb  MQTTPacket.o [1]
writeInt                 0x802'c089    0x2a  Code  Gb  MQTTPacket.o [1]
writeMQTTString          0x802'c0dd    0x42  Code  Gb  MQTTPacket.o [1]


[1] = D:\Project_STM32\Saoviet_Datalogger_DCU_Calib_Kalman_Filter\wm_gsm_ethernet_v3\EWARM\wm_gsm_ethernet_v3\Obj
[2] = dl7M_tlf.a
[3] = m7M_tls.a
[4] = rt7M_tl.a
[5] = shb_l.a

  166'163 bytes of readonly  code memory
   23'051 bytes of readonly  data memory
   40'793 bytes of readwrite data memory

Errors: none
Warnings: none
