###############################################################################
#
# IAR ELF Linker V8.40.2.214/W32 for ARM                  26/Nov/2025  09:26:21
# Copyright 2007-2019 IAR Systems AB.
#
#    Output file  =
#        D:\Saoviet_Git\Saoviet_EnviroTrack\Project_Raw_Water\1.Source_Code_L496\wm_gsm_ethernet_v3\EWARM\wm_gsm_ethernet_v3\Exe\wm_gsm_ethernet_v3.out
#    Map file     =
#        D:\Saoviet_Git\Saoviet_EnviroTrack\Project_Raw_Water\1.Source_Code_L496\wm_gsm_ethernet_v3\EWARM\wm_gsm_ethernet_v3\List\wm_gsm_ethernet_v3.map
#    Command line =
#        -f C:\Users\PC\AppData\Local\Temp\EW8A7.tmp
#        (D:\Saoviet_Git\Saoviet_EnviroTrack\Project_Raw_Water\1.Source_Code_L496\wm_gsm_ethernet_v3\EWARM\wm_gsm_ethernet_v3\Obj\adc.o
#        D:\Saoviet_Git\Saoviet_EnviroTrack\Project_Raw_Water\1.Source_Code_L496\wm_gsm_ethernet_v3\EWARM\wm_gsm_ethernet_v3\Obj\button.o
#        D:\Saoviet_Git\Saoviet_EnviroTrack\Project_Raw_Water\1.Source_Code_L496\wm_gsm_ethernet_v3\EWARM\wm_gsm_ethernet_v3\Obj\cat24mxx.o
#        D:\Saoviet_Git\Saoviet_EnviroTrack\Project_Raw_Water\1.Source_Code_L496\wm_gsm_ethernet_v3\EWARM\wm_gsm_ethernet_v3\Obj\dhcp.o
#        D:\Saoviet_Git\Saoviet_EnviroTrack\Project_Raw_Water\1.Source_Code_L496\wm_gsm_ethernet_v3\EWARM\wm_gsm_ethernet_v3\Obj\dma.o
#        D:\Saoviet_Git\Saoviet_EnviroTrack\Project_Raw_Water\1.Source_Code_L496\wm_gsm_ethernet_v3\EWARM\wm_gsm_ethernet_v3\Obj\dns.o
#        D:\Saoviet_Git\Saoviet_EnviroTrack\Project_Raw_Water\1.Source_Code_L496\wm_gsm_ethernet_v3\EWARM\wm_gsm_ethernet_v3\Obj\event_driven.o
#        D:\Saoviet_Git\Saoviet_EnviroTrack\Project_Raw_Water\1.Source_Code_L496\wm_gsm_ethernet_v3\EWARM\wm_gsm_ethernet_v3\Obj\glcd.o
#        D:\Saoviet_Git\Saoviet_EnviroTrack\Project_Raw_Water\1.Source_Code_L496\wm_gsm_ethernet_v3\EWARM\wm_gsm_ethernet_v3\Obj\gpio.o
#        D:\Saoviet_Git\Saoviet_EnviroTrack\Project_Raw_Water\1.Source_Code_L496\wm_gsm_ethernet_v3\EWARM\wm_gsm_ethernet_v3\Obj\graphics.o
#        D:\Saoviet_Git\Saoviet_EnviroTrack\Project_Raw_Water\1.Source_Code_L496\wm_gsm_ethernet_v3\EWARM\wm_gsm_ethernet_v3\Obj\graphs.o
#        D:\Saoviet_Git\Saoviet_EnviroTrack\Project_Raw_Water\1.Source_Code_L496\wm_gsm_ethernet_v3\EWARM\wm_gsm_ethernet_v3\Obj\i2c.o
#        D:\Saoviet_Git\Saoviet_EnviroTrack\Project_Raw_Water\1.Source_Code_L496\wm_gsm_ethernet_v3\EWARM\wm_gsm_ethernet_v3\Obj\lcd_display.o
#        D:\Saoviet_Git\Saoviet_EnviroTrack\Project_Raw_Water\1.Source_Code_L496\wm_gsm_ethernet_v3\EWARM\wm_gsm_ethernet_v3\Obj\level_S_YW_01B.o
#        D:\Saoviet_Git\Saoviet_EnviroTrack\Project_Raw_Water\1.Source_Code_L496\wm_gsm_ethernet_v3\EWARM\wm_gsm_ethernet_v3\Obj\level_SUP_PX261_B.o
#        D:\Saoviet_Git\Saoviet_EnviroTrack\Project_Raw_Water\1.Source_Code_L496\wm_gsm_ethernet_v3\EWARM\wm_gsm_ethernet_v3\Obj\level_ultrasonic.o
#        D:\Saoviet_Git\Saoviet_EnviroTrack\Project_Raw_Water\1.Source_Code_L496\wm_gsm_ethernet_v3\EWARM\wm_gsm_ethernet_v3\Obj\lptim.o
#        D:\Saoviet_Git\Saoviet_EnviroTrack\Project_Raw_Water\1.Source_Code_L496\wm_gsm_ethernet_v3\EWARM\wm_gsm_ethernet_v3\Obj\main.o
#        D:\Saoviet_Git\Saoviet_EnviroTrack\Project_Raw_Water\1.Source_Code_L496\wm_gsm_ethernet_v3\EWARM\wm_gsm_ethernet_v3\Obj\MQTTConnectClient.o
#        D:\Saoviet_Git\Saoviet_EnviroTrack\Project_Raw_Water\1.Source_Code_L496\wm_gsm_ethernet_v3\EWARM\wm_gsm_ethernet_v3\Obj\MQTTConnectServer.o
#        D:\Saoviet_Git\Saoviet_EnviroTrack\Project_Raw_Water\1.Source_Code_L496\wm_gsm_ethernet_v3\EWARM\wm_gsm_ethernet_v3\Obj\MQTTDeserializePublish.o
#        D:\Saoviet_Git\Saoviet_EnviroTrack\Project_Raw_Water\1.Source_Code_L496\wm_gsm_ethernet_v3\EWARM\wm_gsm_ethernet_v3\Obj\MQTTFormat.o
#        D:\Saoviet_Git\Saoviet_EnviroTrack\Project_Raw_Water\1.Source_Code_L496\wm_gsm_ethernet_v3\EWARM\wm_gsm_ethernet_v3\Obj\MQTTPacket.o
#        D:\Saoviet_Git\Saoviet_EnviroTrack\Project_Raw_Water\1.Source_Code_L496\wm_gsm_ethernet_v3\EWARM\wm_gsm_ethernet_v3\Obj\MQTTSerializePublish.o
#        D:\Saoviet_Git\Saoviet_EnviroTrack\Project_Raw_Water\1.Source_Code_L496\wm_gsm_ethernet_v3\EWARM\wm_gsm_ethernet_v3\Obj\MQTTSubscribeClient.o
#        D:\Saoviet_Git\Saoviet_EnviroTrack\Project_Raw_Water\1.Source_Code_L496\wm_gsm_ethernet_v3\EWARM\wm_gsm_ethernet_v3\Obj\MQTTSubscribeServer.o
#        D:\Saoviet_Git\Saoviet_EnviroTrack\Project_Raw_Water\1.Source_Code_L496\wm_gsm_ethernet_v3\EWARM\wm_gsm_ethernet_v3\Obj\MQTTUnsubscribeClient.o
#        D:\Saoviet_Git\Saoviet_EnviroTrack\Project_Raw_Water\1.Source_Code_L496\wm_gsm_ethernet_v3\EWARM\wm_gsm_ethernet_v3\Obj\MQTTUnsubscribeServer.o
#        D:\Saoviet_Git\Saoviet_EnviroTrack\Project_Raw_Water\1.Source_Code_L496\wm_gsm_ethernet_v3\EWARM\wm_gsm_ethernet_v3\Obj\NT75451.o
#        D:\Saoviet_Git\Saoviet_EnviroTrack\Project_Raw_Water\1.Source_Code_L496\wm_gsm_ethernet_v3\EWARM\wm_gsm_ethernet_v3\Obj\onchipflash.o
#        D:\Saoviet_Git\Saoviet_EnviroTrack\Project_Raw_Water\1.Source_Code_L496\wm_gsm_ethernet_v3\EWARM\wm_gsm_ethernet_v3\Obj\PCD8544.o
#        D:\Saoviet_Git\Saoviet_EnviroTrack\Project_Raw_Water\1.Source_Code_L496\wm_gsm_ethernet_v3\EWARM\wm_gsm_ethernet_v3\Obj\queue_p.o
#        D:\Saoviet_Git\Saoviet_EnviroTrack\Project_Raw_Water\1.Source_Code_L496\wm_gsm_ethernet_v3\EWARM\wm_gsm_ethernet_v3\Obj\rtc.o
#        D:\Saoviet_Git\Saoviet_EnviroTrack\Project_Raw_Water\1.Source_Code_L496\wm_gsm_ethernet_v3\EWARM\wm_gsm_ethernet_v3\Obj\S25FL216K.o
#        D:\Saoviet_Git\Saoviet_EnviroTrack\Project_Raw_Water\1.Source_Code_L496\wm_gsm_ethernet_v3\EWARM\wm_gsm_ethernet_v3\Obj\socket.o
#        D:\Saoviet_Git\Saoviet_EnviroTrack\Project_Raw_Water\1.Source_Code_L496\wm_gsm_ethernet_v3\EWARM\wm_gsm_ethernet_v3\Obj\spi.o
#        D:\Saoviet_Git\Saoviet_EnviroTrack\Project_Raw_Water\1.Source_Code_L496\wm_gsm_ethernet_v3\EWARM\wm_gsm_ethernet_v3\Obj\ST7565R.o
#        D:\Saoviet_Git\Saoviet_EnviroTrack\Project_Raw_Water\1.Source_Code_L496\wm_gsm_ethernet_v3\EWARM\wm_gsm_ethernet_v3\Obj\startup_stm32l496xx.o
#        D:\Saoviet_Git\Saoviet_EnviroTrack\Project_Raw_Water\1.Source_Code_L496\wm_gsm_ethernet_v3\EWARM\wm_gsm_ethernet_v3\Obj\STM32F0xx.o
#        D:\Saoviet_Git\Saoviet_EnviroTrack\Project_Raw_Water\1.Source_Code_L496\wm_gsm_ethernet_v3\EWARM\wm_gsm_ethernet_v3\Obj\STM32F10x.o
#        D:\Saoviet_Git\Saoviet_EnviroTrack\Project_Raw_Water\1.Source_Code_L496\wm_gsm_ethernet_v3\EWARM\wm_gsm_ethernet_v3\Obj\STM32F4.o
#        D:\Saoviet_Git\Saoviet_EnviroTrack\Project_Raw_Water\1.Source_Code_L496\wm_gsm_ethernet_v3\EWARM\wm_gsm_ethernet_v3\Obj\STM32L4.o
#        D:\Saoviet_Git\Saoviet_EnviroTrack\Project_Raw_Water\1.Source_Code_L496\wm_gsm_ethernet_v3\EWARM\wm_gsm_ethernet_v3\Obj\stm32l4xx_hal.o
#        D:\Saoviet_Git\Saoviet_EnviroTrack\Project_Raw_Water\1.Source_Code_L496\wm_gsm_ethernet_v3\EWARM\wm_gsm_ethernet_v3\Obj\stm32l4xx_hal_adc.o
#        D:\Saoviet_Git\Saoviet_EnviroTrack\Project_Raw_Water\1.Source_Code_L496\wm_gsm_ethernet_v3\EWARM\wm_gsm_ethernet_v3\Obj\stm32l4xx_hal_adc_ex.o
#        D:\Saoviet_Git\Saoviet_EnviroTrack\Project_Raw_Water\1.Source_Code_L496\wm_gsm_ethernet_v3\EWARM\wm_gsm_ethernet_v3\Obj\stm32l4xx_hal_cortex.o
#        D:\Saoviet_Git\Saoviet_EnviroTrack\Project_Raw_Water\1.Source_Code_L496\wm_gsm_ethernet_v3\EWARM\wm_gsm_ethernet_v3\Obj\stm32l4xx_hal_dma.o
#        D:\Saoviet_Git\Saoviet_EnviroTrack\Project_Raw_Water\1.Source_Code_L496\wm_gsm_ethernet_v3\EWARM\wm_gsm_ethernet_v3\Obj\stm32l4xx_hal_dma_ex.o
#        D:\Saoviet_Git\Saoviet_EnviroTrack\Project_Raw_Water\1.Source_Code_L496\wm_gsm_ethernet_v3\EWARM\wm_gsm_ethernet_v3\Obj\stm32l4xx_hal_exti.o
#        D:\Saoviet_Git\Saoviet_EnviroTrack\Project_Raw_Water\1.Source_Code_L496\wm_gsm_ethernet_v3\EWARM\wm_gsm_ethernet_v3\Obj\stm32l4xx_hal_flash.o
#        D:\Saoviet_Git\Saoviet_EnviroTrack\Project_Raw_Water\1.Source_Code_L496\wm_gsm_ethernet_v3\EWARM\wm_gsm_ethernet_v3\Obj\stm32l4xx_hal_flash_ex.o
#        D:\Saoviet_Git\Saoviet_EnviroTrack\Project_Raw_Water\1.Source_Code_L496\wm_gsm_ethernet_v3\EWARM\wm_gsm_ethernet_v3\Obj\stm32l4xx_hal_flash_ramfunc.o
#        D:\Saoviet_Git\Saoviet_EnviroTrack\Project_Raw_Water\1.Source_Code_L496\wm_gsm_ethernet_v3\EWARM\wm_gsm_ethernet_v3\Obj\stm32l4xx_hal_gpio.o
#        D:\Saoviet_Git\Saoviet_EnviroTrack\Project_Raw_Water\1.Source_Code_L496\wm_gsm_ethernet_v3\EWARM\wm_gsm_ethernet_v3\Obj\stm32l4xx_hal_i2c.o
#        D:\Saoviet_Git\Saoviet_EnviroTrack\Project_Raw_Water\1.Source_Code_L496\wm_gsm_ethernet_v3\EWARM\wm_gsm_ethernet_v3\Obj\stm32l4xx_hal_i2c_ex.o
#        D:\Saoviet_Git\Saoviet_EnviroTrack\Project_Raw_Water\1.Source_Code_L496\wm_gsm_ethernet_v3\EWARM\wm_gsm_ethernet_v3\Obj\stm32l4xx_hal_lptim.o
#        D:\Saoviet_Git\Saoviet_EnviroTrack\Project_Raw_Water\1.Source_Code_L496\wm_gsm_ethernet_v3\EWARM\wm_gsm_ethernet_v3\Obj\stm32l4xx_hal_msp.o
#        D:\Saoviet_Git\Saoviet_EnviroTrack\Project_Raw_Water\1.Source_Code_L496\wm_gsm_ethernet_v3\EWARM\wm_gsm_ethernet_v3\Obj\stm32l4xx_hal_pwr.o
#        D:\Saoviet_Git\Saoviet_EnviroTrack\Project_Raw_Water\1.Source_Code_L496\wm_gsm_ethernet_v3\EWARM\wm_gsm_ethernet_v3\Obj\stm32l4xx_hal_pwr_ex.o
#        D:\Saoviet_Git\Saoviet_EnviroTrack\Project_Raw_Water\1.Source_Code_L496\wm_gsm_ethernet_v3\EWARM\wm_gsm_ethernet_v3\Obj\stm32l4xx_hal_rcc.o
#        D:\Saoviet_Git\Saoviet_EnviroTrack\Project_Raw_Water\1.Source_Code_L496\wm_gsm_ethernet_v3\EWARM\wm_gsm_ethernet_v3\Obj\stm32l4xx_hal_rcc_ex.o
#        D:\Saoviet_Git\Saoviet_EnviroTrack\Project_Raw_Water\1.Source_Code_L496\wm_gsm_ethernet_v3\EWARM\wm_gsm_ethernet_v3\Obj\stm32l4xx_hal_rtc.o
#        D:\Saoviet_Git\Saoviet_EnviroTrack\Project_Raw_Water\1.Source_Code_L496\wm_gsm_ethernet_v3\EWARM\wm_gsm_ethernet_v3\Obj\stm32l4xx_hal_rtc_ex.o
#        D:\Saoviet_Git\Saoviet_EnviroTrack\Project_Raw_Water\1.Source_Code_L496\wm_gsm_ethernet_v3\EWARM\wm_gsm_ethernet_v3\Obj\stm32l4xx_hal_spi.o
#        D:\Saoviet_Git\Saoviet_EnviroTrack\Project_Raw_Water\1.Source_Code_L496\wm_gsm_ethernet_v3\EWARM\wm_gsm_ethernet_v3\Obj\stm32l4xx_hal_spi_ex.o
#        D:\Saoviet_Git\Saoviet_EnviroTrack\Project_Raw_Water\1.Source_Code_L496\wm_gsm_ethernet_v3\EWARM\wm_gsm_ethernet_v3\Obj\stm32l4xx_hal_tim.o
#        D:\Saoviet_Git\Saoviet_EnviroTrack\Project_Raw_Water\1.Source_Code_L496\wm_gsm_ethernet_v3\EWARM\wm_gsm_ethernet_v3\Obj\stm32l4xx_hal_tim_ex.o
#        D:\Saoviet_Git\Saoviet_EnviroTrack\Project_Raw_Water\1.Source_Code_L496\wm_gsm_ethernet_v3\EWARM\wm_gsm_ethernet_v3\Obj\stm32l4xx_hal_uart.o
#        D:\Saoviet_Git\Saoviet_EnviroTrack\Project_Raw_Water\1.Source_Code_L496\wm_gsm_ethernet_v3\EWARM\wm_gsm_ethernet_v3\Obj\stm32l4xx_hal_uart_ex.o
#        D:\Saoviet_Git\Saoviet_EnviroTrack\Project_Raw_Water\1.Source_Code_L496\wm_gsm_ethernet_v3\EWARM\wm_gsm_ethernet_v3\Obj\stm32l4xx_it.o
#        D:\Saoviet_Git\Saoviet_EnviroTrack\Project_Raw_Water\1.Source_Code_L496\wm_gsm_ethernet_v3\EWARM\wm_gsm_ethernet_v3\Obj\system_stm32l4xx.o
#        D:\Saoviet_Git\Saoviet_EnviroTrack\Project_Raw_Water\1.Source_Code_L496\wm_gsm_ethernet_v3\EWARM\wm_gsm_ethernet_v3\Obj\text.o
#        D:\Saoviet_Git\Saoviet_EnviroTrack\Project_Raw_Water\1.Source_Code_L496\wm_gsm_ethernet_v3\EWARM\wm_gsm_ethernet_v3\Obj\text_tiny.o
#        D:\Saoviet_Git\Saoviet_EnviroTrack\Project_Raw_Water\1.Source_Code_L496\wm_gsm_ethernet_v3\EWARM\wm_gsm_ethernet_v3\Obj\tim.o
#        D:\Saoviet_Git\Saoviet_EnviroTrack\Project_Raw_Water\1.Source_Code_L496\wm_gsm_ethernet_v3\EWARM\wm_gsm_ethernet_v3\Obj\unit_tests.o
#        D:\Saoviet_Git\Saoviet_EnviroTrack\Project_Raw_Water\1.Source_Code_L496\wm_gsm_ethernet_v3\EWARM\wm_gsm_ethernet_v3\Obj\usart.o
#        D:\Saoviet_Git\Saoviet_EnviroTrack\Project_Raw_Water\1.Source_Code_L496\wm_gsm_ethernet_v3\EWARM\wm_gsm_ethernet_v3\Obj\user_adc.o
#        D:\Saoviet_Git\Saoviet_EnviroTrack\Project_Raw_Water\1.Source_Code_L496\wm_gsm_ethernet_v3\EWARM\wm_gsm_ethernet_v3\Obj\user_adv_trace.o
#        D:\Saoviet_Git\Saoviet_EnviroTrack\Project_Raw_Water\1.Source_Code_L496\wm_gsm_ethernet_v3\EWARM\wm_gsm_ethernet_v3\Obj\user_app_comm.o
#        D:\Saoviet_Git\Saoviet_EnviroTrack\Project_Raw_Water\1.Source_Code_L496\wm_gsm_ethernet_v3\EWARM\wm_gsm_ethernet_v3\Obj\user_app_ethernet.o
#        D:\Saoviet_Git\Saoviet_EnviroTrack\Project_Raw_Water\1.Source_Code_L496\wm_gsm_ethernet_v3\EWARM\wm_gsm_ethernet_v3\Obj\user_app_mem.o
#        D:\Saoviet_Git\Saoviet_EnviroTrack\Project_Raw_Water\1.Source_Code_L496\wm_gsm_ethernet_v3\EWARM\wm_gsm_ethernet_v3\Obj\user_app_rs485.o
#        D:\Saoviet_Git\Saoviet_EnviroTrack\Project_Raw_Water\1.Source_Code_L496\wm_gsm_ethernet_v3\EWARM\wm_gsm_ethernet_v3\Obj\user_app_sensor.o
#        D:\Saoviet_Git\Saoviet_EnviroTrack\Project_Raw_Water\1.Source_Code_L496\wm_gsm_ethernet_v3\EWARM\wm_gsm_ethernet_v3\Obj\user_app_sim.o
#        D:\Saoviet_Git\Saoviet_EnviroTrack\Project_Raw_Water\1.Source_Code_L496\wm_gsm_ethernet_v3\EWARM\wm_gsm_ethernet_v3\Obj\user_app_sms_call.o
#        D:\Saoviet_Git\Saoviet_EnviroTrack\Project_Raw_Water\1.Source_Code_L496\wm_gsm_ethernet_v3\EWARM\wm_gsm_ethernet_v3\Obj\user_app_wm.o
#        D:\Saoviet_Git\Saoviet_EnviroTrack\Project_Raw_Water\1.Source_Code_L496\wm_gsm_ethernet_v3\EWARM\wm_gsm_ethernet_v3\Obj\user_at_serial.o
#        D:\Saoviet_Git\Saoviet_EnviroTrack\Project_Raw_Water\1.Source_Code_L496\wm_gsm_ethernet_v3\EWARM\wm_gsm_ethernet_v3\Obj\user_convert_variable.o
#        D:\Saoviet_Git\Saoviet_EnviroTrack\Project_Raw_Water\1.Source_Code_L496\wm_gsm_ethernet_v3\EWARM\wm_gsm_ethernet_v3\Obj\user_ec200u.o
#        D:\Saoviet_Git\Saoviet_EnviroTrack\Project_Raw_Water\1.Source_Code_L496\wm_gsm_ethernet_v3\EWARM\wm_gsm_ethernet_v3\Obj\user_internal_mem.o
#        D:\Saoviet_Git\Saoviet_EnviroTrack\Project_Raw_Water\1.Source_Code_L496\wm_gsm_ethernet_v3\EWARM\wm_gsm_ethernet_v3\Obj\user_json.o
#        D:\Saoviet_Git\Saoviet_EnviroTrack\Project_Raw_Water\1.Source_Code_L496\wm_gsm_ethernet_v3\EWARM\wm_gsm_ethernet_v3\Obj\user_l506.o
#        D:\Saoviet_Git\Saoviet_EnviroTrack\Project_Raw_Water\1.Source_Code_L496\wm_gsm_ethernet_v3\EWARM\wm_gsm_ethernet_v3\Obj\user_l511.o
#        D:\Saoviet_Git\Saoviet_EnviroTrack\Project_Raw_Water\1.Source_Code_L496\wm_gsm_ethernet_v3\EWARM\wm_gsm_ethernet_v3\Obj\user_log.o
#        D:\Saoviet_Git\Saoviet_EnviroTrack\Project_Raw_Water\1.Source_Code_L496\wm_gsm_ethernet_v3\EWARM\wm_gsm_ethernet_v3\Obj\user_lpm.o
#        D:\Saoviet_Git\Saoviet_EnviroTrack\Project_Raw_Water\1.Source_Code_L496\wm_gsm_ethernet_v3\EWARM\wm_gsm_ethernet_v3\Obj\user_lptim.o
#        D:\Saoviet_Git\Saoviet_EnviroTrack\Project_Raw_Water\1.Source_Code_L496\wm_gsm_ethernet_v3\EWARM\wm_gsm_ethernet_v3\Obj\user_mem_comm.o
#        D:\Saoviet_Git\Saoviet_EnviroTrack\Project_Raw_Water\1.Source_Code_L496\wm_gsm_ethernet_v3\EWARM\wm_gsm_ethernet_v3\Obj\user_modbus_rtu.o
#        D:\Saoviet_Git\Saoviet_EnviroTrack\Project_Raw_Water\1.Source_Code_L496\wm_gsm_ethernet_v3\EWARM\wm_gsm_ethernet_v3\Obj\user_modem.o
#        D:\Saoviet_Git\Saoviet_EnviroTrack\Project_Raw_Water\1.Source_Code_L496\wm_gsm_ethernet_v3\EWARM\wm_gsm_ethernet_v3\Obj\user_mqtt.o
#        D:\Saoviet_Git\Saoviet_EnviroTrack\Project_Raw_Water\1.Source_Code_L496\wm_gsm_ethernet_v3\EWARM\wm_gsm_ethernet_v3\Obj\user_obis_sv.o
#        D:\Saoviet_Git\Saoviet_EnviroTrack\Project_Raw_Water\1.Source_Code_L496\wm_gsm_ethernet_v3\EWARM\wm_gsm_ethernet_v3\Obj\user_rs485.o
#        D:\Saoviet_Git\Saoviet_EnviroTrack\Project_Raw_Water\1.Source_Code_L496\wm_gsm_ethernet_v3\EWARM\wm_gsm_ethernet_v3\Obj\user_rtc.o
#        D:\Saoviet_Git\Saoviet_EnviroTrack\Project_Raw_Water\1.Source_Code_L496\wm_gsm_ethernet_v3\EWARM\wm_gsm_ethernet_v3\Obj\user_sim.o
#        D:\Saoviet_Git\Saoviet_EnviroTrack\Project_Raw_Water\1.Source_Code_L496\wm_gsm_ethernet_v3\EWARM\wm_gsm_ethernet_v3\Obj\user_sim_common.o
#        D:\Saoviet_Git\Saoviet_EnviroTrack\Project_Raw_Water\1.Source_Code_L496\wm_gsm_ethernet_v3\EWARM\wm_gsm_ethernet_v3\Obj\user_string.o
#        D:\Saoviet_Git\Saoviet_EnviroTrack\Project_Raw_Water\1.Source_Code_L496\wm_gsm_ethernet_v3\EWARM\wm_gsm_ethernet_v3\Obj\user_time.o
#        D:\Saoviet_Git\Saoviet_EnviroTrack\Project_Raw_Water\1.Source_Code_L496\wm_gsm_ethernet_v3\EWARM\wm_gsm_ethernet_v3\Obj\user_timer.o
#        D:\Saoviet_Git\Saoviet_EnviroTrack\Project_Raw_Water\1.Source_Code_L496\wm_gsm_ethernet_v3\EWARM\wm_gsm_ethernet_v3\Obj\user_tiny_vsnprintf.o
#        D:\Saoviet_Git\Saoviet_EnviroTrack\Project_Raw_Water\1.Source_Code_L496\wm_gsm_ethernet_v3\EWARM\wm_gsm_ethernet_v3\Obj\user_uart.o
#        D:\Saoviet_Git\Saoviet_EnviroTrack\Project_Raw_Water\1.Source_Code_L496\wm_gsm_ethernet_v3\EWARM\wm_gsm_ethernet_v3\Obj\user_util.o
#        D:\Saoviet_Git\Saoviet_EnviroTrack\Project_Raw_Water\1.Source_Code_L496\wm_gsm_ethernet_v3\EWARM\wm_gsm_ethernet_v3\Obj\user_wm_digital.o
#        D:\Saoviet_Git\Saoviet_EnviroTrack\Project_Raw_Water\1.Source_Code_L496\wm_gsm_ethernet_v3\EWARM\wm_gsm_ethernet_v3\Obj\w5500.o
#        D:\Saoviet_Git\Saoviet_EnviroTrack\Project_Raw_Water\1.Source_Code_L496\wm_gsm_ethernet_v3\EWARM\wm_gsm_ethernet_v3\Obj\wizchip_conf.o
#        D:\Saoviet_Git\Saoviet_EnviroTrack\Project_Raw_Water\1.Source_Code_L496\wm_gsm_ethernet_v3\EWARM\wm_gsm_ethernet_v3\Obj\wm_mt100.o
#        D:\Saoviet_Git\Saoviet_EnviroTrack\Project_Raw_Water\1.Source_Code_L496\wm_gsm_ethernet_v3\EWARM\wm_gsm_ethernet_v3\Obj\woteck_wm.o
#        --no_out_extension -o
#        D:\Saoviet_Git\Saoviet_EnviroTrack\Project_Raw_Water\1.Source_Code_L496\wm_gsm_ethernet_v3\EWARM\wm_gsm_ethernet_v3\Exe\wm_gsm_ethernet_v3.out
#        --redirect _Printf=_PrintfFullNoMb --redirect _Scanf=_ScanfFullNoMb
#        --map
#        D:\Saoviet_Git\Saoviet_EnviroTrack\Project_Raw_Water\1.Source_Code_L496\wm_gsm_ethernet_v3\EWARM\wm_gsm_ethernet_v3\List\wm_gsm_ethernet_v3.map
#        --config
#        D:\Saoviet_Git\Saoviet_EnviroTrack\Project_Raw_Water\1.Source_Code_L496\wm_gsm_ethernet_v3\EWARM/stm32l496xx_flash.icf
#        --semihosting --entry __iar_program_start --vfe --text_out locale)
#
###############################################################################

*******************************************************************************
*** RUNTIME MODEL ATTRIBUTES
***

CppFlavor       = *
__Heap_Handler  = DLMalloc
__SystemLibrary = DLib
__dlib_version  = 6


*******************************************************************************
*** HEAP SELECTION
***

The advanced heap was selected because the application calls memory
allocation functions outside of system library functions, and there
are calls to deallocation functions in the application.


*******************************************************************************
*** PLACEMENT SUMMARY
***

"A0":  place at address 0x800'4000 { ro section .intvec };
"P1":  place in [from 0x800'0000 to 0x80f'ffff] { ro };
define block CSTACK with size = 2K, alignment = 8 { };
define block HEAP with size = 512, alignment = 8 { };
"P2":  place in [from 0x2000'0000 to 0x2004'ffff] {
          rw, block CSTACK, block HEAP };
initialize by copy { rw };

  Section            Kind         Address      Size  Object
  -------            ----         -------      ----  ------
"A0":                                         0x1ac
  .intvec            ro code   0x800'4000     0x1ac  startup_stm32l496xx.o [1]
                             - 0x800'41ac     0x1ac

"P1":                                      0x2'd9a0
  .text              ro code   0x800'41ac    0x38bc  user_app_wm.o [1]
  .text              ro code   0x800'7a68     0x32c  user_timer.o [1]
  .text              ro code   0x800'7d94       0xc  stm32l4xx_hal.o [1]
  .text              ro code   0x800'7da0      0x4a  event_driven.o [1]
  .text              ro code   0x800'7dea      0x3a  zero_init3.o [4]
  .text              ro code   0x800'7e24     0x64a  user_util.o [1]
  .text              ro code   0x800'846e       0xa  xsprout.o [2]
  .text              ro code   0x800'8478     0x29c  user_time.o [1]
  .text              ro code   0x800'8714     0x2da  user_adv_trace.o [1]
  .rodata            const     0x800'89ee       0x2  user_app_wm.o [1]
  .text              ro code   0x800'89f0     0x158  user_lptim.o [1]
  .text              ro code   0x800'8b48    0x2034  user_app_ethernet.o [1]
  .text              ro code   0x800'ab7c     0xf80  user_app_sim.o [1]
  .text              ro code   0x800'bafc      0x66  ABImemset.o [4]
  .rodata            const     0x800'bb62       0x2  user_ec200u.o [1]
  .text              ro code   0x800'bb64      0x40  sprintf.o [2]
  .text              ro code   0x800'bba4      0x48  FltToDbl.o [3]
  .text              ro code   0x800'bbec      0x3a  DblToS32.o [3]
  .rodata            const     0x800'bc26       0x2  user_ec200u.o [1]
  .text              ro code   0x800'bc28     0x3c8  stm32l4xx_hal_gpio.o [1]
  .text              ro code   0x800'bff0     0x564  user_rs485.o [1]
  .text              ro code   0x800'c554     0x380  user_wm_digital.o [1]
  .text              ro code   0x800'c8d4     0x14c  user_adc.o [1]
  .text              ro code   0x800'ca20     0x998  user_app_comm.o [1]
  .text              ro code   0x800'd3b8      0x2e  DblCmpLe.o [3]
  .rodata            const     0x800'd3e6       0x2  xlocale_c.o [2]
  .text              ro code   0x800'd3e8      0xe2  DblSub.o [3]
  .rodata            const     0x800'd4ca       0x2  xlocale_c.o [2]
  .text              ro code   0x800'd4cc     0x1a2  DblMul.o [3]
  .rodata            const     0x800'd66e       0x1  xlocale_c.o [2]
  .text              ro code   0x800'd670     0x246  DblDiv.o [3]
  .text              ro code   0x800'd8b8     0x17a  DblAdd.o [3]
  .text              ro code   0x800'da34     0x1f8  onchipflash.o [1]
  .text              ro code   0x800'dc2c    0x1284  user_app_mem.o [1]
  .text              ro code   0x800'eeb0      0x36  strlen.o [4]
  .text              ro code   0x800'eee8      0xa6  ABImemcpy.o [4]
  .text              ro code   0x800'ef90      0x22  S32ToDbl.o [3]
  .text              ro code   0x800'efb2     0x28a  user_obis_sv.o [1]
  .text              ro code   0x800'f23c     0x3c4  user_convert_variable.o [1]
  .text              ro code   0x800'f600      0x68  DblToFlt.o [3]
  .text              ro code   0x800'f668      0x1e  math_wrappers64.o [3]
  .text              ro code   0x800'f688      0x1a  U32ToDbl.o [3]
  .text              ro code   0x800'f6a4     0x14c  iar_Stoulx.o [2]
  .text              ro code   0x800'f7f0    0x14dc  dlmalloc.o [2]
  .text              ro code   0x801'0ccc       0x4  heaptramp0.o [2]
  .text              ro code   0x801'0cd0     0x230  I64DivMod.o [4]
  .text              ro code   0x801'0f00     0x736  stm32l4xx_hal_rtc.o [1]
  .text              ro code   0x801'1638     0x2d8  user_tiny_vsnprintf.o [1]
  .text              ro code   0x801'1910       0x2  user_adv_trace.o [1]
  .text              ro code   0x801'1914     0x18c  stm32l4xx_hal_lptim.o [1]
  .text              ro code   0x801'1aa0     0x37c  stm32l4xx_hal_tim.o [1]
  .text              ro code   0x801'1e1c       0x8  abs.o [2]
  .text              ro code   0x801'1e24     0x424  w5500.o [1]
  .text              ro code   0x801'2248    0x2d20  user_modem.o [1]
  .text              ro code   0x801'4f68    0x10f4  dhcp.o [1]
  .text              ro code   0x801'605c     0x4d0  dns.o [1]
  .text              ro code   0x801'652c     0x16a  queue_p.o [1]
  .text              ro code   0x801'6698     0xc8c  socket.o [1]
  .text              ro code   0x801'7324     0xc92  user_mqtt.o [1]
  .text              ro code   0x801'7fb6     0x2a6  user_string.o [1]
  .text              ro code   0x801'825c     0x7e2  stm32l4xx_hal_spi.o [1]
  .text              ro code   0x801'8a40     0x6be  wizchip_conf.o [1]
  .text              ro code   0x801'9100      0x4c  strtok.o [2]
  .text              ro code   0x801'914c     0x1b0  stm32l4xx_hal_flash.o [1]
  .text              ro code   0x801'92fc      0x28  stm32l4xx_hal.o [1]
  .text              ro code   0x801'9324     0x96e  user_sim_common.o [1]
  .text              ro code   0x801'9c94     0x828  user_sim.o [1]
  .text              ro code   0x801'a4bc     0x982  user_ec200u.o [1]
  .text              ro code   0x801'ae40     0xd64  stm32l4xx_hal_uart.o [1]
  .text              ro code   0x801'bba4     0xfc6  xprintffull_nomb.o [2]
  .text              ro code   0x801'cb6a      0x66  stm32l4xx_hal_uart_ex.o [1]
  .text              ro code   0x801'cbd0     0x15c  stm32l4xx_hal_cortex.o [1]
  .text              ro code   0x801'cd2c     0x180  user_modbus_rtu.o [1]
  .text              ro code   0x801'ceac      0xf0  main.o [1]
  .text              ro code   0x801'cf9c     0x20c  wm_mt100.o [1]
  .text              ro code   0x801'd1a8     0xe6a  stm32l4xx_hal_adc.o [1]
  .text              ro code   0x801'e014     0x1ec  stm32l4xx_hal_adc_ex.o [1]
  .text              ro code   0x801'e200     0x168  user_uart.o [1]
  .text              ro code   0x801'e368     0x154  user_lpm.o [1]
  .text              ro code   0x801'e4bc    0x1a90  user_app_rs485.o [1]
  .text              ro code   0x801'ff4c    0x2184  user_app_sensor.o [1]
  .text              ro code   0x802'20d0    0x1240  lcd_display.o [1]
  .text              ro code   0x802'3310     0x978  stm32l4xx_hal_rcc.o [1]
  .text              ro code   0x802'3c88     0x520  usart.o [1]
  .text              ro code   0x802'41a8      0xb4  stm32l4xx_hal_flash_ex.o [1]
  .text              ro code   0x802'425c     0x110  user_internal_mem.o [1]
  .text              ro code   0x802'436c     0x328  cat24mxx.o [1]
  .text              ro code   0x802'4694     0x4f8  strto64.o [3]
  .text              ro code   0x802'4b8c     0x6ec  pow64.o [3]
  .text              ro code   0x802'5278      0x14  isspace.o [2]
  .text              ro code   0x802'528c      0x14  tolower.o [2]
  .text              ro code   0x802'52a0      0x58  memchr.o [4]
  .text              ro code   0x802'52f8       0x6  abort.o [2]
  .text              ro code   0x802'5300      0x2c  xgetmemchunk.o [2]
  .text              ro code   0x802'532c       0x6  ABImemclr.o [4]
  .text              ro code   0x802'5334       0x2  I64DivZer.o [4]
  .text              ro code   0x802'5338      0x58  rtc.o [1]
  .text              ro code   0x802'5390     0x358  user_rtc.o [1]
  .text              ro code   0x802'56e8       0x2  stm32l4xx_hal_rtc_ex.o [1]
  .text              ro code   0x802'56ec     0x194  lptim.o [1]
  .text              ro code   0x802'5880     0x1dc  tim.o [1]
  .text              ro code   0x802'5a5c      0x14  memset.o [4]
  .text              ro code   0x802'5a70      0x18  strcpy.o [4]
  .text              ro code   0x802'5a88      0x70  strncpy.o [4]
  .text              ro code   0x802'5af8      0x16  strchr.o [4]
  .text              ro code   0x802'5b10      0xc8  MQTTSerializePublish.o [1]
  .text              ro code   0x802'5bd8       0x6  ABImemclr4.o [4]
  .text              ro code   0x802'5be0      0xe0  MQTTSubscribeClient.o [1]
  .text              ro code   0x802'5cc0     0x1f0  MQTTConnectClient.o [1]
  .text              ro code   0x802'5eb0     0x16c  spi.o [1]
  .text              ro code   0x802'601c      0x22  strspn.o [2]
  .text              ro code   0x802'603e      0x22  strcspn.o [2]
  .text              ro code   0x802'6060      0x2c  strstr.o [2]
  .text              ro code   0x802'608c     0x3fe  stm32l4xx_hal_dma.o [1]
  .text              ro code   0x802'648a       0x2  stm32l4xx_hal_uart.o [1]
  .text              ro code   0x802'648c       0x2  stm32l4xx_hal_uart.o [1]
  .text              ro code   0x802'6490      0x40  xfail_s.o [2]
  .text              ro code   0x802'64d0      0x70  frexp.o [3]
  .text              ro code   0x802'6540      0x2e  DblCmpGe.o [3]
  .text              ro code   0x802'6570     0x13a  ldexp.o [3]
  .text              ro code   0x802'66ac      0x28  DblToU32.o [3]
  .text              ro code   0x802'66d4      0x4c  xlocale_c.o [2]
  .text              ro code   0x802'6720      0x4c  stm32l4xx_hal.o [1]
  .text              ro code   0x802'676c     0x370  gpio.o [1]
  .text              ro code   0x802'6adc      0x70  dma.o [1]
  .text              ro code   0x802'6b4c     0x1d8  adc.o [1]
  .text              ro code   0x802'6d24      0xf4  i2c.o [1]
  .text              ro code   0x802'6e18     0x108  stm32l4xx_hal_pwr_ex.o [1]
  .text              ro code   0x802'6f20      0x78  stm32l4xx_hal_pwr.o [1]
  .text              ro code   0x802'6f98      0x10  stm32l4xx_hal.o [1]
  .text              ro code   0x802'6fa8      0x10  stm32l4xx_hal.o [1]
  .text              ro code   0x802'6fb8      0xac  STM32L4.o [1]
  .text              ro code   0x802'7064     0x270  text_tiny.o [1]
  .text              ro code   0x802'72d4      0x14  unit_tests.o [1]
  .text              ro code   0x802'72e8      0xdc  glcd.o [1]
  .text              ro code   0x802'73c4     0x378  text.o [1]
  .text              ro code   0x802'773c     0x28c  graphics.o [1]
  .text              ro code   0x802'79c8     0x150  ST7565R.o [1]
  .text              ro code   0x802'7b18    0x245c  button.o [1]
  .text              ro code   0x802'9f74      0x5c  stm32l4xx_hal.o [1]
  .text              ro code   0x802'9fd0     0x704  stm32l4xx_hal_rcc_ex.o [1]
  .text              ro code   0x802'a6d4     0x820  stm32l4xx_hal_i2c.o [1]
  .text              ro code   0x802'aef4     0x122  iar_Stopfx.o [2]
  .text              ro code   0x802'b018     0x1b8  iar_Stoflt.o [2]
  .text              ro code   0x802'b1d0     0x208  iar_Stoxflt.o [2]
  .text              ro code   0x802'b3d8      0x20  DblCmpEq.o [3]
  .text              ro code   0x802'b3f8     0x3e8  iar_Exp64.o [3]
  .text              ro code   0x802'b7e0      0x14  exit.o [5]
  .text              ro code   0x802'b7f4      0x46  stm32l4xx_hal_rtc_ex.o [1]
  .text              ro code   0x802'b83c      0xb4  stm32l4xx_hal_tim_ex.o [1]
  .text              ro code   0x802'b8f0     0x108  MQTTPacket.o [1]
  .text              ro code   0x802'b9f8      0x32  ABImemset48.o [4]
  .text              ro code   0x802'ba2c      0x38  stm32l4xx_hal_msp.o [1]
  .text              ro code   0x802'ba64      0xbe  stm32l4xx_hal_i2c_ex.o [1]
  .text              ro code   0x802'bb22      0x14  isalpha.o [2]
  .rodata            const     0x802'bb38     0x760  user_ec200u.o [1]
  .rodata            const     0x802'c298     0x548  lcd_display.o [1]
  .rodata            const     0x802'c7e0      0x64  user_app_sensor.o [1]
  .rodata            const     0x802'c848     0x420  pow64.o [3]
  .rodata            const     0x802'cc68     0x400  unit_tests.o [1]
  .rodata            const     0x802'd068     0x214  lcd_display.o [1]
  .rodata            const     0x802'd27c     0x1d0  user_mqtt.o [1]
  .text              ro code   0x802'd44c     0x1b4  woteck_wm.o [1]
  .text              ro code   0x802'd600      0xe0  stm32l4xx_it.o [1]
  .text              ro code   0x802'd6e0      0x18  stm32l4xx_hal.o [1]
  .rodata            const     0x802'd6f8      0xd0  user_ec200u.o [1]
  .text              ro code   0x802'd7c8      0xcc  user_log.o [1]
  .rodata            const     0x802'd894      0xc8  user_modem.o [1]
  .rodata            const     0x802'd95c      0xc8  user_modem.o [1]
  .rodata            const     0x802'da24      0xb0  user_mqtt.o [1]
  .rodata            const     0x802'dad4      0x78  user_modem.o [1]
  .text              ro code   0x802'db4c      0x78  lz77_init_single.o [4]
  .rodata            const     0x802'dbc4      0x64  user_app_sensor.o [1]
  .rodata            const     0x802'dc28      0x64  user_app_sensor.o [1]
  .text              ro code   0x802'dc8c      0x58  level_S_YW_01B.o [1]
  .rodata            const     0x802'dce4      0x50  user_app_rs485.o [1]
  .rodata            const     0x802'dd34      0x50  user_app_rs485.o [1]
  .rodata            const     0x802'dd84      0x50  iar_Stoulx.o [2]
  .rodata            const     0x802'ddd4      0x3c  user_app_ethernet.o [1]
  .rodata            const     0x802'de10      0x48  strto64.o [3]
  .text              ro code   0x802'de58      0x48  level_SUP_PX261_B.o [1]
  .rodata            const     0x802'dea0      0x3c  user_app_rs485.o [1]
  .rodata            const     0x802'dedc      0x38  user_app_wm.o [1]
  .rodata            const     0x802'df14      0x34  user_app_ethernet.o [1]
  .rodata            const     0x802'df48      0x34  user_app_sensor.o [1]
  .rodata            const     0x802'df7c      0x34  user_app_sensor.o [1]
  .rodata            const     0x802'dfb0      0x34  user_app_sensor.o [1]
  .rodata            const     0x802'dfe4      0x34  user_app_sensor.o [1]
  .rodata            const     0x802'e018      0x30  system_stm32l4xx.o [1]
  .rodata            const     0x802'e048      0x30  user_ec200u.o [1]
  .rodata            const     0x802'e078      0x30  user_ec200u.o [1]
  .rodata            const     0x802'e0a8      0x2c  user_app_comm.o [1]
  .rodata            const     0x802'e0d4      0x2c  user_rtc.o [1]
  .rodata            const     0x802'e100      0x28  user_app_ethernet.o [1]
  .rodata            const     0x802'e128      0x28  user_app_mem.o [1]
  .rodata            const     0x802'e150      0x28  user_app_mem.o [1]
  .rodata            const     0x802'e178      0x28  user_app_sim.o [1]
  .rodata            const     0x802'e1a0      0x28  user_app_wm.o [1]
  .rodata            const     0x802'e1c8      0x28  user_ec200u.o [1]
  .rodata            const     0x802'e1f0      0x28  user_ec200u.o [1]
  .rodata            const     0x802'e218      0x28  user_ec200u.o [1]
  .rodata            const     0x802'e240      0x28  user_modem.o [1]
  .rodata            const     0x802'e268      0x28  user_tiny_vsnprintf.o [1]
  .rodata            const     0x802'e290      0x28  user_tiny_vsnprintf.o [1]
  .text              ro code   0x802'e2b8      0x28  level_ultrasonic.o [1]
  .text              ro code   0x802'e2e0      0x28  data_init.o [4]
  .rodata            const     0x802'e308      0x24  cat24mxx.o [1]
  .rodata            const     0x802'e32c      0x24  cat24mxx.o [1]
  .rodata            const     0x802'e350      0x24  user_app_comm.o [1]
  .rodata            const     0x802'e374      0x24  user_app_comm.o [1]
  .rodata            const     0x802'e398      0x24  user_app_comm.o [1]
  .rodata            const     0x802'e3bc      0x24  user_app_comm.o [1]
  .rodata            const     0x802'e3e0      0x24  user_app_ethernet.o [1]
  .rodata            const     0x802'e404      0x24  user_app_ethernet.o [1]
  .rodata            const     0x802'e428      0x24  user_app_ethernet.o [1]
  .rodata            const     0x802'e44c      0x24  user_app_ethernet.o [1]
  .rodata            const     0x802'e470      0x24  user_app_ethernet.o [1]
  .rodata            const     0x802'e494      0x24  user_app_ethernet.o [1]
  .rodata            const     0x802'e4b8      0x24  user_app_ethernet.o [1]
  .rodata            const     0x802'e4dc      0x24  user_app_mem.o [1]
  .rodata            const     0x802'e500      0x24  user_app_mem.o [1]
  .rodata            const     0x802'e524      0x24  user_app_mem.o [1]
  .rodata            const     0x802'e548      0x24  user_app_mem.o [1]
  .rodata            const     0x802'e56c      0x24  user_app_mem.o [1]
  .rodata            const     0x802'e590      0x24  user_app_mem.o [1]
  .rodata            const     0x802'e5b4      0x24  user_app_mem.o [1]
  .rodata            const     0x802'e5d8      0x24  user_app_mem.o [1]
  .rodata            const     0x802'e5fc      0x24  user_app_mem.o [1]
  .rodata            const     0x802'e620      0x24  user_app_mem.o [1]
  .rodata            const     0x802'e644      0x24  user_app_mem.o [1]
  .rodata            const     0x802'e668      0x24  user_app_mem.o [1]
  .rodata            const     0x802'e68c      0x24  user_app_mem.o [1]
  .rodata            const     0x802'e6b0      0x24  user_app_sim.o [1]
  .rodata            const     0x802'e6d4      0x24  user_app_wm.o [1]
  .rodata            const     0x802'e6f8      0x24  user_app_wm.o [1]
  .rodata            const     0x802'e71c      0x24  user_ec200u.o [1]
  .text              ro code   0x802'e740      0x22  fpinit_M.o [3]
  .iar.init_table    const     0x802'e764      0x20  - Linker created -
  .rodata            const     0x802'e784      0x20  user_app_comm.o [1]
  .rodata            const     0x802'e7a4      0x20  user_app_comm.o [1]
  .rodata            const     0x802'e7c4      0x20  user_app_comm.o [1]
  .rodata            const     0x802'e7e4      0x20  user_app_comm.o [1]
  .rodata            const     0x802'e804      0x20  user_app_comm.o [1]
  .rodata            const     0x802'e824      0x20  user_app_comm.o [1]
  .rodata            const     0x802'e844      0x20  user_app_comm.o [1]
  .rodata            const     0x802'e864      0x20  user_app_ethernet.o [1]
  .rodata            const     0x802'e884      0x20  user_app_ethernet.o [1]
  .rodata            const     0x802'e8a4      0x20  user_app_ethernet.o [1]
  .rodata            const     0x802'e8c4      0x20  user_app_ethernet.o [1]
  .rodata            const     0x802'e8e4      0x20  user_app_ethernet.o [1]
  .rodata            const     0x802'e904      0x20  user_app_ethernet.o [1]
  .rodata            const     0x802'e924      0x20  user_app_ethernet.o [1]
  .rodata            const     0x802'e944      0x20  user_app_mem.o [1]
  .rodata            const     0x802'e964      0x20  user_app_mem.o [1]
  .rodata            const     0x802'e984      0x20  user_app_sim.o [1]
  .rodata            const     0x802'e9a4      0x20  user_app_sim.o [1]
  .rodata            const     0x802'e9c4      0x20  user_app_wm.o [1]
  .rodata            const     0x802'e9e4      0x20  user_app_wm.o [1]
  .rodata            const     0x802'ea04      0x20  user_app_wm.o [1]
  .rodata            const     0x802'ea24      0x20  user_app_wm.o [1]
  .rodata            const     0x802'ea44      0x20  user_app_wm.o [1]
  .rodata            const     0x802'ea64      0x20  user_app_wm.o [1]
  .rodata            const     0x802'ea84      0x20  user_app_wm.o [1]
  .rodata            const     0x802'eaa4      0x20  user_ec200u.o [1]
  .rodata            const     0x802'eac4      0x20  user_ec200u.o [1]
  .rodata            const     0x802'eae4      0x20  user_ec200u.o [1]
  .rodata            const     0x802'eb04      0x20  user_ec200u.o [1]
  .rodata            const     0x802'eb24      0x20  user_ec200u.o [1]
  .rodata            const     0x802'eb44      0x20  user_ec200u.o [1]
  .rodata            const     0x802'eb64      0x20  user_modem.o [1]
  .rodata            const     0x802'eb84      0x20  user_modem.o [1]
  .rodata            const     0x802'eba4      0x20  user_mqtt.o [1]
  .rodata            const     0x802'ebc4      0x20  user_rtc.o [1]
  .rodata            const     0x802'ebe4      0x20  user_sim.o [1]
  .rodata            const     0x802'ec04      0x20  user_sim.o [1]
  .text              ro code   0x802'ec24      0x20  system_stm32l4xx.o [1]
  .text              ro code   0x802'ec44      0x1e  cmain.o [4]
  .text              ro code   0x802'ec62       0x4  low_level_init.o [2]
  .text              ro code   0x802'ec66       0x4  exit.o [2]
  .text              ro code   0x802'ec6c       0xa  cexit.o [4]
  .rodata            const     0x802'ec78      0x1c  user_app_comm.o [1]
  .rodata            const     0x802'ec94      0x1c  user_app_comm.o [1]
  .rodata            const     0x802'ecb0      0x1c  user_app_comm.o [1]
  .rodata            const     0x802'eccc      0x1c  user_app_comm.o [1]
  .rodata            const     0x802'ece8      0x1c  user_app_comm.o [1]
  .rodata            const     0x802'ed04      0x1c  user_app_ethernet.o [1]
  .rodata            const     0x802'ed20      0x1c  user_app_ethernet.o [1]
  .rodata            const     0x802'ed3c      0x1c  user_app_ethernet.o [1]
  .rodata            const     0x802'ed58      0x1c  user_app_ethernet.o [1]
  .rodata            const     0x802'ed74      0x1c  user_app_ethernet.o [1]
  .rodata            const     0x802'ed90      0x1c  user_app_ethernet.o [1]
  .rodata            const     0x802'edac      0x1c  user_app_ethernet.o [1]
  .rodata            const     0x802'edc8      0x1c  user_app_ethernet.o [1]
  .rodata            const     0x802'ede4      0x1c  user_app_ethernet.o [1]
  .rodata            const     0x802'ee00      0x1c  user_app_ethernet.o [1]
  .rodata            const     0x802'ee1c      0x1c  user_app_ethernet.o [1]
  .rodata            const     0x802'ee38      0x1c  user_app_ethernet.o [1]
  .rodata            const     0x802'ee54      0x1c  user_app_ethernet.o [1]
  .rodata            const     0x802'ee70      0x1c  user_app_ethernet.o [1]
  .rodata            const     0x802'ee8c      0x1c  user_app_mem.o [1]
  .rodata            const     0x802'eea8      0x1c  user_app_sim.o [1]
  .rodata            const     0x802'eec4      0x1c  user_app_sim.o [1]
  .rodata            const     0x802'eee0      0x1c  user_app_sim.o [1]
  .rodata            const     0x802'eefc      0x1c  user_app_sim.o [1]
  .rodata            const     0x802'ef18      0x1c  user_app_sim.o [1]
  .rodata            const     0x802'ef34      0x1c  user_app_wm.o [1]
  .rodata            const     0x802'ef50      0x1c  user_app_wm.o [1]
  .rodata            const     0x802'ef6c      0x1c  user_app_wm.o [1]
  .rodata            const     0x802'ef88      0x1c  user_app_wm.o [1]
  .rodata            const     0x802'efa4      0x1c  user_app_wm.o [1]
  .rodata            const     0x802'efc0      0x1c  user_app_wm.o [1]
  .rodata            const     0x802'efdc      0x1c  user_app_wm.o [1]
  .rodata            const     0x802'eff8      0x1c  user_app_wm.o [1]
  .rodata            const     0x802'f014      0x1c  user_app_wm.o [1]
  .rodata            const     0x802'f030      0x1c  user_app_wm.o [1]
  .rodata            const     0x802'f04c      0x1c  user_app_wm.o [1]
  .rodata            const     0x802'f068      0x1c  user_ec200u.o [1]
  .rodata            const     0x802'f084      0x1c  user_ec200u.o [1]
  .rodata            const     0x802'f0a0      0x1c  user_ec200u.o [1]
  .rodata            const     0x802'f0bc      0x1c  user_ec200u.o [1]
  .rodata            const     0x802'f0d8      0x1c  user_ec200u.o [1]
  .rodata            const     0x802'f0f4      0x1c  user_ec200u.o [1]
  .rodata            const     0x802'f110      0x1c  user_ec200u.o [1]
  .rodata            const     0x802'f12c      0x1c  user_ec200u.o [1]
  .rodata            const     0x802'f148      0x1c  user_modem.o [1]
  .rodata            const     0x802'f164      0x1c  user_modem.o [1]
  .rodata            const     0x802'f180      0x1c  user_mqtt.o [1]
  .rodata            const     0x802'f19c      0x1c  user_sim.o [1]
  .rodata            const     0x802'f1b8      0x1c  user_uart.o [1]
  .rodata            const     0x802'f1d4      0x18  socket.o [1]
  .rodata            const     0x802'f1ec      0x18  socket.o [1]
  .rodata            const     0x802'f204      0x18  user_app_comm.o [1]
  .rodata            const     0x802'f21c      0x18  user_app_comm.o [1]
  .rodata            const     0x802'f234      0x18  user_app_comm.o [1]
  .rodata            const     0x802'f24c      0x18  user_app_ethernet.o [1]
  .rodata            const     0x802'f264      0x18  user_app_ethernet.o [1]
  .rodata            const     0x802'f27c      0x18  user_app_ethernet.o [1]
  .rodata            const     0x802'f294      0x18  user_app_ethernet.o [1]
  .rodata            const     0x802'f2ac      0x18  user_app_ethernet.o [1]
  .rodata            const     0x802'f2c4      0x18  user_app_sim.o [1]
  .rodata            const     0x802'f2dc      0x18  user_app_wm.o [1]
  .rodata            const     0x802'f2f4      0x18  user_app_wm.o [1]
  .rodata            const     0x802'f30c      0x18  user_app_wm.o [1]
  .rodata            const     0x802'f324      0x18  user_app_wm.o [1]
  .rodata            const     0x802'f33c      0x18  user_app_wm.o [1]
  .rodata            const     0x802'f354      0x18  user_app_wm.o [1]
  .rodata            const     0x802'f36c      0x18  user_at_serial.o [1]
  .rodata            const     0x802'f384      0x18  user_at_serial.o [1]
  .rodata            const     0x802'f39c      0x18  user_ec200u.o [1]
  .rodata            const     0x802'f3b4      0x18  user_ec200u.o [1]
  .rodata            const     0x802'f3cc      0x18  user_ec200u.o [1]
  .rodata            const     0x802'f3e4      0x18  user_ec200u.o [1]
  .rodata            const     0x802'f3fc      0x18  user_lpm.o [1]
  .rodata            const     0x802'f414      0x18  user_modem.o [1]
  .rodata            const     0x802'f42c      0x18  user_mqtt.o [1]
  .rodata            const     0x802'f444      0x18  user_mqtt.o [1]
  .rodata            const     0x802'f45c      0x18  wm_mt100.o [1]
  .rodata            const     0x802'f474      0x18  woteck_wm.o [1]
  .rodata            const     0x802'f48c      0x14  dhcp.o [1]
  .rodata            const     0x802'f4a0      0x14  lcd_display.o [1]
  .rodata            const     0x802'f4b4      0x14  lcd_display.o [1]
  .rodata            const     0x802'f4c8      0x14  lcd_display.o [1]
  .rodata            const     0x802'f4dc      0x14  lcd_display.o [1]
  .rodata            const     0x802'f4f0      0x14  user_app_comm.o [1]
  .rodata            const     0x802'f504      0x14  user_app_ethernet.o [1]
  .rodata            const     0x802'f518      0x14  user_app_ethernet.o [1]
  .rodata            const     0x802'f52c      0x14  user_app_ethernet.o [1]
  .rodata            const     0x802'f540      0x14  user_app_ethernet.o [1]
  .rodata            const     0x802'f554      0x14  user_app_ethernet.o [1]
  .rodata            const     0x802'f568      0x14  user_app_ethernet.o [1]
  .rodata            const     0x802'f57c      0x14  user_app_ethernet.o [1]
  .rodata            const     0x802'f590      0x14  user_app_mem.o [1]
  .rodata            const     0x802'f5a4      0x14  user_app_mem.o [1]
  .rodata            const     0x802'f5b8      0x14  user_app_mem.o [1]
  .rodata            const     0x802'f5cc      0x14  user_app_mem.o [1]
  .rodata            const     0x802'f5e0      0x14  user_app_wm.o [1]
  .rodata            const     0x802'f5f4      0x14  user_app_wm.o [1]
  .rodata            const     0x802'f608      0x14  user_app_wm.o [1]
  .rodata            const     0x802'f61c      0x14  user_app_wm.o [1]
  .rodata            const     0x802'f630      0x14  user_app_wm.o [1]
  .rodata            const     0x802'f644      0x14  user_at_serial.o [1]
  .rodata            const     0x802'f658      0x14  user_at_serial.o [1]
  .rodata            const     0x802'f66c      0x14  user_at_serial.o [1]
  .rodata            const     0x802'f680      0x14  user_at_serial.o [1]
  .rodata            const     0x802'f694      0x14  user_at_serial.o [1]
  .rodata            const     0x802'f6a8      0x14  user_at_serial.o [1]
  .rodata            const     0x802'f6bc      0x14  user_at_serial.o [1]
  .rodata            const     0x802'f6d0      0x14  user_at_serial.o [1]
  .rodata            const     0x802'f6e4      0x14  user_at_serial.o [1]
  .rodata            const     0x802'f6f8      0x14  user_at_serial.o [1]
  .rodata            const     0x802'f70c      0x14  user_at_serial.o [1]
  .rodata            const     0x802'f720      0x14  user_at_serial.o [1]
  .rodata            const     0x802'f734      0x14  user_ec200u.o [1]
  .rodata            const     0x802'f748      0x14  user_ec200u.o [1]
  .rodata            const     0x802'f75c      0x14  user_ec200u.o [1]
  .rodata            const     0x802'f770      0x14  user_ec200u.o [1]
  .rodata            const     0x802'f784      0x14  user_ec200u.o [1]
  .rodata            const     0x802'f798      0x14  user_ec200u.o [1]
  .rodata            const     0x802'f7ac      0x14  user_log.o [1]
  .rodata            const     0x802'f7c0      0x14  user_modem.o [1]
  .rodata            const     0x802'f7d4      0x14  user_modem.o [1]
  .rodata            const     0x802'f7e8      0x14  user_modem.o [1]
  .rodata            const     0x802'f7fc      0x14  user_mqtt.o [1]
  .rodata            const     0x802'f810      0x14  user_mqtt.o [1]
  .rodata            const     0x802'f824      0x14  user_mqtt.o [1]
  .rodata            const     0x802'f838      0x10  lcd_display.o [1]
  .rodata            const     0x802'f848      0x10  lcd_display.o [1]
  .rodata            const     0x802'f858      0x10  lcd_display.o [1]
  .rodata            const     0x802'f868      0x10  lcd_display.o [1]
  .rodata            const     0x802'f878      0x10  lcd_display.o [1]
  .rodata            const     0x802'f888      0x10  lcd_display.o [1]
  .rodata            const     0x802'f898      0x10  lcd_display.o [1]
  .rodata            const     0x802'f8a8      0x10  lcd_display.o [1]
  .rodata            const     0x802'f8b8      0x10  lcd_display.o [1]
  .rodata            const     0x802'f8c8      0x10  lcd_display.o [1]
  .rodata            const     0x802'f8d8      0x10  lcd_display.o [1]
  .rodata            const     0x802'f8e8      0x10  lcd_display.o [1]
  .rodata            const     0x802'f8f8      0x10  lcd_display.o [1]
  .rodata            const     0x802'f908      0x10  lcd_display.o [1]
  .rodata            const     0x802'f918      0x10  lcd_display.o [1]
  .rodata            const     0x802'f928      0x10  lcd_display.o [1]
  .rodata            const     0x802'f938      0x10  lcd_display.o [1]
  .rodata            const     0x802'f948      0x10  lcd_display.o [1]
  .rodata            const     0x802'f958      0x10  lcd_display.o [1]
  .rodata            const     0x802'f968      0x10  lcd_display.o [1]
  .rodata            const     0x802'f978      0x10  lcd_display.o [1]
  .rodata            const     0x802'f988      0x10  lcd_display.o [1]
  .rodata            const     0x802'f998      0x10  lcd_display.o [1]
  .rodata            const     0x802'f9a8      0x10  lcd_display.o [1]
  .rodata            const     0x802'f9b8      0x10  lcd_display.o [1]
  .rodata            const     0x802'f9c8      0x10  lcd_display.o [1]
  .rodata            const     0x802'f9d8      0x10  lcd_display.o [1]
  .rodata            const     0x802'f9e8      0x10  lcd_display.o [1]
  .rodata            const     0x802'f9f8      0x10  lcd_display.o [1]
  .rodata            const     0x802'fa08      0x10  lcd_display.o [1]
  .rodata            const     0x802'fa18      0x10  lcd_display.o [1]
  .rodata            const     0x802'fa28      0x10  lcd_display.o [1]
  .rodata            const     0x802'fa38      0x10  lcd_display.o [1]
  .rodata            const     0x802'fa48      0x10  lcd_display.o [1]
  .rodata            const     0x802'fa58      0x10  lcd_display.o [1]
  .rodata            const     0x802'fa68      0x10  lcd_display.o [1]
  .rodata            const     0x802'fa78      0x10  system_stm32l4xx.o [1]
  .rodata            const     0x802'fa88      0x10  user_app_ethernet.o [1]
  .rodata            const     0x802'fa98      0x10  user_app_ethernet.o [1]
  .rodata            const     0x802'faa8      0x10  user_app_ethernet.o [1]
  .rodata            const     0x802'fab8      0x10  user_app_ethernet.o [1]
  .rodata            const     0x802'fac8      0x10  user_app_mem.o [1]
  .rodata            const     0x802'fad8      0x10  user_app_sim.o [1]
  .rodata            const     0x802'fae8      0x10  user_at_serial.o [1]
  .rodata            const     0x802'faf8      0x10  user_at_serial.o [1]
  .rodata            const     0x802'fb08      0x10  user_at_serial.o [1]
  .rodata            const     0x802'fb18      0x10  user_at_serial.o [1]
  .rodata            const     0x802'fb28      0x10  user_at_serial.o [1]
  .rodata            const     0x802'fb38      0x10  user_at_serial.o [1]
  .rodata            const     0x802'fb48      0x10  user_at_serial.o [1]
  .rodata            const     0x802'fb58      0x10  user_at_serial.o [1]
  .rodata            const     0x802'fb68      0x10  user_at_serial.o [1]
  .rodata            const     0x802'fb78      0x10  user_at_serial.o [1]
  .rodata            const     0x802'fb88      0x10  user_at_serial.o [1]
  .rodata            const     0x802'fb98      0x10  user_at_serial.o [1]
  .rodata            const     0x802'fba8      0x10  user_at_serial.o [1]
  .rodata            const     0x802'fbb8      0x10  user_at_serial.o [1]
  .rodata            const     0x802'fbc8      0x10  user_at_serial.o [1]
  .rodata            const     0x802'fbd8      0x10  user_at_serial.o [1]
  .rodata            const     0x802'fbe8      0x10  user_at_serial.o [1]
  .rodata            const     0x802'fbf8      0x10  user_at_serial.o [1]
  .rodata            const     0x802'fc08      0x10  user_at_serial.o [1]
  .rodata            const     0x802'fc18      0x10  user_at_serial.o [1]
  .rodata            const     0x802'fc28      0x10  user_at_serial.o [1]
  .rodata            const     0x802'fc38      0x10  user_at_serial.o [1]
  .rodata            const     0x802'fc48      0x10  user_at_serial.o [1]
  .rodata            const     0x802'fc58      0x10  user_at_serial.o [1]
  .rodata            const     0x802'fc68      0x10  user_at_serial.o [1]
  .rodata            const     0x802'fc78      0x10  user_at_serial.o [1]
  .rodata            const     0x802'fc88      0x10  user_at_serial.o [1]
  .rodata            const     0x802'fc98      0x10  user_at_serial.o [1]
  .rodata            const     0x802'fca8      0x10  user_at_serial.o [1]
  .rodata            const     0x802'fcb8      0x10  user_at_serial.o [1]
  .rodata            const     0x802'fcc8      0x10  user_at_serial.o [1]
  .rodata            const     0x802'fcd8      0x10  user_at_serial.o [1]
  .rodata            const     0x802'fce8      0x10  user_at_serial.o [1]
  .rodata            const     0x802'fcf8      0x10  user_at_serial.o [1]
  .rodata            const     0x802'fd08      0x10  user_ec200u.o [1]
  .rodata            const     0x802'fd18      0x10  user_ec200u.o [1]
  .rodata            const     0x802'fd28      0x10  user_ec200u.o [1]
  .rodata            const     0x802'fd38      0x10  user_ec200u.o [1]
  .rodata            const     0x802'fd48      0x10  user_ec200u.o [1]
  .rodata            const     0x802'fd58      0x10  user_ec200u.o [1]
  .rodata            const     0x802'fd68      0x10  user_ec200u.o [1]
  .rodata            const     0x802'fd78      0x10  user_ec200u.o [1]
  .rodata            const     0x802'fd88      0x10  user_ec200u.o [1]
  .rodata            const     0x802'fd98      0x10  user_ec200u.o [1]
  .rodata            const     0x802'fda8      0x10  user_ec200u.o [1]
  .rodata            const     0x802'fdb8      0x10  user_ec200u.o [1]
  .rodata            const     0x802'fdc8      0x10  user_ec200u.o [1]
  .rodata            const     0x802'fdd8      0x10  user_ec200u.o [1]
  .rodata            const     0x802'fde8      0x10  user_ec200u.o [1]
  .rodata            const     0x802'fdf8      0x10  user_ec200u.o [1]
  .rodata            const     0x802'fe08      0x10  user_ec200u.o [1]
  .rodata            const     0x802'fe18      0x10  user_ec200u.o [1]
  .rodata            const     0x802'fe28      0x10  user_ec200u.o [1]
  .rodata            const     0x802'fe38      0x10  user_ec200u.o [1]
  .rodata            const     0x802'fe48      0x10  user_ec200u.o [1]
  .rodata            const     0x802'fe58      0x10  user_ec200u.o [1]
  .rodata            const     0x802'fe68      0x10  user_ec200u.o [1]
  .rodata            const     0x802'fe78      0x10  user_ec200u.o [1]
  .rodata            const     0x802'fe88      0x10  user_ec200u.o [1]
  .rodata            const     0x802'fe98      0x10  user_modem.o [1]
  .rodata            const     0x802'fea8      0x10  user_modem.o [1]
  .rodata            const     0x802'feb8      0x10  user_modem.o [1]
  .rodata            const     0x802'fec8      0x10  user_modem.o [1]
  .rodata            const     0x802'fed8      0x10  user_modem.o [1]
  .rodata            const     0x802'fee8      0x10  user_modem.o [1]
  .rodata            const     0x802'fef8      0x10  user_modem.o [1]
  .rodata            const     0x802'ff08      0x10  user_modem.o [1]
  .rodata            const     0x802'ff18      0x10  user_modem.o [1]
  .rodata            const     0x802'ff28      0x10  user_modem.o [1]
  .rodata            const     0x802'ff38      0x10  user_modem.o [1]
  .rodata            const     0x802'ff48      0x10  user_modem.o [1]
  .rodata            const     0x802'ff58      0x10  user_mqtt.o [1]
  .rodata            const     0x802'ff68      0x10  user_mqtt.o [1]
  .rodata            const     0x802'ff78      0x10  user_mqtt.o [1]
  .text              ro code   0x802'ff88      0x10  startup_stm32l496xx.o [1]
  .rodata            const     0x802'ff98       0xc  lcd_display.o [1]
  .rodata            const     0x802'ffa4       0xc  lcd_display.o [1]
  .rodata            const     0x802'ffb0       0xc  lcd_display.o [1]
  .rodata            const     0x802'ffbc       0xc  lcd_display.o [1]
  .rodata            const     0x802'ffc8       0xc  lcd_display.o [1]
  .rodata            const     0x802'ffd4       0xc  lcd_display.o [1]
  .rodata            const     0x802'ffe0       0xc  lcd_display.o [1]
  .rodata            const     0x802'ffec       0xc  lcd_display.o [1]
  .rodata            const     0x802'fff8       0xc  lcd_display.o [1]
  .rodata            const     0x803'0004       0xc  lcd_display.o [1]
  .rodata            const     0x803'0010       0xc  lcd_display.o [1]
  .rodata            const     0x803'001c       0xc  lcd_display.o [1]
  .rodata            const     0x803'0028       0xc  lcd_display.o [1]
  .rodata            const     0x803'0034       0xc  lcd_display.o [1]
  .rodata            const     0x803'0040       0xc  lcd_display.o [1]
  .rodata            const     0x803'004c       0xc  lcd_display.o [1]
  .rodata            const     0x803'0058       0xc  lcd_display.o [1]
  .rodata            const     0x803'0064       0xc  lcd_display.o [1]
  .rodata            const     0x803'0070       0xc  lcd_display.o [1]
  .rodata            const     0x803'007c       0xc  user_app_comm.o [1]
  .rodata            const     0x803'0088       0xc  user_app_ethernet.o [1]
  .rodata            const     0x803'0094       0xc  user_app_ethernet.o [1]
  .rodata            const     0x803'00a0       0xc  user_app_ethernet.o [1]
  .rodata            const     0x803'00ac       0xc  user_app_ethernet.o [1]
  .rodata            const     0x803'00b8       0xc  user_app_ethernet.o [1]
  .rodata            const     0x803'00c4       0xc  user_app_ethernet.o [1]
  .rodata            const     0x803'00d0       0xc  user_app_ethernet.o [1]
  .rodata            const     0x803'00dc       0xc  user_app_mem.o [1]
  .rodata            const     0x803'00e8       0xc  user_app_mem.o [1]
  .rodata            const     0x803'00f4       0xc  user_app_rs485.o [1]
  .rodata            const     0x803'0100       0xc  user_app_rs485.o [1]
  .rodata            const     0x803'010c       0xc  user_app_rs485.o [1]
  .rodata            const     0x803'0118       0xc  user_app_sensor.o [1]
  .rodata            const     0x803'0124       0xc  user_app_sim.o [1]
  .rodata            const     0x803'0130       0xc  user_app_sim.o [1]
  .rodata            const     0x803'013c       0xc  user_app_sim.o [1]
  .rodata            const     0x803'0148       0xc  user_at_serial.o [1]
  .rodata            const     0x803'0154       0xc  user_at_serial.o [1]
  .rodata            const     0x803'0160       0xc  user_at_serial.o [1]
  .rodata            const     0x803'016c       0xc  user_at_serial.o [1]
  .rodata            const     0x803'0178       0xc  user_at_serial.o [1]
  .rodata            const     0x803'0184       0xc  user_at_serial.o [1]
  .rodata            const     0x803'0190       0xc  user_at_serial.o [1]
  .rodata            const     0x803'019c       0xc  user_at_serial.o [1]
  .rodata            const     0x803'01a8       0xc  user_at_serial.o [1]
  .rodata            const     0x803'01b4       0xc  user_at_serial.o [1]
  .rodata            const     0x803'01c0       0xc  user_at_serial.o [1]
  .rodata            const     0x803'01cc       0xc  user_at_serial.o [1]
  .rodata            const     0x803'01d8       0xc  user_at_serial.o [1]
  .rodata            const     0x803'01e4       0xc  user_at_serial.o [1]
  .rodata            const     0x803'01f0       0xc  user_at_serial.o [1]
  .rodata            const     0x803'01fc       0xc  user_at_serial.o [1]
  .rodata            const     0x803'0208       0xc  user_at_serial.o [1]
  .rodata            const     0x803'0214       0xc  user_at_serial.o [1]
  .rodata            const     0x803'0220       0xc  user_at_serial.o [1]
  .rodata            const     0x803'022c       0xc  user_at_serial.o [1]
  .rodata            const     0x803'0238       0xc  user_at_serial.o [1]
  .rodata            const     0x803'0244       0xc  user_at_serial.o [1]
  .rodata            const     0x803'0250       0xc  user_at_serial.o [1]
  .rodata            const     0x803'025c       0xc  user_at_serial.o [1]
  .rodata            const     0x803'0268       0xc  user_ec200u.o [1]
  .rodata            const     0x803'0274       0xc  user_ec200u.o [1]
  .rodata            const     0x803'0280       0xc  user_ec200u.o [1]
  .rodata            const     0x803'028c       0xc  user_ec200u.o [1]
  .rodata            const     0x803'0298       0xc  user_ec200u.o [1]
  .rodata            const     0x803'02a4       0xc  user_ec200u.o [1]
  .rodata            const     0x803'02b0       0xc  user_ec200u.o [1]
  .rodata            const     0x803'02bc       0xc  user_ec200u.o [1]
  .rodata            const     0x803'02c8       0xc  user_ec200u.o [1]
  .rodata            const     0x803'02d4       0xc  user_ec200u.o [1]
  .rodata            const     0x803'02e0       0xc  user_ec200u.o [1]
  .rodata            const     0x803'02ec       0xc  user_ec200u.o [1]
  .rodata            const     0x803'02f8       0xc  user_ec200u.o [1]
  .rodata            const     0x803'0304       0xc  user_ec200u.o [1]
  .rodata            const     0x803'0310       0xc  user_ec200u.o [1]
  .rodata            const     0x803'031c       0xc  user_ec200u.o [1]
  .rodata            const     0x803'0328       0xc  user_ec200u.o [1]
  .rodata            const     0x803'0334       0xc  user_ec200u.o [1]
  .rodata            const     0x803'0340       0xc  user_ec200u.o [1]
  .rodata            const     0x803'034c       0xc  user_ec200u.o [1]
  .rodata            const     0x803'0358       0xc  user_ec200u.o [1]
  .rodata            const     0x803'0364       0xc  user_ec200u.o [1]
  .rodata            const     0x803'0370       0xc  user_ec200u.o [1]
  .rodata            const     0x803'037c       0xc  user_ec200u.o [1]
  .rodata            const     0x803'0388       0xc  user_ec200u.o [1]
  .rodata            const     0x803'0394       0xc  user_ec200u.o [1]
  .rodata            const     0x803'03a0       0xc  user_ec200u.o [1]
  .rodata            const     0x803'03ac       0xc  user_ec200u.o [1]
  .rodata            const     0x803'03b8       0xc  user_ec200u.o [1]
  .rodata            const     0x803'03c4       0xc  user_ec200u.o [1]
  .rodata            const     0x803'03d0       0xc  user_ec200u.o [1]
  .rodata            const     0x803'03dc       0xc  user_ec200u.o [1]
  .rodata            const     0x803'03e8       0xc  user_ec200u.o [1]
  .rodata            const     0x803'03f4       0xc  user_ec200u.o [1]
  .rodata            const     0x803'0400       0xc  user_ec200u.o [1]
  .rodata            const     0x803'040c       0xc  user_ec200u.o [1]
  .rodata            const     0x803'0418       0xc  user_ec200u.o [1]
  .rodata            const     0x803'0424       0xc  user_ec200u.o [1]
  .rodata            const     0x803'0430       0xc  user_mqtt.o [1]
  .rodata            const     0x803'043c       0xc  user_rtc.o [1]
  .rodata            const     0x803'0448       0xc  user_rtc.o [1]
  .rodata            const     0x803'0454       0xc  user_sim_common.o [1]
  .rodata            const     0x803'0460       0xc  user_sim_common.o [1]
  .rodata            const     0x803'046c       0xc  user_sim_common.o [1]
  .text              ro code   0x803'0478       0xc  cstartup_M.o [4]
  .rodata            const     0x803'0484       0x8  lcd_display.o [1]
  .rodata            const     0x803'048c       0x8  lcd_display.o [1]
  .rodata            const     0x803'0494       0x8  lcd_display.o [1]
  .rodata            const     0x803'049c       0x8  lcd_display.o [1]
  .rodata            const     0x803'04a4       0x8  lcd_display.o [1]
  .rodata            const     0x803'04ac       0x8  lcd_display.o [1]
  .rodata            const     0x803'04b4       0x8  lcd_display.o [1]
  .rodata            const     0x803'04bc       0x8  lcd_display.o [1]
  .rodata            const     0x803'04c4       0x8  lcd_display.o [1]
  .rodata            const     0x803'04cc       0x8  lcd_display.o [1]
  .rodata            const     0x803'04d4       0x8  lcd_display.o [1]
  .rodata            const     0x803'04dc       0x8  lcd_display.o [1]
  .rodata            const     0x803'04e4       0x8  lcd_display.o [1]
  .rodata            const     0x803'04ec       0x8  lcd_display.o [1]
  .rodata            const     0x803'04f4       0x8  lcd_display.o [1]
  .rodata            const     0x803'04fc       0x8  lcd_display.o [1]
  .rodata            const     0x803'0504       0x8  lcd_display.o [1]
  .rodata            const     0x803'050c       0x8  lcd_display.o [1]
  .rodata            const     0x803'0514       0x8  lcd_display.o [1]
  .rodata            const     0x803'051c       0x8  lcd_display.o [1]
  .rodata            const     0x803'0524       0x8  lcd_display.o [1]
  .rodata            const     0x803'052c       0x8  lcd_display.o [1]
  .rodata            const     0x803'0534       0x8  lcd_display.o [1]
  .rodata            const     0x803'053c       0x8  lcd_display.o [1]
  .rodata            const     0x803'0544       0x8  lcd_display.o [1]
  .rodata            const     0x803'054c       0x8  lcd_display.o [1]
  .rodata            const     0x803'0554       0x8  lcd_display.o [1]
  .rodata            const     0x803'055c       0x8  lcd_display.o [1]
  .rodata            const     0x803'0564       0x8  lcd_display.o [1]
  .rodata            const     0x803'056c       0x8  lcd_display.o [1]
  .rodata            const     0x803'0574       0x8  lcd_display.o [1]
  .rodata            const     0x803'057c       0x8  lcd_display.o [1]
  .rodata            const     0x803'0584       0x8  lcd_display.o [1]
  .rodata            const     0x803'058c       0x8  lcd_display.o [1]
  .rodata            const     0x803'0594       0x8  lcd_display.o [1]
  .rodata            const     0x803'059c       0x8  lcd_display.o [1]
  .rodata            const     0x803'05a4       0x8  lcd_display.o [1]
  .rodata            const     0x803'05ac       0x8  lcd_display.o [1]
  .rodata            const     0x803'05b4       0x8  lcd_display.o [1]
  .rodata            const     0x803'05bc       0x8  lcd_display.o [1]
  .rodata            const     0x803'05c4       0x8  lcd_display.o [1]
  .rodata            const     0x803'05cc       0x8  MQTTConnectClient.o [1]
  .rodata            const     0x803'05d4       0x8  system_stm32l4xx.o [1]
  .rodata            const     0x803'05dc       0x8  user_app_ethernet.o [1]
  .rodata            const     0x803'05e4       0x8  user_app_ethernet.o [1]
  .rodata            const     0x803'05ec       0x8  user_app_ethernet.o [1]
  .rodata            const     0x803'05f4       0x8  user_app_ethernet.o [1]
  .rodata            const     0x803'05fc       0x8  user_app_ethernet.o [1]
  .rodata            const     0x803'0604       0x8  user_app_ethernet.o [1]
  .rodata            const     0x803'060c       0x8  user_app_ethernet.o [1]
  .rodata            const     0x803'0614       0x8  user_app_ethernet.o [1]
  .rodata            const     0x803'061c       0x8  user_app_mem.o [1]
  .rodata            const     0x803'0624       0x8  user_app_mem.o [1]
  .rodata            const     0x803'062c       0x8  user_app_rs485.o [1]
  .rodata            const     0x803'0634       0x8  user_app_rs485.o [1]
  .rodata            const     0x803'063c       0x8  user_app_rs485.o [1]
  .rodata            const     0x803'0644       0x8  user_app_rs485.o [1]
  .rodata            const     0x803'064c       0x8  user_app_rs485.o [1]
  .rodata            const     0x803'0654       0x8  user_app_rs485.o [1]
  .rodata            const     0x803'065c       0x8  user_app_sensor.o [1]
  .rodata            const     0x803'0664       0x8  user_app_sensor.o [1]
  .rodata            const     0x803'066c       0x8  user_app_sensor.o [1]
  .rodata            const     0x803'0674       0x8  user_app_sensor.o [1]
  .rodata            const     0x803'067c       0x8  user_app_sensor.o [1]
  .rodata            const     0x803'0684       0x8  user_app_sensor.o [1]
  .rodata            const     0x803'068c       0x8  user_app_sensor.o [1]
  .rodata            const     0x803'0694       0x8  user_app_sensor.o [1]
  .rodata            const     0x803'069c       0x8  user_app_sensor.o [1]
  .rodata            const     0x803'06a4       0x8  user_app_sensor.o [1]
  .rodata            const     0x803'06ac       0x8  user_app_sensor.o [1]
  .rodata            const     0x803'06b4       0x8  user_app_sensor.o [1]
  .rodata            const     0x803'06bc       0x8  user_app_sensor.o [1]
  .rodata            const     0x803'06c4       0x8  user_app_sensor.o [1]
  .rodata            const     0x803'06cc       0x8  user_app_sensor.o [1]
  .rodata            const     0x803'06d4       0x8  user_app_sensor.o [1]
  .rodata            const     0x803'06dc       0x8  user_app_sensor.o [1]
  .rodata            const     0x803'06e4       0x8  user_app_sensor.o [1]
  .rodata            const     0x803'06ec       0x8  user_app_sensor.o [1]
  .rodata            const     0x803'06f4       0x8  user_app_sensor.o [1]
  .rodata            const     0x803'06fc       0x8  user_app_sensor.o [1]
  .rodata            const     0x803'0704       0x8  user_app_sensor.o [1]
  .rodata            const     0x803'070c       0x8  user_app_sensor.o [1]
  .rodata            const     0x803'0714       0x8  user_app_wm.o [1]
  .rodata            const     0x803'071c       0x8  user_app_wm.o [1]
  .rodata            const     0x803'0724       0x8  user_app_wm.o [1]
  .rodata            const     0x803'072c       0x8  user_app_wm.o [1]
  .rodata            const     0x803'0734       0x8  user_app_wm.o [1]
  .rodata            const     0x803'073c       0x8  user_at_serial.o [1]
  .rodata            const     0x803'0744       0x8  user_at_serial.o [1]
  .rodata            const     0x803'074c       0x8  user_at_serial.o [1]
  .rodata            const     0x803'0754       0x8  user_at_serial.o [1]
  .rodata            const     0x803'075c       0x8  user_ec200u.o [1]
  .rodata            const     0x803'0764       0x8  user_ec200u.o [1]
  .rodata            const     0x803'076c       0x8  user_ec200u.o [1]
  .rodata            const     0x803'0774       0x8  user_ec200u.o [1]
  .rodata            const     0x803'077c       0x8  user_ec200u.o [1]
  .rodata            const     0x803'0784       0x8  user_ec200u.o [1]
  .rodata            const     0x803'078c       0x8  user_ec200u.o [1]
  .rodata            const     0x803'0794       0x8  user_ec200u.o [1]
  .rodata            const     0x803'079c       0x8  user_ec200u.o [1]
  .rodata            const     0x803'07a4       0x8  user_ec200u.o [1]
  .rodata            const     0x803'07ac       0x8  user_ec200u.o [1]
  .rodata            const     0x803'07b4       0x8  user_ec200u.o [1]
  .rodata            const     0x803'07bc       0x8  user_ec200u.o [1]
  .rodata            const     0x803'07c4       0x8  user_ec200u.o [1]
  .rodata            const     0x803'07cc       0x8  user_ec200u.o [1]
  .rodata            const     0x803'07d4       0x8  user_ec200u.o [1]
  .rodata            const     0x803'07dc       0x8  user_ec200u.o [1]
  .rodata            const     0x803'07e4       0x8  user_ec200u.o [1]
  .rodata            const     0x803'07ec       0x8  user_ec200u.o [1]
  .rodata            const     0x803'07f4       0x8  user_ec200u.o [1]
  .rodata            const     0x803'07fc       0x8  user_ec200u.o [1]
  .rodata            const     0x803'0804       0x8  user_ec200u.o [1]
  .rodata            const     0x803'080c       0x8  user_ec200u.o [1]
  .rodata            const     0x803'0814       0x8  user_ec200u.o [1]
  .rodata            const     0x803'081c       0x8  user_ec200u.o [1]
  .rodata            const     0x803'0824       0x8  user_ec200u.o [1]
  .rodata            const     0x803'082c       0x8  user_ec200u.o [1]
  .rodata            const     0x803'0834       0x8  user_ec200u.o [1]
  .rodata            const     0x803'083c       0x8  user_ec200u.o [1]
  .rodata            const     0x803'0844       0x8  user_ec200u.o [1]
  .rodata            const     0x803'084c       0x8  user_modem.o [1]
  .rodata            const     0x803'0854       0x8  user_modem.o [1]
  .rodata            const     0x803'085c       0x8  user_modem.o [1]
  .rodata            const     0x803'0864       0x8  user_modem.o [1]
  .rodata            const     0x803'086c       0x8  user_modem.o [1]
  .rodata            const     0x803'0874       0x8  user_modem.o [1]
  .rodata            const     0x803'087c       0x8  user_modem.o [1]
  .rodata            const     0x803'0884       0x8  user_modem.o [1]
  .rodata            const     0x803'088c       0x8  user_modem.o [1]
  .rodata            const     0x803'0894       0x8  user_modem.o [1]
  .rodata            const     0x803'089c       0x8  user_modem.o [1]
  .rodata            const     0x803'08a4       0x8  user_modem.o [1]
  .rodata            const     0x803'08ac       0x8  user_modem.o [1]
  .rodata            const     0x803'08b4       0x8  user_modem.o [1]
  .rodata            const     0x803'08bc       0x8  user_modem.o [1]
  .rodata            const     0x803'08c4       0x8  user_modem.o [1]
  .rodata            const     0x803'08cc       0x8  user_modem.o [1]
  .rodata            const     0x803'08d4       0x8  user_modem.o [1]
  .rodata            const     0x803'08dc       0x8  user_modem.o [1]
  .rodata            const     0x803'08e4       0x8  user_modem.o [1]
  .rodata            const     0x803'08ec       0x8  user_modem.o [1]
  .rodata            const     0x803'08f4       0x8  user_modem.o [1]
  .rodata            const     0x803'08fc       0x8  user_modem.o [1]
  .rodata            const     0x803'0904       0x8  user_modem.o [1]
  .rodata            const     0x803'090c       0x8  user_modem.o [1]
  .rodata            const     0x803'0914       0x8  user_modem.o [1]
  .rodata            const     0x803'091c       0x8  user_modem.o [1]
  .rodata            const     0x803'0924       0x8  user_modem.o [1]
  .rodata            const     0x803'092c       0x8  user_modem.o [1]
  .rodata            const     0x803'0934       0x8  user_modem.o [1]
  .rodata            const     0x803'093c       0x8  user_modem.o [1]
  .rodata            const     0x803'0944       0x8  user_mqtt.o [1]
  .rodata            const     0x803'094c       0x8  user_mqtt.o [1]
  .rodata            const     0x803'0954       0x8  user_mqtt.o [1]
  .rodata            const     0x803'095c       0x8  user_mqtt.o [1]
  .rodata            const     0x803'0964       0x8  user_mqtt.o [1]
  .rodata            const     0x803'096c       0x8  user_mqtt.o [1]
  .rodata            const     0x803'0974       0x8  user_mqtt.o [1]
  .rodata            const     0x803'097c       0x8  user_mqtt.o [1]
  .rodata            const     0x803'0984       0x8  user_mqtt.o [1]
  .rodata            const     0x803'098c       0x8  user_mqtt.o [1]
  .rodata            const     0x803'0994       0x8  user_mqtt.o [1]
  .rodata            const     0x803'099c       0x8  user_mqtt.o [1]
  .rodata            const     0x803'09a4       0x8  user_mqtt.o [1]
  .rodata            const     0x803'09ac       0x8  user_mqtt.o [1]
  .rodata            const     0x803'09b4       0x8  user_mqtt.o [1]
  .rodata            const     0x803'09bc       0x8  user_mqtt.o [1]
  .rodata            const     0x803'09c4       0x8  user_mqtt.o [1]
  .rodata            const     0x803'09cc       0x8  user_mqtt.o [1]
  .rodata            const     0x803'09d4       0x8  user_mqtt.o [1]
  .rodata            const     0x803'09dc       0x8  user_mqtt.o [1]
  .rodata            const     0x803'09e4       0x8  user_mqtt.o [1]
  .rodata            const     0x803'09ec       0x8  user_mqtt.o [1]
  .rodata            const     0x803'09f4       0x8  user_mqtt.o [1]
  .rodata            const     0x803'09fc       0x8  user_mqtt.o [1]
  .rodata            const     0x803'0a04       0x8  user_mqtt.o [1]
  .rodata            const     0x803'0a0c       0x8  user_mqtt.o [1]
  .rodata            const     0x803'0a14       0x8  user_mqtt.o [1]
  .rodata            const     0x803'0a1c       0x8  user_mqtt.o [1]
  .rodata            const     0x803'0a24       0x8  user_mqtt.o [1]
  .rodata            const     0x803'0a2c       0x8  user_mqtt.o [1]
  .rodata            const     0x803'0a34       0x8  user_mqtt.o [1]
  .rodata            const     0x803'0a3c       0x8  user_mqtt.o [1]
  .rodata            const     0x803'0a44       0x8  user_mqtt.o [1]
  .rodata            const     0x803'0a4c       0x8  user_mqtt.o [1]
  .rodata            const     0x803'0a54       0x8  user_mqtt.o [1]
  .rodata            const     0x803'0a5c       0x8  user_mqtt.o [1]
  .rodata            const     0x803'0a64       0x8  user_mqtt.o [1]
  .rodata            const     0x803'0a6c       0x8  user_mqtt.o [1]
  .rodata            const     0x803'0a74       0x8  user_mqtt.o [1]
  .rodata            const     0x803'0a7c       0x8  user_mqtt.o [1]
  .rodata            const     0x803'0a84       0x8  user_mqtt.o [1]
  .rodata            const     0x803'0a8c       0x8  user_mqtt.o [1]
  .rodata            const     0x803'0a94       0x8  user_mqtt.o [1]
  .rodata            const     0x803'0a9c       0x8  user_mqtt.o [1]
  .rodata            const     0x803'0aa4       0x8  user_mqtt.o [1]
  .rodata            const     0x803'0aac       0x8  user_mqtt.o [1]
  .rodata            const     0x803'0ab4       0x8  user_mqtt.o [1]
  .rodata            const     0x803'0abc       0x8  user_mqtt.o [1]
  .rodata            const     0x803'0ac4       0x8  user_mqtt.o [1]
  .rodata            const     0x803'0acc       0x8  user_mqtt.o [1]
  .rodata            const     0x803'0ad4       0x8  user_mqtt.o [1]
  .rodata            const     0x803'0adc       0x8  user_mqtt.o [1]
  .rodata            const     0x803'0ae4       0x8  user_mqtt.o [1]
  .rodata            const     0x803'0aec       0x8  user_mqtt.o [1]
  .rodata            const     0x803'0af4       0x8  user_mqtt.o [1]
  .rodata            const     0x803'0afc       0x8  user_rs485.o [1]
  .rodata            const     0x803'0b04       0x8  user_rs485.o [1]
  .rodata            const     0x803'0b0c       0x8  user_sim_common.o [1]
  .rodata            const     0x803'0b14       0x8  user_sim_common.o [1]
  .rodata            const     0x803'0b1c       0x8  user_sim_common.o [1]
  .rodata            const     0x803'0b24       0x8  user_tiny_vsnprintf.o [1]
  .rodata            const     0x803'0b2c       0x8  user_util.o [1]
  .rodata            const     0x803'0b34       0x8  user_util.o [1]
  .rodata            const     0x803'0b3c       0x8  user_util.o [1]
[...]
getSNfromDHCP            0x801'5fcd    0x14  Code  Gb  dhcp.o [1]
getSn_RX_RSR             0x801'202f    0x82  Code  Gb  w5500.o [1]
getSn_TX_FSR             0x801'1fad    0x82  Code  Gb  w5500.o [1]
glcd_ST7565R_init        0x802'7ae5    0x34  Code  Gb  ST7565R.o [1]
glcd_bbox               0x2000'92a4     0x4  Data  Gb  glcd.o [1]
glcd_bbox_refresh        0x802'7375    0x1c  Code  Gb  glcd.o [1]
glcd_bbox_selected      0x2000'92ac     0x4  Data  Gb  glcd.o [1]
glcd_buffer             0x2000'6000   0x400  Data  Gb  glcd.o [1]
glcd_buffer_selected    0x2000'92a8     0x4  Data  Gb  glcd.o [1]
glcd_clear_buffer        0x802'7391    0x20  Code  Gb  glcd.o [1]
glcd_command             0x802'79c9    0x1a  Code  Gb  ST7565R.o [1]
glcd_data                0x802'79e3    0x1a  Code  Gb  ST7565R.o [1]
glcd_draw_bitmap         0x802'79a7    0x18  Code  Gb  graphics.o [1]
glcd_draw_char_xy        0x802'73df   0x322  Code  Gb  text.o [1]
glcd_draw_line           0x802'77f1   0x106  Code  Gb  graphics.o [1]
glcd_draw_rect           0x802'78f7    0xb0  Code  Gb  graphics.o [1]
glcd_draw_string_xy      0x802'7701    0x36  Code  Gb  text.o [1]
glcd_enable_backlight    0x802'6fdf     0x2  Code  Gb  STM32L4.o [1]
glcd_init                0x802'6fb9    0x26  Code  Gb  STM32L4.o [1]
glcd_reset               0x802'700f    0x3c  Code  Gb  STM32L4.o [1]
glcd_reset_bbox          0x802'7359    0x1c  Code  Gb  glcd.o [1]
glcd_select_screen       0x802'73b1     0xa  Code  Gb  glcd.o [1]
glcd_set_column_lower    0x802'7a5b     0xc  Code  Gb  ST7565R.o [1]
glcd_set_column_upper    0x802'7a49    0x12  Code  Gb  ST7565R.o [1]
glcd_set_contrast        0x802'79fd    0x24  Code  Gb  ST7565R.o [1]
glcd_set_font            0x802'73c5    0x1a  Code  Gb  text.o [1]
glcd_set_pixel           0x802'773d    0xb4  Code  Gb  graphics.o [1]
glcd_set_x_address       0x802'7a33    0x16  Code  Gb  ST7565R.o [1]
glcd_set_y_address       0x802'7a21    0x12  Code  Gb  ST7565R.o [1]
glcd_spi_write           0x802'6fe1    0x2e  Code  Gb  STM32L4.o [1]
glcd_test_bitmap_128x64
                         0x802'72d5     0xe  Code  Gb  unit_tests.o [1]
glcd_tiny_draw_char      0x802'707f   0x1fa  Code  Gb  text_tiny.o [1]
glcd_tiny_draw_string    0x802'7279    0x52  Code  Gb  text_tiny.o [1]
glcd_tiny_set_font       0x802'7065    0x1a  Code  Gb  text_tiny.o [1]
glcd_update_bbox         0x802'72e9    0x70  Code  Gb  glcd.o [1]
glcd_write               0x802'7a67    0x70  Code  Gb  ST7565R.o [1]
hadc1                   0x2000'867c    0x68  Data  Gb  adc.o [1]
hdma_lpuart_rx          0x2000'8a28    0x48  Data  Gb  usart.o [1]
hdma_uart5_rx           0x2000'8a70    0x48  Data  Gb  usart.o [1]
hdma_usart1_rx          0x2000'8ab8    0x48  Data  Gb  usart.o [1]
hdma_usart3_rx          0x2000'8b00    0x48  Data  Gb  usart.o [1]
hi2c1                   0x2000'893c    0x54  Data  Gb  i2c.o [1]
hlptim1                 0x2000'8bcc    0x38  Data  Gb  lptim.o [1]
hlptim2                 0x2000'8c04    0x38  Data  Gb  lptim.o [1]
hlpuart1                0x2000'835c    0x88  Data  Gb  usart.o [1]
hrtc                    0x2000'8e40    0x24  Data  Gb  rtc.o [1]
hspi2                   0x2000'86e4    0x64  Data  Gb  spi.o [1]
hspi3                   0x2000'8748    0x64  Data  Gb  spi.o [1]
htim1                   0x2000'8990    0x4c  Data  Gb  tim.o [1]
htim2                   0x2000'89dc    0x4c  Data  Gb  tim.o [1]
huart1                  0x2000'846c    0x88  Data  Gb  usart.o [1]
huart3                  0x2000'84f4    0x88  Data  Gb  usart.o [1]
huart5                  0x2000'83e4    0x88  Data  Gb  usart.o [1]
init_mparams             0x800'f80b    0x2c  Code  Lc  dlmalloc.o [2]
init_top                 0x800'f837    0x34  Code  Lc  dlmalloc.o [2]
isalpha                  0x802'bb23    0x14  Code  Gb  isalpha.o [2]
isspace                  0x802'5279    0x14  Code  Gb  isspace.o [2]
ldexp                    0x802'6571          Code  Gb  ldexp.o [3]
ldexpl                   0x802'6571          Code  Gb  ldexp.o [3]
lnbias                   0x802'c848   0x420  Data  Lc  pow64.o [3]
localeconv               0x802'6715     0x4  Code  Gb  xlocale_c.o [2]
lower_digits            0x2000'2454     0x4  Data  Lc  user_tiny_vsnprintf.o [1]
mConnect_MQTT            0x801'7e1b    0x3e  Code  Gb  user_mqtt.o [1]
mData_MQTT               0x801'73bf    0x76  Code  Gb  user_mqtt.o [1]
mGet_Data_From_Mem       0x801'7e75    0x58  Code  Gb  user_mqtt.o [1]
mInit_Header_Subcribe    0x801'7d41    0xda  Code  Gb  user_mqtt.o [1]
mPayload_Load_MesErr     0x801'7a8f    0x2c  Code  Gb  user_mqtt.o [1]
mSet_default_MQTT        0x801'7325    0x18  Code  Gb  user_mqtt.o [1]
mSubcribe_MQTT           0x801'7e59    0x1c  Code  Gb  user_mqtt.o [1]
mUnmark_Mess             0x801'7ecd    0x16  Code  Gb  user_mqtt.o [1]
mUnmark_Mess_Share_Buff
                         0x801'7f95    0x22  Code  Gb  user_mqtt.o [1]
main                     0x801'cead    0x48  Code  Gb  main.o [1]
makeDHCPMSG              0x801'5017   0x15a  Code  Gb  dhcp.o [1]
memchr                   0x802'52a1          Code  Gb  memchr.o [4]
memset                   0x802'5a5d    0x14  Code  Gb  memset.o [4]
mparams                 0x2000'90e8    0x18  Data  Lc  dlmalloc.o [2]
ndigs                    0x802'dd84    0x28  Data  Lc  iar_Stoulx.o [2]
pDHCPMSG                0x2000'9298     0x4  Data  Gb  dhcp.o [1]
pDNSMSG                 0x2000'929c     0x4  Data  Gb  dns.o [1]
pFlash                  0x2000'0fd4    0x20  Data  Gb  stm32l4xx_hal_flash.o [1]
pFunc_UTIL_Debug_Send   0x2000'934c     0x4  Data  Gb  user_util.o [1]
pFunc_UTIL_Log_To_Mem   0x2000'9348     0x4  Data  Gb  user_util.o [1]
pH_Water                0x2000'931c     0x4  Data  Gb  user_app_wm.o [1]
pModemProcessIRQTimer   0x2000'933c     0x4  Data  Gb  user_rtc.o [1]
parseDHCPMSG             0x801'59c7   0x22e  Code  Gb  dhcp.o [1]
parseDNSMSG              0x801'624b    0xf8  Code  Gb  dns.o [1]
parse_name               0x801'607d    0xa4  Code  Gb  dns.o [1]
pow                      0x802'4b8d   0x6ec  Code  Gb  pow64.o [3]
powl                     0x802'4b8d   0x6ec  Code  Gb  pow64.o [3]
pows                     0x802'de10    0x48  Data  Lc  strto64.o [3]
pportc                   0x800'a6b9    0xcc  Code  Gb  user_app_ethernet.o [1]
put16                    0x801'606d    0x10  Code  Gb  dns.o [1]
qCopy_Data_From_Queue    0x801'65fb    0x48  Code  Lc  queue_p.o [1]
qCopy_Data_To_Queue      0x801'659d    0x5e  Code  Lc  queue_p.o [1]
qEthStep                0x2000'8f08    0x18  Data  Gb  user_app_ethernet.o [1]
qGet_Number_Items        0x801'6643     0x4  Code  Gb  queue_p.o [1]
qMemRead                0x2000'8f38    0x18  Data  Gb  user_app_mem.o [1]
qMemWrite               0x2000'8f50    0x18  Data  Gb  user_app_mem.o [1]
qQueue_Back_Item         0x801'6647    0x50  Code  Gb  queue_p.o [1]
qQueue_Clear             0x801'655b     0xe  Code  Gb  queue_p.o [1]
qQueue_Create            0x801'652d    0x2e  Code  Gb  queue_p.o [1]
qQueue_Receive           0x801'6587    0x16  Code  Gb  queue_p.o [1]
qQueue_Send              0x801'6569    0x1e  Code  Gb  queue_p.o [1]
qSimStep                0x2000'9088    0x18  Data  Gb  user_sim.o [1]
quickSort_Sampling       0x802'0f61    0x84  Code  Gb  user_app_sensor.o [1]
quickSort_Sampling_Turbidity
                         0x802'10f9    0xe6  Code  Gb  user_app_sensor.o [1]
quickSort_Sampling_Turbidity::Handle_Once
                        0x2000'93aa     0x1  Data  Lc  user_app_sensor.o [1]
quickSort_Sampling_pH    0x802'0fe5    0xe6  Code  Gb  user_app_sensor.o [1]
quickSort_Sampling_pH::Handle_Once
                        0x2000'93a9     0x1  Data  Lc  user_app_sensor.o [1]
recv                     0x801'6b55   0x156  Code  Gb  socket.o [1]
recvfrom                 0x801'6ecd   0x34e  Code  Gb  socket.o [1]
reg_dhcp_cbfunc          0x801'4fdb    0x3c  Code  Gb  dhcp.o [1]
reg_wizchip_cs_cbfunc    0x801'8a57    0x28  Code  Gb  wizchip_conf.o [1]
reg_wizchip_spi_cbfunc   0x801'8a7f    0x2a  Code  Gb  wizchip_conf.o [1]
reset_DHCP_timeout       0x801'5f79    0x14  Code  Gb  dhcp.o [1]
retry_count             0x2000'938f     0x1  Data  Lc  dns.o [1]
sAppEthVar              0x2000'1180    0x90  Data  Gb  user_app_ethernet.o [1]
sAppMem                 0x2000'8cd8    0x30  Data  Gb  user_app_mem.o [1]
sAppSimCallback         0x2000'1624    0x20  Data  Gb  user_app_sim.o [1]
sAppSimInfor            0x2000'16c4    0x20  Data  Gb  user_app_sim.o [1]
sAppSimVar              0x2000'0000   0x2c8  Data  Gb  user_app_sim.o [1]
sBattery                0x2000'9248     0x8  Data  Gb  user_app_wm.o [1]
sButton                 0x2000'8ec0    0x18  Data  Gb  button.o [1]
sCAT24Var               0x2000'6c00   0x238  Data  Gb  cat24mxx.o [1]
sCbSimComm              0x2000'8e84    0x20  Data  Gb  user_sim_common.o [1]
sConfirm                0x2000'02d4    0x14  Data  Lc  button.o [1]
sConvertChlorine        0x2000'8df0    0x28  Data  Gb  user_app_sensor.o [1]
sDataSensorMeasure      0x2000'8d38    0x30  Data  Gb  user_app_rs485.o [1]
sData_Calib             0x2000'1500     0x8  Data  Gb  user_app_rs485.o [1]
sEthCmd                 0x2000'122c    0xe0  Data  Gb  user_app_ethernet.o [1]
sEthResCode             0x2000'130c    0x30  Data  Gb  user_app_ethernet.o [1]
sEventAppComm           0x2000'0ff8    0x70  Data  Gb  user_app_comm.o [1]
sEventAppEth            0x2000'1090    0xf0  Data  Gb  user_app_ethernet.o [1]
sEventAppMem            0x2000'13ec    0x90  Data  Gb  user_app_mem.o [1]
sEventAppRs485          0x2000'14a0    0x60  Data  Gb  user_app_rs485.o [1]
sEventAppSensor         0x2000'1518    0x50  Data  Gb  user_app_sensor.o [1]
sEventAppSim            0x2000'1574    0xb0  Data  Gb  user_app_sim.o [1]
sEventAppWM             0x2000'16e4    0xd0  Data  Gb  user_app_wm.o [1]
sEventCAT24             0x2000'02e8    0x20  Data  Gb  cat24mxx.o [1]
sEventDisplay           0x2000'0324    0x60  Data  Gb  lcd_display.o [1]
sEventOnChipFlash       0x2000'1e04    0x20  Data  Gb  user_internal_mem.o [1]
sEventSim               0x2000'233c    0x40  Data  Gb  user_sim.o [1]
sFROM_Manager           0x2000'926c     0x4  Data  Gb  cat24mxx.o [1]
sFTPvar                 0x2000'8f20    0x18  Data  Gb  user_app_ethernet.o [1]
sFileSys                0x2000'23f8    0x44  Data  Gb  user_sim_common.o [1]
sFirmVersion            0x2000'1068     0x8  Data  Gb  user_app_comm.o [1]
sHandleRs485            0x2000'91e8     0xc  Data  Gb  user_app_rs485.o [1]
sKindMode485            0x2000'9378     0x2  Data  Gb  user_app_rs485.o [1]
sLCD                    0x2000'919c    0x10  Data  Gb  lcd_display.o [1]
sLCDObject              0x2000'0424   0xb58  Data  Gb  lcd_display.o [1]
sLPMFeatureHandler      0x2000'9330     0x4  Data  Gb  user_lpm.o [1]
sLastPackInfor          0x2000'91bc    0x10  Data  Gb  user_app_wm.o [1]
sLevelInfor             0x2000'9220     0x8  Data  Gb  level_S_YW_01B.o [1]
sLevelSupInfor          0x2000'9228     0x8  Data  Gb  level_SUP_PX261_B.o [1]
sLevelUltra             0x2000'9230     0x8  Data  Gb  level_ultrasonic.o [1]
sListWmDigital          0x2000'245c    0xc0  Data  Gb  user_wm_digital.o [1]
sMQTT                   0x2000'21d0   0x104  Data  Gb  user_mqtt.o [1]
sMT100                  0x2000'90d0    0x18  Data  Gb  wm_mt100.o [1]
sMT100_REGISTER         0x2000'2718    0x2c  Data  Gb  wm_mt100.o [1]
sMark_MessageRecei_Type
                         0x802'da24    0xb0  Data  Gb  user_mqtt.o [1]
sMark_MessageSend_Type   0x802'd27c   0x1d0  Data  Gb  user_mqtt.o [1]
sMeterThreshold         0x2000'17b4    0x10  Data  Gb  user_app_wm.o [1]
sModemInfor             0x2000'20f4    0xc4  Data  Gb  user_modem.o [1]
sModemLPMHandle         0x2000'21b8    0x10  Data  Gb  user_modem.o [1]
sModemVar               0x2000'20cc    0x28  Data  Gb  user_modem.o [1]
sOffsetMeasure          0x2000'8d68    0x30  Data  Gb  user_app_sensor.o [1]
sOnFlash                0x2000'6e38   0x238  Data  Gb  user_internal_mem.o [1]
sPressConfig            0x2000'918c    0x10  Data  Lc  button.o [1]
sPulse                  0x2000'7fb4   0x108  Data  Gb  user_app_wm.o [1]
sPulseConfig            0x2000'8d98    0x2c  Data  Lc  button.o [1]
sQMemRead               0x2000'82bc    0xa0  Data  Lc  user_app_mem.o [1]
sQMemWrite              0x2000'27f4  0x1450  Data  Lc  user_app_mem.o [1]
sRTC                    0x2000'920c     0xc  Data  Gb  user_util.o [1]
sRecEvent               0x2000'1368    0x2c  Data  Gb  user_app_mem.o [1]
sRecGPS                 0x2000'13c0    0x2c  Data  Gb  user_app_mem.o [1]
sRecLog                 0x2000'1394    0x2c  Data  Gb  user_app_mem.o [1]
sRecTSVH                0x2000'133c    0x2c  Data  Gb  user_app_mem.o [1]
sSV_Modem                0x802'dad4    0x78  Data  Gb  user_modem.o [1]
sSensor_Clo             0x2000'8f80    0x18  Data  Gb  user_app_rs485.o [1]
sSensor_EC              0x2000'8e64    0x20  Data  Gb  user_app_rs485.o [1]
sSensor_Turbidity       0x2000'8d08    0x30  Data  Gb  user_app_rs485.o [1]
sSensor_pH              0x2000'8f68    0x18  Data  Gb  user_app_rs485.o [1]
sSimCommInfor           0x2000'239c    0x5c  Data  Gb  user_sim_common.o [1]
sSimCommVar             0x2000'90b8    0x18  Data  Gb  user_sim_common.o [1]
sSimFwUpdate            0x2000'8b90    0x3c  Data  Gb  user_sim_common.o [1]
sSimVar                 0x2000'9178    0x14  Data  Gb  user_sim.o [1]
sUart485                0x2000'232c     0x8  Data  Gb  user_rs485.o [1]
sUart485_2              0x2000'2334     0x8  Data  Gb  user_rs485.o [1]
sUartDebug              0x2000'1070     0x8  Data  Gb  user_app_comm.o [1]
sUartSim                0x2000'237c     0x8  Data  Gb  user_sim.o [1]
sVout                   0x2000'9250     0x8  Data  Gb  user_app_wm.o [1]
sWOTECK_REGISTER        0x2000'2744    0x18  Data  Gb  woteck_wm.o [1]
sWmDigVar               0x2000'251c   0x1d0  Data  Gb  user_wm_digital.o [1]
sWmVar                  0x2000'17c4   0x110  Data  Gb  user_app_wm.o [1]
sWoteck                 0x2000'91cc    0x10  Data  Gb  woteck_wm.o [1]
scalbln                  0x802'6571          Code  Gb  ldexp.o [3]
scalblnl                 0x802'6571          Code  Gb  ldexp.o [3]
scalbn                   0x802'6571          Code  Gb  ldexp.o [3]
scalbnl                  0x802'6571          Code  Gb  ldexp.o [3]
scale                    0x801'ca6f    0x46  Code  Lc  xprintffull_nomb.o [2]
sec_hand                0x2000'9358     0x4  Data  Lc  xfail_s.o [2]
segment_holding          0x800'f7f1    0x1a  Code  Lc  dlmalloc.o [2]
send                     0x801'6a0d   0x148  Code  Gb  socket.o [1]
send_DHCP_DECLINE        0x801'57d9   0x1ee  Code  Gb  dhcp.o [1]
send_DHCP_DISCOVER       0x801'5171   0x2ac  Code  Gb  dhcp.o [1]
send_DHCP_REQUEST        0x801'541d   0x3bc  Code  Gb  dhcp.o [1]
sendto                   0x801'6cab   0x222  Code  Gb  socket.o [1]
sock_any_port           0x2000'27dc     0x2  Data  Lc  socket.o [1]
sock_io_mode            0x2000'9368     0x2  Data  Lc  socket.o [1]
sock_is_sending         0x2000'936a     0x2  Data  Lc  socket.o [1]
sock_pack_info          0x2000'9238     0x8  Data  Gb  socket.o [1]
sock_remained_size      0x2000'91ac    0x10  Data  Lc  socket.o [1]
socket                   0x801'6699   0x184  Code  Gb  socket.o [1]
sprintf                  0x800'bb65    0x40  Code  Gb  sprintf.o [2]
strATcmd                0x2000'21c8     0x8  Data  Gb  user_modem.o [1]
strchr                   0x802'5af9          Code  Gb  strchr.o [4]
strcpy                   0x802'5a71          Code  Gb  strcpy.o [4]
strcspn                  0x802'603f    0x22  Code  Gb  strcspn.o [2]
strlen                   0x800'eeb1          Code  Gb  strlen.o [4]
strncpy                  0x802'5a89          Code  Gb  strncpy.o [4]
strspn                   0x802'601d    0x22  Code  Gb  strspn.o [2]
strstr                   0x802'6061    0x2c  Code  Gb  strstr.o [2]
strtok                   0x801'9101    0x4c  Code  Gb  strtok.o [2]
sztmp                   0x2000'7270   0x200  Data  Lc  user_adv_trace.o [1]
tiny_vsnprintf_like      0x801'1787   0x17e  Code  Gb  user_tiny_vsnprintf.o [1]
tolower                  0x802'528d    0x14  Code  Gb  tolower.o [2]
topicString             0x2000'9200     0xc  Data  Gb  user_mqtt.o [1]
uartSimBuffReceive      0x2000'5b50   0x4b0  Data  Gb  user_sim.o [1]
upper_digits            0x2000'2458     0x4  Data  Lc  user_tiny_vsnprintf.o [1]
uwTick                  0x2000'92c4     0x4  Data  Gb  stm32l4xx_hal.o [1]
uwTickFreq              0x2000'27ec     0x1  Data  Gb  stm32l4xx_hal.o [1]
uwTickPrio              0x2000'0fd0     0x4  Data  Gb  stm32l4xx_hal.o [1]
vcom_DeInit              0x800'd27f    0x1e  Code  Gb  user_app_comm.o [1]
vcom_Init                0x800'd277     0x8  Code  Gb  user_app_comm.o [1]
vcom_Trace_DMA           0x800'd29d    0x1c  Code  Gb  user_app_comm.o [1]
wiz_recv_data            0x801'2147    0x96  Code  Gb  w5500.o [1]
wiz_recv_ignore          0x801'21dd    0x6c  Code  Gb  w5500.o [1]
wiz_send_data            0x801'20b1    0x96  Code  Gb  w5500.o [1]
wizchip_bus_readdata     0x801'8a49     0x4  Code  Gb  wizchip_conf.o [1]
wizchip_bus_writedata    0x801'8a4d     0x4  Code  Gb  wizchip_conf.o [1]
wizchip_clrinterrupt     0x801'8d5f    0x44  Code  Gb  wizchip_conf.o [1]
wizchip_cris_enter       0x801'8a41     0x2  Code  Gb  wizchip_conf.o [1]
wizchip_cris_exit        0x801'8a43     0x2  Code  Gb  wizchip_conf.o [1]
wizchip_cs_deselect      0x801'8a47     0x2  Code  Gb  wizchip_conf.o [1]
wizchip_cs_select        0x801'8a45     0x2  Code  Gb  wizchip_conf.o [1]
wizchip_deselect         0x800'98e1    0x12  Code  Lc  user_app_ethernet.o [1]
wizchip_getinterrupt     0x801'8da3    0x2c  Code  Gb  wizchip_conf.o [1]
wizchip_getinterruptmask
                         0x801'8df1    0x28  Code  Gb  wizchip_conf.o [1]
wizchip_getnetinfo       0x801'9005    0x52  Code  Gb  wizchip_conf.o [1]
wizchip_getnetmode       0x801'909d     0xa  Code  Gb  wizchip_conf.o [1]
wizchip_gettimeout       0x801'90d3    0x2c  Code  Gb  wizchip_conf.o [1]
wizchip_init             0x801'8caf    0xb0  Code  Gb  wizchip_conf.o [1]
wizchip_read             0x800'98f3    0x2a  Code  Lc  user_app_ethernet.o [1]
wizchip_select           0x800'98cb    0x12  Code  Lc  user_app_ethernet.o [1]
wizchip_setinterruptmask
                         0x801'8dcf    0x22  Code  Gb  wizchip_conf.o [1]
wizchip_setnetinfo       0x801'8fb3    0x52  Code  Gb  wizchip_conf.o [1]
wizchip_setnetmode       0x801'9075    0x28  Code  Gb  wizchip_conf.o [1]
wizchip_settimeout       0x801'90a7    0x2c  Code  Gb  wizchip_conf.o [1]
wizchip_spi_readbyte     0x801'8a51     0x4  Code  Gb  wizchip_conf.o [1]
wizchip_spi_writebyte    0x801'8a55     0x2  Code  Gb  wizchip_conf.o [1]
wizchip_sw_reset         0x801'8c39    0x76  Code  Gb  wizchip_conf.o [1]
wizchip_write            0x800'9921    0x20  Code  Lc  user_app_ethernet.o [1]
wizphy_getphyconf        0x801'8ed7    0x76  Code  Gb  wizchip_conf.o [1]
wizphy_getphylink        0x801'8e19    0x18  Code  Gb  wizchip_conf.o [1]
wizphy_getphypmode       0x801'8e31    0x1e  Code  Gb  wizchip_conf.o [1]
wizphy_reset             0x801'8e4f    0x34  Code  Gb  wizchip_conf.o [1]
wizphy_setphyconf        0x801'8e83    0x54  Code  Gb  wizchip_conf.o [1]
wizphy_setphypmode       0x801'8f4d    0x66  Code  Gb  wizchip_conf.o [1]
writeCString             0x802'b973    0x2a  Code  Gb  MQTTPacket.o [1]
writeChar                0x802'b93d     0xc  Code  Gb  MQTTPacket.o [1]
writeInt                 0x802'b949    0x2a  Code  Gb  MQTTPacket.o [1]
writeMQTTString          0x802'b99d    0x42  Code  Gb  MQTTPacket.o [1]


[1] = D:\Saoviet_Git\Saoviet_EnviroTrack\Project_Raw_Water\1.Source_Code_L496\wm_gsm_ethernet_v3\EWARM\wm_gsm_ethernet_v3\Obj
[2] = dl7M_tlf.a
[3] = m7M_tls.a
[4] = rt7M_tl.a
[5] = shb_l.a

  164'307 bytes of readonly  code memory
   22'905 bytes of readonly  data memory
   40'387 bytes of readwrite data memory

Errors: none
Warnings: none
